
> mybusinessui@1.0.0 test
> jest --reporters=default

PASS __tests__/components/RoleItem.test.tsx
  ● Console

    console.error
      An update to Icon inside a test was not wrapped in act(...).
      
      When testing, code that causes React state updates should be wrapped into act(...):
      
      act(() => {
        /* fire events that update state */
      });
      /* assert on the output */
      
      This ensures that you're testing the behavior the user would see in the browser. Learn more at https://react.dev/link/wrap-tests-with-act

      at node_modules/react-test-renderer/cjs/react-test-renderer.development.js:11801:19
      at runWithFiberInDEV (node_modules/react-test-renderer/cjs/react-test-renderer.development.js:1574:13)
      at warnIfUpdatesNotWrappedWithActDEV (node_modules/react-test-renderer/cjs/react-test-renderer.development.js:11800:9)
      at scheduleUpdateOnFiber (node_modules/react-test-renderer/cjs/react-test-renderer.development.js:10326:9)
      at Object.enqueueSetState (node_modules/react-test-renderer/cjs/react-test-renderer.development.js:14179:14)
      at Icon.Object.<anonymous>.process.env.NODE_ENV.Component.setState (node_modules/react/cjs/react.development.js:632:20)
      at Icon.setState (node_modules/@expo/vector-icons/src/createIconSet.tsx:181:31)
      at asyncGeneratorStep (node_modules/@babel/runtime/helpers/asyncToGenerator.js:3:17)
      at _next (node_modules/@babel/runtime/helpers/asyncToGenerator.js:17:9)

PASS __tests__/screens/ReportScreen.test.tsx
PASS __tests__/components/ReportItem.test.tsx
FAIL __tests__/screens/AddExpenseScreen.test.tsx
  ● Console

    console.warn
      SafeAreaView has been deprecated and will be removed in a future release. Please use 'react-native-safe-area-context' instead. See https://github.com/th3rdwave/react-native-safe-area-context

      57 |       },
      58 |     ];
    > 59 |     const { queryByTestId, getByTestId } = render(
         |                                                  ^
      60 |       <RecoilRoot
      61 |         initializeState={(snapshot) => snapshot.set(expenseTypesState, types)}
      62 |       >

      at warn (node_modules/react-native/Libraries/Utilities/warnOnce.js:27:11)
      at Object.warnOnce [as SafeAreaView] (node_modules/react-native/index.js:92:5)
      at SafeAreaView (node_modules/react-native-dropdown-picker/src/components/Picker.js:1762:14)
      at mountMemo (node_modules/react-test-renderer/cjs/react-test-renderer.development.js:3859:23)
      at Object.useMemo (node_modules/react-test-renderer/cjs/react-test-renderer.development.js:13093:18)
      at Object.<anonymous>.process.env.NODE_ENV.exports.useMemo (node_modules/react/cjs/react.development.js:1209:34)
      at Picker (node_modules/react-native-dropdown-picker/src/components/Picker.js:1760:43)
      at Object.react-stack-bottom-frame (node_modules/react-test-renderer/cjs/react-test-renderer.development.js:13976:20)
      at renderWithHooks (node_modules/react-test-renderer/cjs/react-test-renderer.development.js:2866:22)
      at updateFunctionComponent (node_modules/react-test-renderer/cjs/react-test-renderer.development.js:6006:19)
      at updateSimpleMemoComponent (node_modules/react-test-renderer/cjs/react-test-renderer.development.js:5862:14)
      at updateMemoComponent (node_modules/react-test-renderer/cjs/react-test-renderer.development.js:5795:13)
      at beginWork (node_modules/react-test-renderer/cjs/react-test-renderer.development.js:7673:18)
      at runWithFiberInDEV (node_modules/react-test-renderer/cjs/react-test-renderer.development.js:1574:13)
      at performUnitOfWork (node_modules/react-test-renderer/cjs/react-test-renderer.development.js:10972:22)
      at workLoopSync (node_modules/react-test-renderer/cjs/react-test-renderer.development.js:10816:41)
      at renderRootSync (node_modules/react-test-renderer/cjs/react-test-renderer.development.js:10797:11)
      at performWorkOnRoot (node_modules/react-test-renderer/cjs/react-test-renderer.development.js:10349:13)
      at performWorkOnRootViaSchedulerTask (node_modules/react-test-renderer/cjs/react-test-renderer.development.js:2094:7)
      at flushActQueue (node_modules/react/cjs/react.development.js:566:34)
      at Object.<anonymous>.process.env.NODE_ENV.exports.act (node_modules/react/cjs/react.development.js:859:10)
      at actImplementation (node_modules/@testing-library/react-native/src/act.ts:30:25)
      at renderWithAct (node_modules/@testing-library/react-native/src/render-act.ts:12:11)
      at renderInternal (node_modules/@testing-library/react-native/src/render.tsx:81:33)
      at renderInternal (node_modules/@testing-library/react-native/src/render.tsx:44:10)
      at Object.<anonymous> (__tests__/screens/AddExpenseScreen.test.tsx:59:50)

    console.error
      An update to Icon inside a test was not wrapped in act(...).
      
      When testing, code that causes React state updates should be wrapped into act(...):
      
      act(() => {
        /* fire events that update state */
      });
      /* assert on the output */
      
      This ensures that you're testing the behavior the user would see in the browser. Learn more at https://react.dev/link/wrap-tests-with-act

      at node_modules/react-test-renderer/cjs/react-test-renderer.development.js:11801:19
      at runWithFiberInDEV (node_modules/react-test-renderer/cjs/react-test-renderer.development.js:1574:13)
      at warnIfUpdatesNotWrappedWithActDEV (node_modules/react-test-renderer/cjs/react-test-renderer.development.js:11800:9)
      at scheduleUpdateOnFiber (node_modules/react-test-renderer/cjs/react-test-renderer.development.js:10326:9)
      at Object.enqueueSetState (node_modules/react-test-renderer/cjs/react-test-renderer.development.js:14179:14)
      at Icon.Object.<anonymous>.process.env.NODE_ENV.Component.setState (node_modules/react/cjs/react.development.js:632:20)
      at Icon.setState (node_modules/@expo/vector-icons/src/createIconSet.tsx:181:31)
      at asyncGeneratorStep (node_modules/@babel/runtime/helpers/asyncToGenerator.js:3:17)
      at _next (node_modules/@babel/runtime/helpers/asyncToGenerator.js:17:9)

    console.error
      An update to Icon inside a test was not wrapped in act(...).
      
      When testing, code that causes React state updates should be wrapped into act(...):
      
      act(() => {
        /* fire events that update state */
      });
      /* assert on the output */
      
      This ensures that you're testing the behavior the user would see in the browser. Learn more at https://react.dev/link/wrap-tests-with-act

      at node_modules/react-test-renderer/cjs/react-test-renderer.development.js:11801:19
      at runWithFiberInDEV (node_modules/react-test-renderer/cjs/react-test-renderer.development.js:1574:13)
      at warnIfUpdatesNotWrappedWithActDEV (node_modules/react-test-renderer/cjs/react-test-renderer.development.js:11800:9)
      at scheduleUpdateOnFiber (node_modules/react-test-renderer/cjs/react-test-renderer.development.js:10326:9)
      at Object.enqueueSetState (node_modules/react-test-renderer/cjs/react-test-renderer.development.js:14179:14)
      at Icon.Object.<anonymous>.process.env.NODE_ENV.Component.setState (node_modules/react/cjs/react.development.js:632:20)
      at Icon.setState (node_modules/@expo/vector-icons/src/createIconSet.tsx:181:31)
      at asyncGeneratorStep (node_modules/@babel/runtime/helpers/asyncToGenerator.js:3:17)
      at _next (node_modules/@babel/runtime/helpers/asyncToGenerator.js:17:9)

    console.error
      An update to Icon inside a test was not wrapped in act(...).
      
      When testing, code that causes React state updates should be wrapped into act(...):
      
      act(() => {
        /* fire events that update state */
      });
      /* assert on the output */
      
      This ensures that you're testing the behavior the user would see in the browser. Learn more at https://react.dev/link/wrap-tests-with-act

      at node_modules/react-test-renderer/cjs/react-test-renderer.development.js:11801:19
      at runWithFiberInDEV (node_modules/react-test-renderer/cjs/react-test-renderer.development.js:1574:13)
      at warnIfUpdatesNotWrappedWithActDEV (node_modules/react-test-renderer/cjs/react-test-renderer.development.js:11800:9)
      at scheduleUpdateOnFiber (node_modules/react-test-renderer/cjs/react-test-renderer.development.js:10326:9)
      at Object.enqueueSetState (node_modules/react-test-renderer/cjs/react-test-renderer.development.js:14179:14)
      at Icon.Object.<anonymous>.process.env.NODE_ENV.Component.setState (node_modules/react/cjs/react.development.js:632:20)
      at Icon.setState (node_modules/@expo/vector-icons/src/createIconSet.tsx:181:31)
      at asyncGeneratorStep (node_modules/@babel/runtime/helpers/asyncToGenerator.js:3:17)
      at _next (node_modules/@babel/runtime/helpers/asyncToGenerator.js:17:9)

  ● AddExpenseScreen › should change selected expense type and receiving user state accordingly to isReceivingUser

    expect(received).toBeTruthy()

    Received: null

      78 |     const tagsPicker = queryByTestId("tags-picker");
      79 |
    > 80 |     expect(userPicker).toBeTruthy();
         |                        ^
      81 |     expect(tagsPicker).toBeFalsy();
      82 |   });
      83 |

      at Object.toBeTruthy (__tests__/screens/AddExpenseScreen.test.tsx:80:24)

PASS __tests__/screens/AddUserScreenTest.tsx
  ● Console

    console.warn
      The native view manager for module(ExpoContactAccessButton) ) from NativeViewManagerAdapter isn't exported by expo-modules-core. Views of this type may not render correctly. Exported view managers: [ExpoAppleAuthentication, ExpoBlurView, ExpoCamera, ExpoDomWebViewModule, ExpoImage, ExpoLinearGradient, ExpoLivePhoto, ExponentGLView, ExpoRouterNativeLinkPreview, ExpoVideo, ExpoVideoView, SymbolModule].

       9 |   Searchbar,
      10 | } from "react-native-paper";
    > 11 | import * as Contacts from "expo-contacts";
         | ^
      12 | import { StyleProp } from "react-native/Libraries/StyleSheet/StyleSheet";
      13 | import { ViewStyle } from "react-native/Libraries/StyleSheet/StyleSheetTypes";
      14 | import Modal from "./Modal";

      at Object.warn (node_modules/expo-modules-core/src/NativeViewManagerAdapter.native.tsx:113:13)
      at requireNativeViewManager (node_modules/jest-expo/src/preset/setup.js:289:32)
      at Object.<anonymous> (node_modules/expo-contacts/src/ContactAccessButton.tsx:65:48)
      at Object.require (node_modules/expo-contacts/src/index.ts:2:1)
      at Object.require (components/common/PhoneNumberInput.tsx:11:1)
      at Object.require (screens/AddUserScreen.tsx:19:1)
      at Object.require (__tests__/screens/AddUserScreenTest.tsx:11:1)

PASS __tests__/screens/UserReportScreen.test.tsx
  ● Console

    console.error
      An update to UserReportScreen inside a test was not wrapped in act(...).
      
      When testing, code that causes React state updates should be wrapped into act(...):
      
      act(() => {
        /* fire events that update state */
      });
      /* assert on the output */
      
      This ensures that you're testing the behavior the user would see in the browser. Learn more at https://react.dev/link/wrap-tests-with-act

      125 |
      126 |       if (reportsData.length < limit) {
    > 127 |         setHasMore(false);
          |         ^
      128 |       }
      129 |
      130 |       const formattedData = reportsData.map((report) => ({

      at node_modules/react-test-renderer/cjs/react-test-renderer.development.js:11801:19
      at runWithFiberInDEV (node_modules/react-test-renderer/cjs/react-test-renderer.development.js:1574:13)
      at warnIfUpdatesNotWrappedWithActDEV (node_modules/react-test-renderer/cjs/react-test-renderer.development.js:11800:9)
      at scheduleUpdateOnFiber (node_modules/react-test-renderer/cjs/react-test-renderer.development.js:10326:9)
      at dispatchSetStateInternal (node_modules/react-test-renderer/cjs/react-test-renderer.development.js:4148:13)
      at dispatchSetState (node_modules/react-test-renderer/cjs/react-test-renderer.development.js:4107:7)
      at setHasMore (screens/UserReportScreen.tsx:127:9)
      at asyncGeneratorStep (node_modules/@babel/runtime/helpers/asyncToGenerator.js:3:17)
      at _next (node_modules/@babel/runtime/helpers/asyncToGenerator.js:17:9)

    console.error
      An update to UserReportScreen inside a test was not wrapped in act(...).
      
      When testing, code that causes React state updates should be wrapped into act(...):
      
      act(() => {
        /* fire events that update state */
      });
      /* assert on the output */
      
      This ensures that you're testing the behavior the user would see in the browser. Learn more at https://react.dev/link/wrap-tests-with-act

      134 |
      135 |       if (reset) {
    > 136 |         setReports(formattedData);
          |         ^
      137 |       } else {
      138 |         setReports((prevReports) => [...prevReports, ...formattedData]);
      139 |       }

      at node_modules/react-test-renderer/cjs/react-test-renderer.development.js:11801:19
      at runWithFiberInDEV (node_modules/react-test-renderer/cjs/react-test-renderer.development.js:1574:13)
      at warnIfUpdatesNotWrappedWithActDEV (node_modules/react-test-renderer/cjs/react-test-renderer.development.js:11800:9)
      at scheduleUpdateOnFiber (node_modules/react-test-renderer/cjs/react-test-renderer.development.js:10326:9)
      at forceStoreRerender (node_modules/react-test-renderer/cjs/react-test-renderer.development.js:3430:24)
      at node_modules/react-test-renderer/cjs/react-test-renderer.development.js:3415:41
      at notifyComponents (node_modules/recoil/cjs/index.js:4252:9)
      at Object.replaceState (node_modules/recoil/cjs/index.js:4550:7)
      at applyActionsToStore (node_modules/recoil/cjs/index.js:2880:9)
      at queueOrPerformStateUpdate (node_modules/recoil/cjs/index.js:2904:5)
      at setRecoilValue (node_modules/recoil/cjs/index.js:2947:3)
      at node_modules/recoil/cjs/index.js:5394:5
      at setReports (screens/UserReportScreen.tsx:136:9)
      at asyncGeneratorStep (node_modules/@babel/runtime/helpers/asyncToGenerator.js:3:17)
      at _next (node_modules/@babel/runtime/helpers/asyncToGenerator.js:17:9)

    console.error
      An update to Batcher inside a test was not wrapped in act(...).
      
      When testing, code that causes React state updates should be wrapped into act(...):
      
      act(() => {
        /* fire events that update state */
      });
      /* assert on the output */
      
      This ensures that you're testing the behavior the user would see in the browser. Learn more at https://react.dev/link/wrap-tests-with-act

      134 |
      135 |       if (reset) {
    > 136 |         setReports(formattedData);
          |         ^
      137 |       } else {
      138 |         setReports((prevReports) => [...prevReports, ...formattedData]);
      139 |       }

      at node_modules/react-test-renderer/cjs/react-test-renderer.development.js:11801:19
      at runWithFiberInDEV (node_modules/react-test-renderer/cjs/react-test-renderer.development.js:1574:13)
      at warnIfUpdatesNotWrappedWithActDEV (node_modules/react-test-renderer/cjs/react-test-renderer.development.js:11800:9)
      at scheduleUpdateOnFiber (node_modules/react-test-renderer/cjs/react-test-renderer.development.js:10326:9)
      at dispatchSetStateInternal (node_modules/react-test-renderer/cjs/react-test-renderer.development.js:4148:13)
      at dispatchSetState (node_modules/react-test-renderer/cjs/react-test-renderer.development.js:4107:7)
      at node_modules/recoil/cjs/index.js:4353:34
      at Object.replaceState (node_modules/recoil/cjs/index.js:4553:53)
      at applyActionsToStore (node_modules/recoil/cjs/index.js:2880:9)
      at queueOrPerformStateUpdate (node_modules/recoil/cjs/index.js:2904:5)
      at setRecoilValue (node_modules/recoil/cjs/index.js:2947:3)
      at node_modules/recoil/cjs/index.js:5394:5
      at setReports (screens/UserReportScreen.tsx:136:9)
      at asyncGeneratorStep (node_modules/@babel/runtime/helpers/asyncToGenerator.js:3:17)
      at _next (node_modules/@babel/runtime/helpers/asyncToGenerator.js:17:9)

    console.error
      An update to UserReportScreen inside a test was not wrapped in act(...).
      
      When testing, code that causes React state updates should be wrapped into act(...):
      
      act(() => {
        /* fire events that update state */
      });
      /* assert on the output */
      
      This ensures that you're testing the behavior the user would see in the browser. Learn more at https://react.dev/link/wrap-tests-with-act

      139 |       }
      140 |
    > 141 |       setOffset((prevOffset) => prevOffset + limit);
          |       ^
      142 |     } catch (fetchError) {
      143 |       setError(
      144 |         fetchError.message || "Error fetching reports. Please try again.",

      at node_modules/react-test-renderer/cjs/react-test-renderer.development.js:11801:19
      at runWithFiberInDEV (node_modules/react-test-renderer/cjs/react-test-renderer.development.js:1574:13)
      at warnIfUpdatesNotWrappedWithActDEV (node_modules/react-test-renderer/cjs/react-test-renderer.development.js:11800:9)
      at scheduleUpdateOnFiber (node_modules/react-test-renderer/cjs/react-test-renderer.development.js:10326:9)
      at dispatchSetStateInternal (node_modules/react-test-renderer/cjs/react-test-renderer.development.js:4148:13)
      at dispatchSetState (node_modules/react-test-renderer/cjs/react-test-renderer.development.js:4107:7)
      at setOffset (screens/UserReportScreen.tsx:141:7)
      at asyncGeneratorStep (node_modules/@babel/runtime/helpers/asyncToGenerator.js:3:17)
      at _next (node_modules/@babel/runtime/helpers/asyncToGenerator.js:17:9)

    console.error
      An update to UserReportScreen inside a test was not wrapped in act(...).
      
      When testing, code that causes React state updates should be wrapped into act(...):
      
      act(() => {
        /* fire events that update state */
      });
      /* assert on the output */
      
      This ensures that you're testing the behavior the user would see in the browser. Learn more at https://react.dev/link/wrap-tests-with-act

      146 |       setHasMore(false);
      147 |     } finally {
    > 148 |       setIsRefreshing(false);
          |       ^
      149 |     }
      150 |   };
      151 |

      at node_modules/react-test-renderer/cjs/react-test-renderer.development.js:11801:19
      at runWithFiberInDEV (node_modules/react-test-renderer/cjs/react-test-renderer.development.js:1574:13)
      at warnIfUpdatesNotWrappedWithActDEV (node_modules/react-test-renderer/cjs/react-test-renderer.development.js:11800:9)
      at scheduleUpdateOnFiber (node_modules/react-test-renderer/cjs/react-test-renderer.development.js:10326:9)
      at dispatchSetStateInternal (node_modules/react-test-renderer/cjs/react-test-renderer.development.js:4148:13)
      at dispatchSetState (node_modules/react-test-renderer/cjs/react-test-renderer.development.js:4107:7)
      at setIsRefreshing (screens/UserReportScreen.tsx:148:7)
      at asyncGeneratorStep (node_modules/@babel/runtime/helpers/asyncToGenerator.js:3:17)
      at _next (node_modules/@babel/runtime/helpers/asyncToGenerator.js:17:9)

    console.error
      An update to Icon inside a test was not wrapped in act(...).
      
      When testing, code that causes React state updates should be wrapped into act(...):
      
      act(() => {
        /* fire events that update state */
      });
      /* assert on the output */
      
      This ensures that you're testing the behavior the user would see in the browser. Learn more at https://react.dev/link/wrap-tests-with-act

      at node_modules/react-test-renderer/cjs/react-test-renderer.development.js:11801:19
      at runWithFiberInDEV (node_modules/react-test-renderer/cjs/react-test-renderer.development.js:1574:13)
      at warnIfUpdatesNotWrappedWithActDEV (node_modules/react-test-renderer/cjs/react-test-renderer.development.js:11800:9)
      at scheduleUpdateOnFiber (node_modules/react-test-renderer/cjs/react-test-renderer.development.js:10326:9)
      at Object.enqueueSetState (node_modules/react-test-renderer/cjs/react-test-renderer.development.js:14179:14)
      at Icon.Object.<anonymous>.process.env.NODE_ENV.Component.setState (node_modules/react/cjs/react.development.js:632:20)
      at Icon.setState (node_modules/@expo/vector-icons/src/createIconSet.tsx:181:31)
      at asyncGeneratorStep (node_modules/@babel/runtime/helpers/asyncToGenerator.js:3:17)
      at _next (node_modules/@babel/runtime/helpers/asyncToGenerator.js:17:9)

    console.error
      An update to Icon inside a test was not wrapped in act(...).
      
      When testing, code that causes React state updates should be wrapped into act(...):
      
      act(() => {
        /* fire events that update state */
      });
      /* assert on the output */
      
      This ensures that you're testing the behavior the user would see in the browser. Learn more at https://react.dev/link/wrap-tests-with-act

      at node_modules/react-test-renderer/cjs/react-test-renderer.development.js:11801:19
      at runWithFiberInDEV (node_modules/react-test-renderer/cjs/react-test-renderer.development.js:1574:13)
      at warnIfUpdatesNotWrappedWithActDEV (node_modules/react-test-renderer/cjs/react-test-renderer.development.js:11800:9)
      at scheduleUpdateOnFiber (node_modules/react-test-renderer/cjs/react-test-renderer.development.js:10326:9)
      at Object.enqueueSetState (node_modules/react-test-renderer/cjs/react-test-renderer.development.js:14179:14)
      at Icon.Object.<anonymous>.process.env.NODE_ENV.Component.setState (node_modules/react/cjs/react.development.js:632:20)
      at Icon.setState (node_modules/@expo/vector-icons/src/createIconSet.tsx:181:31)
      at asyncGeneratorStep (node_modules/@babel/runtime/helpers/asyncToGenerator.js:3:17)
      at _next (node_modules/@babel/runtime/helpers/asyncToGenerator.js:17:9)

    console.error
      An update to Icon inside a test was not wrapped in act(...).
      
      When testing, code that causes React state updates should be wrapped into act(...):
      
      act(() => {
        /* fire events that update state */
      });
      /* assert on the output */
      
      This ensures that you're testing the behavior the user would see in the browser. Learn more at https://react.dev/link/wrap-tests-with-act

      at node_modules/react-test-renderer/cjs/react-test-renderer.development.js:11801:19
      at runWithFiberInDEV (node_modules/react-test-renderer/cjs/react-test-renderer.development.js:1574:13)
      at warnIfUpdatesNotWrappedWithActDEV (node_modules/react-test-renderer/cjs/react-test-renderer.development.js:11800:9)
      at scheduleUpdateOnFiber (node_modules/react-test-renderer/cjs/react-test-renderer.development.js:10326:9)
      at Object.enqueueSetState (node_modules/react-test-renderer/cjs/react-test-renderer.development.js:14179:14)
      at Icon.Object.<anonymous>.process.env.NODE_ENV.Component.setState (node_modules/react/cjs/react.development.js:632:20)
      at Icon.setState (node_modules/@expo/vector-icons/src/createIconSet.tsx:181:31)
      at asyncGeneratorStep (node_modules/@babel/runtime/helpers/asyncToGenerator.js:3:17)
      at _next (node_modules/@babel/runtime/helpers/asyncToGenerator.js:17:9)

    console.error
      An update to ForwardRef inside a test was not wrapped in act(...).
      
      When testing, code that causes React state updates should be wrapped into act(...):
      
      act(() => {
        /* fire events that update state */
      });
      /* assert on the output */
      
      This ensures that you're testing the behavior the user would see in the browser. Learn more at https://react.dev/link/wrap-tests-with-act

      at node_modules/react-test-renderer/cjs/react-test-renderer.development.js:11801:19
      at runWithFiberInDEV (node_modules/react-test-renderer/cjs/react-test-renderer.development.js:1574:13)
      at warnIfUpdatesNotWrappedWithActDEV (node_modules/react-test-renderer/cjs/react-test-renderer.development.js:11800:9)
      at scheduleUpdateOnFiber (node_modules/react-test-renderer/cjs/react-test-renderer.development.js:10326:9)
      at dispatchSetStateInternal (node_modules/react-test-renderer/cjs/react-test-renderer.development.js:4148:13)
      at dispatchSetState (node_modules/react-test-renderer/cjs/react-test-renderer.development.js:4107:7)
      at Timeout.setDisplayPlaceholder [as _onTimeout] (node_modules/react-native-paper/src/components/TextInput/TextInput.tsx:340:19)

    console.error
      An update to VirtualizedList inside a test was not wrapped in act(...).
      
      When testing, code that causes React state updates should be wrapped into act(...):
      
      act(() => {
        /* fire events that update state */
      });
      /* assert on the output */
      
      This ensures that you're testing the behavior the user would see in the browser. Learn more at https://react.dev/link/wrap-tests-with-act

      at node_modules/react-test-renderer/cjs/react-test-renderer.development.js:11801:19
      at runWithFiberInDEV (node_modules/react-test-renderer/cjs/react-test-renderer.development.js:1574:13)
      at warnIfUpdatesNotWrappedWithActDEV (node_modules/react-test-renderer/cjs/react-test-renderer.development.js:11800:9)
      at scheduleUpdateOnFiber (node_modules/react-test-renderer/cjs/react-test-renderer.development.js:10326:9)
      at Object.enqueueSetState (node_modules/react-test-renderer/cjs/react-test-renderer.development.js:14179:14)
      at VirtualizedList.Object.<anonymous>.process.env.NODE_ENV.Component.setState (node_modules/react/cjs/react.development.js:632:20)
      at node_modules/@babel/runtime/helpers/superPropGet.js:6:14
      at VirtualizedList.setState (node_modules/react-native/node_modules/@react-native/virtualized-lists/Lists/StateSafePureComponent.js:39:7)
      at VirtualizedList.setState [as _updateCellsToRender] (node_modules/react-native/node_modules/@react-native/virtualized-lists/Lists/VirtualizedList.js:1907:10)
      at Timeout._updateCellsToRender [as _onTimeout] (node_modules/react-native/node_modules/@react-native/virtualized-lists/Lists/VirtualizedList.js:1804:16)

    console.error
      An update to UserReportScreen inside a test was not wrapped in act(...).
      
      When testing, code that causes React state updates should be wrapped into act(...):
      
      act(() => {
        /* fire events that update state */
      });
      /* assert on the output */
      
      This ensures that you're testing the behavior the user would see in the browser. Learn more at https://react.dev/link/wrap-tests-with-act

      125 |
      126 |       if (reportsData.length < limit) {
    > 127 |         setHasMore(false);
          |         ^
      128 |       }
      129 |
      130 |       const formattedData = reportsData.map((report) => ({

      at node_modules/react-test-renderer/cjs/react-test-renderer.development.js:11801:19
      at runWithFiberInDEV (node_modules/react-test-renderer/cjs/react-test-renderer.development.js:1574:13)
      at warnIfUpdatesNotWrappedWithActDEV (node_modules/react-test-renderer/cjs/react-test-renderer.development.js:11800:9)
      at scheduleUpdateOnFiber (node_modules/react-test-renderer/cjs/react-test-renderer.development.js:10326:9)
      at dispatchSetStateInternal (node_modules/react-test-renderer/cjs/react-test-renderer.development.js:4148:13)
      at dispatchSetState (node_modules/react-test-renderer/cjs/react-test-renderer.development.js:4107:7)
      at setHasMore (screens/UserReportScreen.tsx:127:9)
      at asyncGeneratorStep (node_modules/@babel/runtime/helpers/asyncToGenerator.js:3:17)
      at _next (node_modules/@babel/runtime/helpers/asyncToGenerator.js:17:9)

    console.error
      An update to UserReportScreen inside a test was not wrapped in act(...).
      
      When testing, code that causes React state updates should be wrapped into act(...):
      
      act(() => {
        /* fire events that update state */
      });
      /* assert on the output */
      
      This ensures that you're testing the behavior the user would see in the browser. Learn more at https://react.dev/link/wrap-tests-with-act

      134 |
      135 |       if (reset) {
    > 136 |         setReports(formattedData);
          |         ^
      137 |       } else {
      138 |         setReports((prevReports) => [...prevReports, ...formattedData]);
      139 |       }

      at node_modules/react-test-renderer/cjs/react-test-renderer.development.js:11801:19
      at runWithFiberInDEV (node_modules/react-test-renderer/cjs/react-test-renderer.development.js:1574:13)
      at warnIfUpdatesNotWrappedWithActDEV (node_modules/react-test-renderer/cjs/react-test-renderer.development.js:11800:9)
      at scheduleUpdateOnFiber (node_modules/react-test-renderer/cjs/react-test-renderer.development.js:10326:9)
      at forceStoreRerender (node_modules/react-test-renderer/cjs/react-test-renderer.development.js:3430:24)
      at node_modules/react-test-renderer/cjs/react-test-renderer.development.js:3415:41
      at notifyComponents (node_modules/recoil/cjs/index.js:4252:9)
      at Object.replaceState (node_modules/recoil/cjs/index.js:4550:7)
      at applyActionsToStore (node_modules/recoil/cjs/index.js:2880:9)
      at queueOrPerformStateUpdate (node_modules/recoil/cjs/index.js:2904:5)
      at setRecoilValue (node_modules/recoil/cjs/index.js:2947:3)
      at node_modules/recoil/cjs/index.js:5394:5
      at setReports (screens/UserReportScreen.tsx:136:9)
      at asyncGeneratorStep (node_modules/@babel/runtime/helpers/asyncToGenerator.js:3:17)
      at _next (node_modules/@babel/runtime/helpers/asyncToGenerator.js:17:9)

    console.error
      An update to Batcher inside a test was not wrapped in act(...).
      
      When testing, code that causes React state updates should be wrapped into act(...):
      
      act(() => {
        /* fire events that update state */
      });
      /* assert on the output */
      
      This ensures that you're testing the behavior the user would see in the browser. Learn more at https://react.dev/link/wrap-tests-with-act

      134 |
      135 |       if (reset) {
    > 136 |         setReports(formattedData);
          |         ^
      137 |       } else {
      138 |         setReports((prevReports) => [...prevReports, ...formattedData]);
      139 |       }

      at node_modules/react-test-renderer/cjs/react-test-renderer.development.js:11801:19
      at runWithFiberInDEV (node_modules/react-test-renderer/cjs/react-test-renderer.development.js:1574:13)
      at warnIfUpdatesNotWrappedWithActDEV (node_modules/react-test-renderer/cjs/react-test-renderer.development.js:11800:9)
      at scheduleUpdateOnFiber (node_modules/react-test-renderer/cjs/react-test-renderer.development.js:10326:9)
      at dispatchSetStateInternal (node_modules/react-test-renderer/cjs/react-test-renderer.development.js:4148:13)
      at dispatchSetState (node_modules/react-test-renderer/cjs/react-test-renderer.development.js:4107:7)
      at node_modules/recoil/cjs/index.js:4353:34
      at Object.replaceState (node_modules/recoil/cjs/index.js:4553:53)
      at applyActionsToStore (node_modules/recoil/cjs/index.js:2880:9)
      at queueOrPerformStateUpdate (node_modules/recoil/cjs/index.js:2904:5)
      at setRecoilValue (node_modules/recoil/cjs/index.js:2947:3)
      at node_modules/recoil/cjs/index.js:5394:5
      at setReports (screens/UserReportScreen.tsx:136:9)
      at asyncGeneratorStep (node_modules/@babel/runtime/helpers/asyncToGenerator.js:3:17)
      at _next (node_modules/@babel/runtime/helpers/asyncToGenerator.js:17:9)

    console.error
      An update to UserReportScreen inside a test was not wrapped in act(...).
      
      When testing, code that causes React state updates should be wrapped into act(...):
      
      act(() => {
        /* fire events that update state */
      });
      /* assert on the output */
      
      This ensures that you're testing the behavior the user would see in the browser. Learn more at https://react.dev/link/wrap-tests-with-act

      139 |       }
      140 |
    > 141 |       setOffset((prevOffset) => prevOffset + limit);
          |       ^
      142 |     } catch (fetchError) {
      143 |       setError(
      144 |         fetchError.message || "Error fetching reports. Please try again.",

      at node_modules/react-test-renderer/cjs/react-test-renderer.development.js:11801:19
      at runWithFiberInDEV (node_modules/react-test-renderer/cjs/react-test-renderer.development.js:1574:13)
      at warnIfUpdatesNotWrappedWithActDEV (node_modules/react-test-renderer/cjs/react-test-renderer.development.js:11800:9)
      at scheduleUpdateOnFiber (node_modules/react-test-renderer/cjs/react-test-renderer.development.js:10326:9)
      at dispatchSetStateInternal (node_modules/react-test-renderer/cjs/react-test-renderer.development.js:4148:13)
      at dispatchSetState (node_modules/react-test-renderer/cjs/react-test-renderer.development.js:4107:7)
      at setOffset (screens/UserReportScreen.tsx:141:7)
      at asyncGeneratorStep (node_modules/@babel/runtime/helpers/asyncToGenerator.js:3:17)
      at _next (node_modules/@babel/runtime/helpers/asyncToGenerator.js:17:9)

    console.error
      An update to UserReportScreen inside a test was not wrapped in act(...).
      
      When testing, code that causes React state updates should be wrapped into act(...):
      
      act(() => {
        /* fire events that update state */
      });
      /* assert on the output */
      
      This ensures that you're testing the behavior the user would see in the browser. Learn more at https://react.dev/link/wrap-tests-with-act

      146 |       setHasMore(false);
      147 |     } finally {
    > 148 |       setIsRefreshing(false);
          |       ^
      149 |     }
      150 |   };
      151 |

      at node_modules/react-test-renderer/cjs/react-test-renderer.development.js:11801:19
      at runWithFiberInDEV (node_modules/react-test-renderer/cjs/react-test-renderer.development.js:1574:13)
      at warnIfUpdatesNotWrappedWithActDEV (node_modules/react-test-renderer/cjs/react-test-renderer.development.js:11800:9)
      at scheduleUpdateOnFiber (node_modules/react-test-renderer/cjs/react-test-renderer.development.js:10326:9)
      at dispatchSetStateInternal (node_modules/react-test-renderer/cjs/react-test-renderer.development.js:4148:13)
      at dispatchSetState (node_modules/react-test-renderer/cjs/react-test-renderer.development.js:4107:7)
      at setIsRefreshing (screens/UserReportScreen.tsx:148:7)
      at asyncGeneratorStep (node_modules/@babel/runtime/helpers/asyncToGenerator.js:3:17)
      at _next (node_modules/@babel/runtime/helpers/asyncToGenerator.js:17:9)

    console.error
      An update to UserReportScreen inside a test was not wrapped in act(...).
      
      When testing, code that causes React state updates should be wrapped into act(...):
      
      act(() => {
        /* fire events that update state */
      });
      /* assert on the output */
      
      This ensures that you're testing the behavior the user would see in the browser. Learn more at https://react.dev/link/wrap-tests-with-act

      125 |
      126 |       if (reportsData.length < limit) {
    > 127 |         setHasMore(false);
          |         ^
      128 |       }
      129 |
      130 |       const formattedData = reportsData.map((report) => ({

      at node_modules/react-test-renderer/cjs/react-test-renderer.development.js:11801:19
      at runWithFiberInDEV (node_modules/react-test-renderer/cjs/react-test-renderer.development.js:1574:13)
      at warnIfUpdatesNotWrappedWithActDEV (node_modules/react-test-renderer/cjs/react-test-renderer.development.js:11800:9)
      at scheduleUpdateOnFiber (node_modules/react-test-renderer/cjs/react-test-renderer.development.js:10326:9)
      at dispatchSetStateInternal (node_modules/react-test-renderer/cjs/react-test-renderer.development.js:4148:13)
      at dispatchSetState (node_modules/react-test-renderer/cjs/react-test-renderer.development.js:4107:7)
      at setHasMore (screens/UserReportScreen.tsx:127:9)
      at asyncGeneratorStep (node_modules/@babel/runtime/helpers/asyncToGenerator.js:3:17)
      at _next (node_modules/@babel/runtime/helpers/asyncToGenerator.js:17:9)

    console.error
      An update to UserReportScreen inside a test was not wrapped in act(...).
      
      When testing, code that causes React state updates should be wrapped into act(...):
      
      act(() => {
        /* fire events that update state */
      });
      /* assert on the output */
      
      This ensures that you're testing the behavior the user would see in the browser. Learn more at https://react.dev/link/wrap-tests-with-act

      134 |
      135 |       if (reset) {
    > 136 |         setReports(formattedData);
          |         ^
      137 |       } else {
      138 |         setReports((prevReports) => [...prevReports, ...formattedData]);
      139 |       }

      at node_modules/react-test-renderer/cjs/react-test-renderer.development.js:11801:19
      at runWithFiberInDEV (node_modules/react-test-renderer/cjs/react-test-renderer.development.js:1574:13)
      at warnIfUpdatesNotWrappedWithActDEV (node_modules/react-test-renderer/cjs/react-test-renderer.development.js:11800:9)
      at scheduleUpdateOnFiber (node_modules/react-test-renderer/cjs/react-test-renderer.development.js:10326:9)
      at forceStoreRerender (node_modules/react-test-renderer/cjs/react-test-renderer.development.js:3430:24)
      at node_modules/react-test-renderer/cjs/react-test-renderer.development.js:3415:41
      at notifyComponents (node_modules/recoil/cjs/index.js:4252:9)
      at Object.replaceState (node_modules/recoil/cjs/index.js:4550:7)
      at applyActionsToStore (node_modules/recoil/cjs/index.js:2880:9)
      at queueOrPerformStateUpdate (node_modules/recoil/cjs/index.js:2904:5)
      at setRecoilValue (node_modules/recoil/cjs/index.js:2947:3)
      at node_modules/recoil/cjs/index.js:5394:5
      at setReports (screens/UserReportScreen.tsx:136:9)
      at asyncGeneratorStep (node_modules/@babel/runtime/helpers/asyncToGenerator.js:3:17)
      at _next (node_modules/@babel/runtime/helpers/asyncToGenerator.js:17:9)

    console.error
      An update to Batcher inside a test was not wrapped in act(...).
      
      When testing, code that causes React state updates should be wrapped into act(...):
      
      act(() => {
        /* fire events that update state */
      });
      /* assert on the output */
      
      This ensures that you're testing the behavior the user would see in the browser. Learn more at https://react.dev/link/wrap-tests-with-act

      134 |
      135 |       if (reset) {
    > 136 |         setReports(formattedData);
          |         ^
      137 |       } else {
      138 |         setReports((prevReports) => [...prevReports, ...formattedData]);
      139 |       }

      at node_modules/react-test-renderer/cjs/react-test-renderer.development.js:11801:19
      at runWithFiberInDEV (node_modules/react-test-renderer/cjs/react-test-renderer.development.js:1574:13)
      at warnIfUpdatesNotWrappedWithActDEV (node_modules/react-test-renderer/cjs/react-test-renderer.development.js:11800:9)
      at scheduleUpdateOnFiber (node_modules/react-test-renderer/cjs/react-test-renderer.development.js:10326:9)
      at dispatchSetStateInternal (node_modules/react-test-renderer/cjs/react-test-renderer.development.js:4148:13)
      at dispatchSetState (node_modules/react-test-renderer/cjs/react-test-renderer.development.js:4107:7)
      at node_modules/recoil/cjs/index.js:4353:34
      at Object.replaceState (node_modules/recoil/cjs/index.js:4553:53)
      at applyActionsToStore (node_modules/recoil/cjs/index.js:2880:9)
      at queueOrPerformStateUpdate (node_modules/recoil/cjs/index.js:2904:5)
      at setRecoilValue (node_modules/recoil/cjs/index.js:2947:3)
      at node_modules/recoil/cjs/index.js:5394:5
      at setReports (screens/UserReportScreen.tsx:136:9)
      at asyncGeneratorStep (node_modules/@babel/runtime/helpers/asyncToGenerator.js:3:17)
      at _next (node_modules/@babel/runtime/helpers/asyncToGenerator.js:17:9)

    console.error
      An update to UserReportScreen inside a test was not wrapped in act(...).
      
      When testing, code that causes React state updates should be wrapped into act(...):
      
      act(() => {
        /* fire events that update state */
      });
      /* assert on the output */
      
      This ensures that you're testing the behavior the user would see in the browser. Learn more at https://react.dev/link/wrap-tests-with-act

      139 |       }
      140 |
    > 141 |       setOffset((prevOffset) => prevOffset + limit);
          |       ^
      142 |     } catch (fetchError) {
      143 |       setError(
      144 |         fetchError.message || "Error fetching reports. Please try again.",

      at node_modules/react-test-renderer/cjs/react-test-renderer.development.js:11801:19
      at runWithFiberInDEV (node_modules/react-test-renderer/cjs/react-test-renderer.development.js:1574:13)
      at warnIfUpdatesNotWrappedWithActDEV (node_modules/react-test-renderer/cjs/react-test-renderer.development.js:11800:9)
      at scheduleUpdateOnFiber (node_modules/react-test-renderer/cjs/react-test-renderer.development.js:10326:9)
      at dispatchSetStateInternal (node_modules/react-test-renderer/cjs/react-test-renderer.development.js:4148:13)
      at dispatchSetState (node_modules/react-test-renderer/cjs/react-test-renderer.development.js:4107:7)
      at setOffset (screens/UserReportScreen.tsx:141:7)
      at asyncGeneratorStep (node_modules/@babel/runtime/helpers/asyncToGenerator.js:3:17)
      at _next (node_modules/@babel/runtime/helpers/asyncToGenerator.js:17:9)

    console.error
      An update to UserReportScreen inside a test was not wrapped in act(...).
      
      When testing, code that causes React state updates should be wrapped into act(...):
      
      act(() => {
        /* fire events that update state */
      });
      /* assert on the output */
      
      This ensures that you're testing the behavior the user would see in the browser. Learn more at https://react.dev/link/wrap-tests-with-act

      146 |       setHasMore(false);
      147 |     } finally {
    > 148 |       setIsRefreshing(false);
          |       ^
      149 |     }
      150 |   };
      151 |

      at node_modules/react-test-renderer/cjs/react-test-renderer.development.js:11801:19
      at runWithFiberInDEV (node_modules/react-test-renderer/cjs/react-test-renderer.development.js:1574:13)
      at warnIfUpdatesNotWrappedWithActDEV (node_modules/react-test-renderer/cjs/react-test-renderer.development.js:11800:9)
      at scheduleUpdateOnFiber (node_modules/react-test-renderer/cjs/react-test-renderer.development.js:10326:9)
      at dispatchSetStateInternal (node_modules/react-test-renderer/cjs/react-test-renderer.development.js:4148:13)
      at dispatchSetState (node_modules/react-test-renderer/cjs/react-test-renderer.development.js:4107:7)
      at setIsRefreshing (screens/UserReportScreen.tsx:148:7)
      at asyncGeneratorStep (node_modules/@babel/runtime/helpers/asyncToGenerator.js:3:17)
      at _next (node_modules/@babel/runtime/helpers/asyncToGenerator.js:17:9)

    console.error
      An update to UserReportScreen inside a test was not wrapped in act(...).
      
      When testing, code that causes React state updates should be wrapped into act(...):
      
      act(() => {
        /* fire events that update state */
      });
      /* assert on the output */
      
      This ensures that you're testing the behavior the user would see in the browser. Learn more at https://react.dev/link/wrap-tests-with-act

      125 |
      126 |       if (reportsData.length < limit) {
    > 127 |         setHasMore(false);
          |         ^
      128 |       }
      129 |
      130 |       const formattedData = reportsData.map((report) => ({

      at node_modules/react-test-renderer/cjs/react-test-renderer.development.js:11801:19
      at runWithFiberInDEV (node_modules/react-test-renderer/cjs/react-test-renderer.development.js:1574:13)
      at warnIfUpdatesNotWrappedWithActDEV (node_modules/react-test-renderer/cjs/react-test-renderer.development.js:11800:9)
      at scheduleUpdateOnFiber (node_modules/react-test-renderer/cjs/react-test-renderer.development.js:10326:9)
      at dispatchSetStateInternal (node_modules/react-test-renderer/cjs/react-test-renderer.development.js:4148:13)
      at dispatchSetState (node_modules/react-test-renderer/cjs/react-test-renderer.development.js:4107:7)
      at setHasMore (screens/UserReportScreen.tsx:127:9)
      at asyncGeneratorStep (node_modules/@babel/runtime/helpers/asyncToGenerator.js:3:17)
      at _next (node_modules/@babel/runtime/helpers/asyncToGenerator.js:17:9)

    console.error
      An update to UserReportScreen inside a test was not wrapped in act(...).
      
      When testing, code that causes React state updates should be wrapped into act(...):
      
      act(() => {
        /* fire events that update state */
      });
      /* assert on the output */
      
      This ensures that you're testing the behavior the user would see in the browser. Learn more at https://react.dev/link/wrap-tests-with-act

      134 |
      135 |       if (reset) {
    > 136 |         setReports(formattedData);
          |         ^
      137 |       } else {
      138 |         setReports((prevReports) => [...prevReports, ...formattedData]);
      139 |       }

      at node_modules/react-test-renderer/cjs/react-test-renderer.development.js:11801:19
      at runWithFiberInDEV (node_modules/react-test-renderer/cjs/react-test-renderer.development.js:1574:13)
      at warnIfUpdatesNotWrappedWithActDEV (node_modules/react-test-renderer/cjs/react-test-renderer.development.js:11800:9)
      at scheduleUpdateOnFiber (node_modules/react-test-renderer/cjs/react-test-renderer.development.js:10326:9)
      at forceStoreRerender (node_modules/react-test-renderer/cjs/react-test-renderer.development.js:3430:24)
      at node_modules/react-test-renderer/cjs/react-test-renderer.development.js:3415:41
      at notifyComponents (node_modules/recoil/cjs/index.js:4252:9)
      at Object.replaceState (node_modules/recoil/cjs/index.js:4550:7)
      at applyActionsToStore (node_modules/recoil/cjs/index.js:2880:9)
      at queueOrPerformStateUpdate (node_modules/recoil/cjs/index.js:2904:5)
      at setRecoilValue (node_modules/recoil/cjs/index.js:2947:3)
      at node_modules/recoil/cjs/index.js:5394:5
      at setReports (screens/UserReportScreen.tsx:136:9)
      at asyncGeneratorStep (node_modules/@babel/runtime/helpers/asyncToGenerator.js:3:17)
      at _next (node_modules/@babel/runtime/helpers/asyncToGenerator.js:17:9)

    console.error
      An update to Batcher inside a test was not wrapped in act(...).
      
      When testing, code that causes React state updates should be wrapped into act(...):
      
      act(() => {
        /* fire events that update state */
      });
      /* assert on the output */
      
      This ensures that you're testing the behavior the user would see in the browser. Learn more at https://react.dev/link/wrap-tests-with-act

      134 |
      135 |       if (reset) {
    > 136 |         setReports(formattedData);
          |         ^
      137 |       } else {
      138 |         setReports((prevReports) => [...prevReports, ...formattedData]);
      139 |       }

      at node_modules/react-test-renderer/cjs/react-test-renderer.development.js:11801:19
      at runWithFiberInDEV (node_modules/react-test-renderer/cjs/react-test-renderer.development.js:1574:13)
      at warnIfUpdatesNotWrappedWithActDEV (node_modules/react-test-renderer/cjs/react-test-renderer.development.js:11800:9)
      at scheduleUpdateOnFiber (node_modules/react-test-renderer/cjs/react-test-renderer.development.js:10326:9)
      at dispatchSetStateInternal (node_modules/react-test-renderer/cjs/react-test-renderer.development.js:4148:13)
      at dispatchSetState (node_modules/react-test-renderer/cjs/react-test-renderer.development.js:4107:7)
      at node_modules/recoil/cjs/index.js:4353:34
      at Object.replaceState (node_modules/recoil/cjs/index.js:4553:53)
      at applyActionsToStore (node_modules/recoil/cjs/index.js:2880:9)
      at queueOrPerformStateUpdate (node_modules/recoil/cjs/index.js:2904:5)
      at setRecoilValue (node_modules/recoil/cjs/index.js:2947:3)
      at node_modules/recoil/cjs/index.js:5394:5
      at setReports (screens/UserReportScreen.tsx:136:9)
      at asyncGeneratorStep (node_modules/@babel/runtime/helpers/asyncToGenerator.js:3:17)
      at _next (node_modules/@babel/runtime/helpers/asyncToGenerator.js:17:9)

    console.error
      An update to UserReportScreen inside a test was not wrapped in act(...).
      
      When testing, code that causes React state updates should be wrapped into act(...):
      
      act(() => {
        /* fire events that update state */
      });
      /* assert on the output */
      
      This ensures that you're testing the behavior the user would see in the browser. Learn more at https://react.dev/link/wrap-tests-with-act

      139 |       }
      140 |
    > 141 |       setOffset((prevOffset) => prevOffset + limit);
          |       ^
      142 |     } catch (fetchError) {
      143 |       setError(
      144 |         fetchError.message || "Error fetching reports. Please try again.",

      at node_modules/react-test-renderer/cjs/react-test-renderer.development.js:11801:19
      at runWithFiberInDEV (node_modules/react-test-renderer/cjs/react-test-renderer.development.js:1574:13)
      at warnIfUpdatesNotWrappedWithActDEV (node_modules/react-test-renderer/cjs/react-test-renderer.development.js:11800:9)
      at scheduleUpdateOnFiber (node_modules/react-test-renderer/cjs/react-test-renderer.development.js:10326:9)
      at dispatchSetStateInternal (node_modules/react-test-renderer/cjs/react-test-renderer.development.js:4148:13)
      at dispatchSetState (node_modules/react-test-renderer/cjs/react-test-renderer.development.js:4107:7)
      at setOffset (screens/UserReportScreen.tsx:141:7)
      at asyncGeneratorStep (node_modules/@babel/runtime/helpers/asyncToGenerator.js:3:17)
      at _next (node_modules/@babel/runtime/helpers/asyncToGenerator.js:17:9)

    console.error
      An update to UserReportScreen inside a test was not wrapped in act(...).
      
      When testing, code that causes React state updates should be wrapped into act(...):
      
      act(() => {
        /* fire events that update state */
      });
      /* assert on the output */
      
      This ensures that you're testing the behavior the user would see in the browser. Learn more at https://react.dev/link/wrap-tests-with-act

      146 |       setHasMore(false);
      147 |     } finally {
    > 148 |       setIsRefreshing(false);
          |       ^
      149 |     }
      150 |   };
      151 |

      at node_modules/react-test-renderer/cjs/react-test-renderer.development.js:11801:19
      at runWithFiberInDEV (node_modules/react-test-renderer/cjs/react-test-renderer.development.js:1574:13)
      at warnIfUpdatesNotWrappedWithActDEV (node_modules/react-test-renderer/cjs/react-test-renderer.development.js:11800:9)
      at scheduleUpdateOnFiber (node_modules/react-test-renderer/cjs/react-test-renderer.development.js:10326:9)
      at dispatchSetStateInternal (node_modules/react-test-renderer/cjs/react-test-renderer.development.js:4148:13)
      at dispatchSetState (node_modules/react-test-renderer/cjs/react-test-renderer.development.js:4107:7)
      at setIsRefreshing (screens/UserReportScreen.tsx:148:7)
      at asyncGeneratorStep (node_modules/@babel/runtime/helpers/asyncToGenerator.js:3:17)
      at _next (node_modules/@babel/runtime/helpers/asyncToGenerator.js:17:9)

    console.warn
      SafeAreaView has been deprecated and will be removed in a future release. Please use 'react-native-safe-area-context' instead. See https://github.com/th3rdwave/react-native-safe-area-context

      126 |     renderScreen(20);
      127 |     const messageToggle = screen.getByTestId("message-toggle-button");
    > 128 |     fireEvent.press(messageToggle);
          |               ^
      129 |     expect(screen.getByPlaceholderText("Add a message...")).toBeTruthy();
      130 |   });
      131 |

      at warn (node_modules/react-native/Libraries/Utilities/warnOnce.js:27:11)
      at Object.warnOnce [as SafeAreaView] (node_modules/react-native/index.js:92:5)
      at SafeAreaView (node_modules/react-native-dropdown-picker/src/components/Picker.js:1762:14)
      at mountMemo (node_modules/react-test-renderer/cjs/react-test-renderer.development.js:3859:23)
      at Object.useMemo (node_modules/react-test-renderer/cjs/react-test-renderer.development.js:13093:18)
      at Object.<anonymous>.process.env.NODE_ENV.exports.useMemo (node_modules/react/cjs/react.development.js:1209:34)
      at Picker (node_modules/react-native-dropdown-picker/src/components/Picker.js:1760:43)
      at Object.react-stack-bottom-frame (node_modules/react-test-renderer/cjs/react-test-renderer.development.js:13976:20)
      at renderWithHooks (node_modules/react-test-renderer/cjs/react-test-renderer.development.js:2866:22)
      at updateFunctionComponent (node_modules/react-test-renderer/cjs/react-test-renderer.development.js:6006:19)
      at updateSimpleMemoComponent (node_modules/react-test-renderer/cjs/react-test-renderer.development.js:5862:14)
      at updateMemoComponent (node_modules/react-test-renderer/cjs/react-test-renderer.development.js:5795:13)
      at beginWork (node_modules/react-test-renderer/cjs/react-test-renderer.development.js:7673:18)
      at runWithFiberInDEV (node_modules/react-test-renderer/cjs/react-test-renderer.development.js:1574:13)
      at performUnitOfWork (node_modules/react-test-renderer/cjs/react-test-renderer.development.js:10972:22)
      at workLoopSync (node_modules/react-test-renderer/cjs/react-test-renderer.development.js:10816:41)
      at renderRootSync (node_modules/react-test-renderer/cjs/react-test-renderer.development.js:10797:11)
      at performWorkOnRoot (node_modules/react-test-renderer/cjs/react-test-renderer.development.js:10349:13)
      at performWorkOnRootViaSchedulerTask (node_modules/react-test-renderer/cjs/react-test-renderer.development.js:2094:7)
      at flushActQueue (node_modules/react/cjs/react.development.js:566:34)
      at Object.<anonymous>.process.env.NODE_ENV.exports.act (node_modules/react/cjs/react.development.js:859:10)
      at actImplementation (node_modules/@testing-library/react-native/src/act.ts:30:25)
      at fireEvent (node_modules/@testing-library/react-native/src/fire-event.ts:136:11)
      at Function.fireEvent [as press] (node_modules/@testing-library/react-native/src/fire-event.ts:144:3)
      at Object.press (__tests__/screens/UserReportScreen.test.tsx:128:15)

    console.error
      An update to UserReportScreen inside a test was not wrapped in act(...).
      
      When testing, code that causes React state updates should be wrapped into act(...):
      
      act(() => {
        /* fire events that update state */
      });
      /* assert on the output */
      
      This ensures that you're testing the behavior the user would see in the browser. Learn more at https://react.dev/link/wrap-tests-with-act

      125 |
      126 |       if (reportsData.length < limit) {
    > 127 |         setHasMore(false);
          |         ^
      128 |       }
      129 |
      130 |       const formattedData = reportsData.map((report) => ({

      at node_modules/react-test-renderer/cjs/react-test-renderer.development.js:11801:19
      at runWithFiberInDEV (node_modules/react-test-renderer/cjs/react-test-renderer.development.js:1574:13)
      at warnIfUpdatesNotWrappedWithActDEV (node_modules/react-test-renderer/cjs/react-test-renderer.development.js:11800:9)
      at scheduleUpdateOnFiber (node_modules/react-test-renderer/cjs/react-test-renderer.development.js:10326:9)
      at dispatchSetStateInternal (node_modules/react-test-renderer/cjs/react-test-renderer.development.js:4148:13)
      at dispatchSetState (node_modules/react-test-renderer/cjs/react-test-renderer.development.js:4107:7)
      at setHasMore (screens/UserReportScreen.tsx:127:9)
      at asyncGeneratorStep (node_modules/@babel/runtime/helpers/asyncToGenerator.js:3:17)
      at _next (node_modules/@babel/runtime/helpers/asyncToGenerator.js:17:9)

    console.error
      An update to UserReportScreen inside a test was not wrapped in act(...).
      
      When testing, code that causes React state updates should be wrapped into act(...):
      
      act(() => {
        /* fire events that update state */
      });
      /* assert on the output */
      
      This ensures that you're testing the behavior the user would see in the browser. Learn more at https://react.dev/link/wrap-tests-with-act

      134 |
      135 |       if (reset) {
    > 136 |         setReports(formattedData);
          |         ^
      137 |       } else {
      138 |         setReports((prevReports) => [...prevReports, ...formattedData]);
      139 |       }

      at node_modules/react-test-renderer/cjs/react-test-renderer.development.js:11801:19
      at runWithFiberInDEV (node_modules/react-test-renderer/cjs/react-test-renderer.development.js:1574:13)
      at warnIfUpdatesNotWrappedWithActDEV (node_modules/react-test-renderer/cjs/react-test-renderer.development.js:11800:9)
      at scheduleUpdateOnFiber (node_modules/react-test-renderer/cjs/react-test-renderer.development.js:10326:9)
      at forceStoreRerender (node_modules/react-test-renderer/cjs/react-test-renderer.development.js:3430:24)
      at node_modules/react-test-renderer/cjs/react-test-renderer.development.js:3415:41
      at notifyComponents (node_modules/recoil/cjs/index.js:4252:9)
      at Object.replaceState (node_modules/recoil/cjs/index.js:4550:7)
      at applyActionsToStore (node_modules/recoil/cjs/index.js:2880:9)
      at queueOrPerformStateUpdate (node_modules/recoil/cjs/index.js:2904:5)
      at setRecoilValue (node_modules/recoil/cjs/index.js:2947:3)
      at node_modules/recoil/cjs/index.js:5394:5
      at setReports (screens/UserReportScreen.tsx:136:9)
      at asyncGeneratorStep (node_modules/@babel/runtime/helpers/asyncToGenerator.js:3:17)
      at _next (node_modules/@babel/runtime/helpers/asyncToGenerator.js:17:9)

    console.error
      An update to Batcher inside a test was not wrapped in act(...).
      
      When testing, code that causes React state updates should be wrapped into act(...):
      
      act(() => {
        /* fire events that update state */
      });
      /* assert on the output */
      
      This ensures that you're testing the behavior the user would see in the browser. Learn more at https://react.dev/link/wrap-tests-with-act

      134 |
      135 |       if (reset) {
    > 136 |         setReports(formattedData);
          |         ^
      137 |       } else {
      138 |         setReports((prevReports) => [...prevReports, ...formattedData]);
      139 |       }

      at node_modules/react-test-renderer/cjs/react-test-renderer.development.js:11801:19
      at runWithFiberInDEV (node_modules/react-test-renderer/cjs/react-test-renderer.development.js:1574:13)
      at warnIfUpdatesNotWrappedWithActDEV (node_modules/react-test-renderer/cjs/react-test-renderer.development.js:11800:9)
      at scheduleUpdateOnFiber (node_modules/react-test-renderer/cjs/react-test-renderer.development.js:10326:9)
      at dispatchSetStateInternal (node_modules/react-test-renderer/cjs/react-test-renderer.development.js:4148:13)
      at dispatchSetState (node_modules/react-test-renderer/cjs/react-test-renderer.development.js:4107:7)
      at node_modules/recoil/cjs/index.js:4353:34
      at Object.replaceState (node_modules/recoil/cjs/index.js:4553:53)
      at applyActionsToStore (node_modules/recoil/cjs/index.js:2880:9)
      at queueOrPerformStateUpdate (node_modules/recoil/cjs/index.js:2904:5)
      at setRecoilValue (node_modules/recoil/cjs/index.js:2947:3)
      at node_modules/recoil/cjs/index.js:5394:5
      at setReports (screens/UserReportScreen.tsx:136:9)
      at asyncGeneratorStep (node_modules/@babel/runtime/helpers/asyncToGenerator.js:3:17)
      at _next (node_modules/@babel/runtime/helpers/asyncToGenerator.js:17:9)

    console.error
      An update to UserReportScreen inside a test was not wrapped in act(...).
      
      When testing, code that causes React state updates should be wrapped into act(...):
      
      act(() => {
        /* fire events that update state */
      });
      /* assert on the output */
      
      This ensures that you're testing the behavior the user would see in the browser. Learn more at https://react.dev/link/wrap-tests-with-act

      139 |       }
      140 |
    > 141 |       setOffset((prevOffset) => prevOffset + limit);
          |       ^
      142 |     } catch (fetchError) {
      143 |       setError(
      144 |         fetchError.message || "Error fetching reports. Please try again.",

      at node_modules/react-test-renderer/cjs/react-test-renderer.development.js:11801:19
      at runWithFiberInDEV (node_modules/react-test-renderer/cjs/react-test-renderer.development.js:1574:13)
      at warnIfUpdatesNotWrappedWithActDEV (node_modules/react-test-renderer/cjs/react-test-renderer.development.js:11800:9)
      at scheduleUpdateOnFiber (node_modules/react-test-renderer/cjs/react-test-renderer.development.js:10326:9)
      at dispatchSetStateInternal (node_modules/react-test-renderer/cjs/react-test-renderer.development.js:4148:13)
      at dispatchSetState (node_modules/react-test-renderer/cjs/react-test-renderer.development.js:4107:7)
      at setOffset (screens/UserReportScreen.tsx:141:7)
      at asyncGeneratorStep (node_modules/@babel/runtime/helpers/asyncToGenerator.js:3:17)
      at _next (node_modules/@babel/runtime/helpers/asyncToGenerator.js:17:9)

    console.error
      An update to UserReportScreen inside a test was not wrapped in act(...).
      
      When testing, code that causes React state updates should be wrapped into act(...):
      
      act(() => {
        /* fire events that update state */
      });
      /* assert on the output */
      
      This ensures that you're testing the behavior the user would see in the browser. Learn more at https://react.dev/link/wrap-tests-with-act

      146 |       setHasMore(false);
      147 |     } finally {
    > 148 |       setIsRefreshing(false);
          |       ^
      149 |     }
      150 |   };
      151 |

      at node_modules/react-test-renderer/cjs/react-test-renderer.development.js:11801:19
      at runWithFiberInDEV (node_modules/react-test-renderer/cjs/react-test-renderer.development.js:1574:13)
      at warnIfUpdatesNotWrappedWithActDEV (node_modules/react-test-renderer/cjs/react-test-renderer.development.js:11800:9)
      at scheduleUpdateOnFiber (node_modules/react-test-renderer/cjs/react-test-renderer.development.js:10326:9)
      at dispatchSetStateInternal (node_modules/react-test-renderer/cjs/react-test-renderer.development.js:4148:13)
      at dispatchSetState (node_modules/react-test-renderer/cjs/react-test-renderer.development.js:4107:7)
      at setIsRefreshing (screens/UserReportScreen.tsx:148:7)
      at asyncGeneratorStep (node_modules/@babel/runtime/helpers/asyncToGenerator.js:3:17)
      at _next (node_modules/@babel/runtime/helpers/asyncToGenerator.js:17:9)

    console.error
      An update to ForwardRef inside a test was not wrapped in act(...).
      
      When testing, code that causes React state updates should be wrapped into act(...):
      
      act(() => {
        /* fire events that update state */
      });
      /* assert on the output */
      
      This ensures that you're testing the behavior the user would see in the browser. Learn more at https://react.dev/link/wrap-tests-with-act

      at node_modules/react-test-renderer/cjs/react-test-renderer.development.js:11801:19
      at runWithFiberInDEV (node_modules/react-test-renderer/cjs/react-test-renderer.development.js:1574:13)
      at warnIfUpdatesNotWrappedWithActDEV (node_modules/react-test-renderer/cjs/react-test-renderer.development.js:11800:9)
      at scheduleUpdateOnFiber (node_modules/react-test-renderer/cjs/react-test-renderer.development.js:10326:9)
      at dispatchSetStateInternal (node_modules/react-test-renderer/cjs/react-test-renderer.development.js:4148:13)
      at dispatchSetState (node_modules/react-test-renderer/cjs/react-test-renderer.development.js:4107:7)
      at Timeout.setDisplayPlaceholder [as _onTimeout] (node_modules/react-native-paper/src/components/TextInput/TextInput.tsx:340:19)

    console.error
      An update to VirtualizedList inside a test was not wrapped in act(...).
      
      When testing, code that causes React state updates should be wrapped into act(...):
      
      act(() => {
        /* fire events that update state */
      });
      /* assert on the output */
      
      This ensures that you're testing the behavior the user would see in the browser. Learn more at https://react.dev/link/wrap-tests-with-act

      at node_modules/react-test-renderer/cjs/react-test-renderer.development.js:11801:19
      at runWithFiberInDEV (node_modules/react-test-renderer/cjs/react-test-renderer.development.js:1574:13)
      at warnIfUpdatesNotWrappedWithActDEV (node_modules/react-test-renderer/cjs/react-test-renderer.development.js:11800:9)
      at scheduleUpdateOnFiber (node_modules/react-test-renderer/cjs/react-test-renderer.development.js:10326:9)
      at Object.enqueueSetState (node_modules/react-test-renderer/cjs/react-test-renderer.development.js:14179:14)
      at VirtualizedList.Object.<anonymous>.process.env.NODE_ENV.Component.setState (node_modules/react/cjs/react.development.js:632:20)
      at node_modules/@babel/runtime/helpers/superPropGet.js:6:14
      at VirtualizedList.setState (node_modules/react-native/node_modules/@react-native/virtualized-lists/Lists/StateSafePureComponent.js:39:7)
      at VirtualizedList.setState [as _updateCellsToRender] (node_modules/react-native/node_modules/@react-native/virtualized-lists/Lists/VirtualizedList.js:1907:10)
      at Timeout._updateCellsToRender [as _onTimeout] (node_modules/react-native/node_modules/@react-native/virtualized-lists/Lists/VirtualizedList.js:1804:16)

PASS __tests__/screens/AddSaleScreen.test.tsx
  ● Console

    console.warn
      SafeAreaView has been deprecated and will be removed in a future release. Please use 'react-native-safe-area-context' instead. See https://github.com/th3rdwave/react-native-safe-area-context

      68 |       date: new Date(),
      69 |     } as Sale;
    > 70 |     const { getByTestId } = render(
         |                                   ^
      71 |       <RecoilRoot
      72 |         initializeState={(snapshot) => snapshot.set(expenseTypesState, types)}
      73 |       >

      at warn (node_modules/react-native/Libraries/Utilities/warnOnce.js:27:11)
      at Object.warnOnce [as SafeAreaView] (node_modules/react-native/index.js:92:5)
      at SafeAreaView (node_modules/react-native-dropdown-picker/src/components/Picker.js:1762:14)
      at mountMemo (node_modules/react-test-renderer/cjs/react-test-renderer.development.js:3859:23)
      at Object.useMemo (node_modules/react-test-renderer/cjs/react-test-renderer.development.js:13093:18)
      at Object.<anonymous>.process.env.NODE_ENV.exports.useMemo (node_modules/react/cjs/react.development.js:1209:34)
      at Picker (node_modules/react-native-dropdown-picker/src/components/Picker.js:1760:43)
      at Object.react-stack-bottom-frame (node_modules/react-test-renderer/cjs/react-test-renderer.development.js:13976:20)
      at renderWithHooks (node_modules/react-test-renderer/cjs/react-test-renderer.development.js:2866:22)
      at updateFunctionComponent (node_modules/react-test-renderer/cjs/react-test-renderer.development.js:6006:19)
      at updateSimpleMemoComponent (node_modules/react-test-renderer/cjs/react-test-renderer.development.js:5862:14)
      at updateMemoComponent (node_modules/react-test-renderer/cjs/react-test-renderer.development.js:5795:13)
      at beginWork (node_modules/react-test-renderer/cjs/react-test-renderer.development.js:7673:18)
      at runWithFiberInDEV (node_modules/react-test-renderer/cjs/react-test-renderer.development.js:1574:13)
      at performUnitOfWork (node_modules/react-test-renderer/cjs/react-test-renderer.development.js:10972:22)
      at workLoopSync (node_modules/react-test-renderer/cjs/react-test-renderer.development.js:10816:41)
      at renderRootSync (node_modules/react-test-renderer/cjs/react-test-renderer.development.js:10797:11)
      at performWorkOnRoot (node_modules/react-test-renderer/cjs/react-test-renderer.development.js:10349:13)
      at performWorkOnRootViaSchedulerTask (node_modules/react-test-renderer/cjs/react-test-renderer.development.js:2094:7)
      at flushActQueue (node_modules/react/cjs/react.development.js:566:34)
      at Object.<anonymous>.process.env.NODE_ENV.exports.act (node_modules/react/cjs/react.development.js:859:10)
      at actImplementation (node_modules/@testing-library/react-native/src/act.ts:30:25)
      at renderWithAct (node_modules/@testing-library/react-native/src/render-act.ts:12:11)
      at renderInternal (node_modules/@testing-library/react-native/src/render.tsx:81:33)
      at renderInternal (node_modules/@testing-library/react-native/src/render.tsx:44:10)
      at Object.<anonymous> (__tests__/screens/AddSaleScreen.test.tsx:70:35)

    console.error
      An update to Icon inside a test was not wrapped in act(...).
      
      When testing, code that causes React state updates should be wrapped into act(...):
      
      act(() => {
        /* fire events that update state */
      });
      /* assert on the output */
      
      This ensures that you're testing the behavior the user would see in the browser. Learn more at https://react.dev/link/wrap-tests-with-act

      at node_modules/react-test-renderer/cjs/react-test-renderer.development.js:11801:19
      at runWithFiberInDEV (node_modules/react-test-renderer/cjs/react-test-renderer.development.js:1574:13)
      at warnIfUpdatesNotWrappedWithActDEV (node_modules/react-test-renderer/cjs/react-test-renderer.development.js:11800:9)
      at scheduleUpdateOnFiber (node_modules/react-test-renderer/cjs/react-test-renderer.development.js:10326:9)
      at Object.enqueueSetState (node_modules/react-test-renderer/cjs/react-test-renderer.development.js:14179:14)
      at Icon.Object.<anonymous>.process.env.NODE_ENV.Component.setState (node_modules/react/cjs/react.development.js:632:20)
      at Icon.setState (node_modules/@expo/vector-icons/src/createIconSet.tsx:181:31)
      at asyncGeneratorStep (node_modules/@babel/runtime/helpers/asyncToGenerator.js:3:17)
      at _next (node_modules/@babel/runtime/helpers/asyncToGenerator.js:17:9)

PASS __tests__/screens/AddWorkScreen.test.tsx
  ● Console

    console.warn
      SafeAreaView has been deprecated and will be removed in a future release. Please use 'react-native-safe-area-context' instead. See https://github.com/th3rdwave/react-native-safe-area-context

      86 |
      87 |     // Render component
    > 88 |     const { getByTestId, getByText } = render(
         |                                              ^
      89 |       <RecoilRoot>
      90 |         <PaperProvider>
      91 |           <NavigationContainer>

      at warn (node_modules/react-native/Libraries/Utilities/warnOnce.js:27:11)
      at Object.warnOnce [as SafeAreaView] (node_modules/react-native/index.js:92:5)
      at SafeAreaView (node_modules/react-native-dropdown-picker/src/components/Picker.js:1762:14)
      at mountMemo (node_modules/react-test-renderer/cjs/react-test-renderer.development.js:3859:23)
      at Object.useMemo (node_modules/react-test-renderer/cjs/react-test-renderer.development.js:13093:18)
      at Object.<anonymous>.process.env.NODE_ENV.exports.useMemo (node_modules/react/cjs/react.development.js:1209:34)
      at Picker (node_modules/react-native-dropdown-picker/src/components/Picker.js:1760:43)
      at Object.react-stack-bottom-frame (node_modules/react-test-renderer/cjs/react-test-renderer.development.js:13976:20)
      at renderWithHooks (node_modules/react-test-renderer/cjs/react-test-renderer.development.js:2866:22)
      at updateFunctionComponent (node_modules/react-test-renderer/cjs/react-test-renderer.development.js:6006:19)
      at updateSimpleMemoComponent (node_modules/react-test-renderer/cjs/react-test-renderer.development.js:5862:14)
      at updateMemoComponent (node_modules/react-test-renderer/cjs/react-test-renderer.development.js:5795:13)
      at beginWork (node_modules/react-test-renderer/cjs/react-test-renderer.development.js:7673:18)
      at runWithFiberInDEV (node_modules/react-test-renderer/cjs/react-test-renderer.development.js:1574:13)
      at performUnitOfWork (node_modules/react-test-renderer/cjs/react-test-renderer.development.js:10972:22)
      at workLoopSync (node_modules/react-test-renderer/cjs/react-test-renderer.development.js:10816:41)
      at renderRootSync (node_modules/react-test-renderer/cjs/react-test-renderer.development.js:10797:11)
      at performWorkOnRoot (node_modules/react-test-renderer/cjs/react-test-renderer.development.js:10349:13)
      at performWorkOnRootViaSchedulerTask (node_modules/react-test-renderer/cjs/react-test-renderer.development.js:2094:7)
      at flushActQueue (node_modules/react/cjs/react.development.js:566:34)
      at Object.<anonymous>.process.env.NODE_ENV.exports.act (node_modules/react/cjs/react.development.js:859:10)
      at actImplementation (node_modules/@testing-library/react-native/src/act.ts:30:25)
      at renderWithAct (node_modules/@testing-library/react-native/src/render-act.ts:12:11)
      at renderInternal (node_modules/@testing-library/react-native/src/render.tsx:81:33)
      at renderInternal (node_modules/@testing-library/react-native/src/render.tsx:44:10)
      at Object.<anonymous> (__tests__/screens/AddWorkScreen.test.tsx:88:46)
      at asyncGeneratorStep (node_modules/@babel/runtime/helpers/asyncToGenerator.js:3:17)
      at _next (node_modules/@babel/runtime/helpers/asyncToGenerator.js:17:9)
      at node_modules/@babel/runtime/helpers/asyncToGenerator.js:22:7
      at Object.<anonymous> (node_modules/@babel/runtime/helpers/asyncToGenerator.js:14:12)

FAIL __tests__/components/users/UserSummary.test.tsx
  ● UserSummary Screen › renders correctly with user params

    Unable to find an element with text: Total work & amount received from Test User

    [36m<RNCSafeAreaProvider>[39m
      [36m<View>[39m
        [36m<View>[39m
          [36m<View>[39m
            [36m<Text>[39m
              [0mInvalid or expired token, Please login again Cannot invoke "String.trim()" because "s" is null[0m
            [36m</Text>[39m
          [36m</View>[39m
          [36m<Text />[39m
          [36m<View>[39m
            [36m<Text>[39m
              [0mTo Pay[0m
              [0m :[0m
              [0m [0m
            [36m</Text>[39m
            [36m<UserRemainingAmount />[39m
          [36m</View>[39m
          [36m<RCTScrollView>[39m
            [36m<View>[39m
              [36m<View>[39m
                [36m<View[39m
                  [33maccessible[39m=[32m{true}[39m
                [36m>[39m
                  [36m<Text[39m
                    [33maccessibilityElementsHidden[39m=[32m{true}[39m
                    [33mimportantForAccessibility[39m=[32m"no-hide-descendants"[39m
                  [36m>[39m
                    [0m󰇮[0m
                  [36m</Text>[39m
                  [36m<Text>[39m
                    [0mSend full report to mail[0m
                  [36m</Text>[39m
                [36m</View>[39m
              [36m</View>[39m
            [36m</View>[39m
          [36m</RCTScrollView>[39m
        [36m</View>[39m
      [36m</View>[39m
    [36m</RNCSafeAreaProvider>[39m

      49 |     // Should show user name in "Total work... from Test User"
      50 |     // The text in component is "Total work & amount received from {user.name}"
    > 51 |     await waitFor(() => {
         |                  ^
      52 |       expect(
      53 |         screen.getByText(`Total work & amount received from ${mockUser.name}`),
      54 |       ).toBeTruthy();

      at Object.<anonymous> (__tests__/components/users/UserSummary.test.tsx:51:18)
      at asyncGeneratorStep (node_modules/@babel/runtime/helpers/asyncToGenerator.js:3:17)
      at _next (node_modules/@babel/runtime/helpers/asyncToGenerator.js:17:9)
      at node_modules/@babel/runtime/helpers/asyncToGenerator.js:22:7
      at Object.<anonymous> (node_modules/@babel/runtime/helpers/asyncToGenerator.js:14:12)

FAIL __tests__/screens/ExpenseScreen.test.tsx
  ● ExpenseScreen › renders correctly

    expect(jest.fn()).toHaveBeenCalledWith(...expected)

    - Expected
    + Received

      "ExpenseStack",
      Object {
        "params": Object {
    -     "title": "Add Expense",
    +     "title": "Select Expense",
        },
    -   "screen": "AddExpense",
    +   "screen": "ExpenseSelection",
      },

    Number of calls: 1

      67 |     fireEvent.press(addItemButton);
      68 |
    > 69 |     expect(mockNavigation.navigate).toHaveBeenCalledWith("ExpenseStack", {
         |                                     ^
      70 |       screen: "AddExpense",
      71 |       params: { title: "Add Expense" },
      72 |     });

      at Object.toHaveBeenCalledWith (__tests__/screens/ExpenseScreen.test.tsx:69:37)
      at asyncGeneratorStep (node_modules/@babel/runtime/helpers/asyncToGenerator.js:3:17)
      at _next (node_modules/@babel/runtime/helpers/asyncToGenerator.js:17:9)


  ●  Cannot log after tests are done. Did you forget to wait for something async in your test?
    Attempted to log "Dashboard load error: AxiosError {
      message: 'Invalid or expired token, Please login again Cannot invoke "String.trim()" because "s" is null',
      name: 'AxiosError',
      code: 'ERR_BAD_REQUEST',
      config: {
        transitional: {
          silentJSONParsing: true,
          forcedJSONParsing: true,
          clarifyTimeoutError: false
        },
        adapter: [ 'xhr', 'http' ],
        transformRequest: [ [Function: transformRequest] ],
        transformResponse: [ [Function: transformResponse] ],
        timeout: 0,
        xsrfCookieName: 'XSRF-TOKEN',
        xsrfHeaderName: 'X-XSRF-TOKEN',
        maxContentLength: -1,
        maxBodyLength: -1,
        env: { FormData: [Function], Blob: [class Blob] },
        validateStatus: [Function: validateStatus],
        headers: Object [AxiosHeaders] {
          Accept: 'application/json, text/plain, */*',
          'Content-Type': undefined,
          'User-Agent': 'axios/1.6.0',
          'Accept-Encoding': 'gzip, compress, deflate, br'
        },
        baseURL: 'http://localhost:9191',
        method: 'get',
        url: '/api/dashboard/recent?limit=5&offset=0',
        data: undefined
      },
      request: <ref *1> ClientRequest {
        _events: [Object: null prototype] {
          abort: [Function (anonymous)],
          aborted: [Function (anonymous)],
          connect: [Function (anonymous)],
          error: [Function (anonymous)],
          socket: [Function (anonymous)],
          timeout: [Function (anonymous)],
          finish: [Function: requestOnFinish]
        },
        _eventsCount: 7,
        _maxListeners: undefined,
        outputData: [],
        outputSize: 0,
        writable: true,
        destroyed: true,
        _last: true,
        chunkedEncoding: false,
        shouldKeepAlive: true,
        maxRequestsOnConnectionReached: false,
        _defaultKeepAlive: true,
        useChunkedEncodingByDefault: false,
        sendDate: false,
        _removedConnection: false,
        _removedContLen: false,
        _removedTE: false,
        strictContentLength: false,
        _contentLength: 0,
        _hasBody: true,
        _trailer: '',
        finished: true,
        _headerSent: true,
        _closed: true,
        _header: 'GET /api/dashboard/recent?limit=5&offset=0 HTTP/1.1\r\n' +
          'Accept: application/json, text/plain, */*\r\n' +
          'User-Agent: axios/1.6.0\r\n' +
          'Accept-Encoding: gzip, compress, deflate, br\r\n' +
          'Host: localhost:9191\r\n' +
          'Connection: keep-alive\r\n' +
          '\r\n',
        _keepAliveTimeout: 0,
        _onPendingData: [Function: nop],
        agent: Agent {
          _events: [Object: null prototype],
          _eventsCount: 2,
          _maxListeners: undefined,
          defaultPort: 80,
          protocol: 'http:',
          options: [Object: null prototype],
          requests: [Object: null prototype] {},
          sockets: [Object: null prototype],
          freeSockets: [Object: null prototype],
          keepAliveMsecs: 1000,
          keepAlive: true,
          maxSockets: Infinity,
          maxFreeSockets: 256,
          scheduling: 'lifo',
          maxTotalSockets: Infinity,
          totalSocketCount: 6,
          [Symbol(shapeMode)]: false,
          [Symbol(kCapture)]: false
        },
        socketPath: undefined,
        method: 'GET',
        maxHeaderSize: undefined,
        insecureHTTPParser: undefined,
        joinDuplicateHeaders: undefined,
        path: '/api/dashboard/recent?limit=5&offset=0',
        _ended: true,
        res: IncomingMessage {
          _events: [Object],
          _readableState: [ReadableState],
          _maxListeners: undefined,
          socket: null,
          httpVersionMajor: 1,
          httpVersionMinor: 1,
          httpVersion: '1.1',
          complete: true,
          rawHeaders: [Array],
          rawTrailers: [],
          joinDuplicateHeaders: undefined,
          aborted: false,
          upgrade: false,
          url: '',
          method: null,
          statusCode: 403,
          statusMessage: '',
          client: [Socket],
          _consuming: false,
          _dumped: false,
          req: [Circular *1],
          _eventsCount: 4,
          responseUrl: 'http://localhost:9191/api/dashboard/recent?limit=5&offset=0',
          redirects: [],
          [Symbol(shapeMode)]: true,
          [Symbol(kCapture)]: false,
          [Symbol(kHeaders)]: [Object],
          [Symbol(kHeadersCount)]: 10,
          [Symbol(kTrailers)]: null,
          [Symbol(kTrailersCount)]: 0
        },
        aborted: false,
        timeoutCb: null,
        upgradeOrConnect: false,
        parser: null,
        maxHeadersCount: null,
        reusedSocket: true,
        host: 'localhost',
        protocol: 'http:',
        _redirectable: Writable {
          _events: [Object],
          _writableState: [WritableState],
          _maxListeners: undefined,
          _options: [Object],
          _ended: true,
          _ending: true,
          _redirectCount: 0,
          _redirects: [],
          _requestBodyLength: 0,
          _requestBodyBuffers: [],
          _eventsCount: 3,
          _onNativeResponse: [Function (anonymous)],
          _currentRequest: [Circular *1],
          _currentUrl: 'http://localhost:9191/api/dashboard/recent?limit=5&offset=0',
          [Symbol(shapeMode)]: true,
          [Symbol(kCapture)]: false
        },
        [Symbol(shapeMode)]: false,
        [Symbol(kCapture)]: false,
        [Symbol(kBytesWritten)]: 0,
        [Symbol(kNeedDrain)]: false,
        [Symbol(corked)]: 0,
        [Symbol(kChunkedBuffer)]: [],
        [Symbol(kChunkedLength)]: 0,
        [Symbol(kSocket)]: Socket {
          connecting: false,
          _hadError: false,
          _parent: null,
          _host: 'localhost',
          _closeAfterHandlingError: false,
          _events: [Object],
          _readableState: [ReadableState],
          _writableState: [WritableState],
          allowHalfOpen: false,
          _maxListeners: undefined,
          _eventsCount: 6,
          _sockname: null,
          _pendingData: null,
          _pendingEncoding: '',
          server: null,
          _server: null,
          timeout: 5000,
          parser: null,
          _httpMessage: null,
          [Symbol(async_id_symbol)]: -1,
          [Symbol(kHandle)]: [TCP],
          [Symbol(lastWriteQueueSize)]: 0,
          [Symbol(timeout)]: Timeout {
            _idleTimeout: 5000,
            _idlePrev: [TimersList],
            _idleNext: [Timeout],
            _idleStart: 4314,
            _onTimeout: [Function: bound ],
            _timerArgs: undefined,
            _repeat: null,
            _destroyed: false,
            [Symbol(refed)]: false,
            [Symbol(kHasPrimitive)]: false,
            [Symbol(asyncId)]: 441,
            [Symbol(triggerId)]: 439,
            [Symbol(kAsyncContextFrame)]: undefined
          },
          [Symbol(kBuffer)]: null,
          [Symbol(kBufferCb)]: null,
          [Symbol(kBufferGen)]: null,
          [Symbol(shapeMode)]: true,
          [Symbol(kCapture)]: false,
          [Symbol(kSetNoDelay)]: true,
          [Symbol(kSetKeepAlive)]: true,
          [Symbol(kSetKeepAliveInitialDelay)]: 1,
          [Symbol(kBytesRead)]: 0,
          [Symbol(kBytesWritten)]: 0
        },
        [Symbol(kOutHeaders)]: [Object: null prototype] {
          accept: [Array],
          'user-agent': [Array],
          'accept-encoding': [Array],
          host: [Array]
        },
        [Symbol(errored)]: null,
        [Symbol(kHighWaterMark)]: 65536,
        [Symbol(kRejectNonStandardBodyWrites)]: false,
        [Symbol(kUniqueHeaders)]: null
      },
      response: {
        status: 403,
        statusText: '',
        headers: Object [AxiosHeaders] {
          'content-type': 'application/json',
          'content-length': '94',
          date: 'Tue, 04 Aug 2026 10:36:42 GMT',
          'keep-alive': 'timeout=60',
          connection: 'keep-alive'
        },
        config: {
          transitional: [Object],
          adapter: [Array],
          transformRequest: [Array],
          transformResponse: [Array],
          timeout: 0,
          xsrfCookieName: 'XSRF-TOKEN',
          xsrfHeaderName: 'X-XSRF-TOKEN',
          maxContentLength: -1,
          maxBodyLength: -1,
          env: [Object],
          validateStatus: [Function: validateStatus],
          headers: [Object [AxiosHeaders]],
          baseURL: 'http://localhost:9191',
          method: 'get',
          url: '/api/dashboard/recent?limit=5&offset=0',
          data: undefined
        },
        request: <ref *1> ClientRequest {
          _events: [Object: null prototype],
          _eventsCount: 7,
          _maxListeners: undefined,
          outputData: [],
          outputSize: 0,
          writable: true,
          destroyed: true,
          _last: true,
          chunkedEncoding: false,
          shouldKeepAlive: true,
          maxRequestsOnConnectionReached: false,
          _defaultKeepAlive: true,
          useChunkedEncodingByDefault: false,
          sendDate: false,
          _removedConnection: false,
          _removedContLen: false,
          _removedTE: false,
          strictContentLength: false,
          _contentLength: 0,
          _hasBody: true,
          _trailer: '',
          finished: true,
          _headerSent: true,
          _closed: true,
          _header: 'GET /api/dashboard/recent?limit=5&offset=0 HTTP/1.1\r\n' +
            'Accept: application/json, text/plain, */*\r\n' +
            'User-Agent: axios/1.6.0\r\n' +
            'Accept-Encoding: gzip, compress, deflate, br\r\n' +
            'Host: localhost:9191\r\n' +
            'Connection: keep-alive\r\n' +
            '\r\n',
          _keepAliveTimeout: 0,
          _onPendingData: [Function: nop],
          agent: [Agent],
          socketPath: undefined,
          method: 'GET',
          maxHeaderSize: undefined,
          insecureHTTPParser: undefined,
          joinDuplicateHeaders: undefined,
          path: '/api/dashboard/recent?limit=5&offset=0',
          _ended: true,
          res: [IncomingMessage],
          aborted: false,
          timeoutCb: null,
          upgradeOrConnect: false,
          parser: null,
          maxHeadersCount: null,
          reusedSocket: true,
          host: 'localhost',
          protocol: 'http:',
          _redirectable: [Writable],
          [Symbol(shapeMode)]: false,
          [Symbol(kCapture)]: false,
          [Symbol(kBytesWritten)]: 0,
          [Symbol(kNeedDrain)]: false,
          [Symbol(corked)]: 0,
          [Symbol(kChunkedBuffer)]: [],
          [Symbol(kChunkedLength)]: 0,
          [Symbol(kSocket)]: [Socket],
          [Symbol(kOutHeaders)]: [Object: null prototype],
          [Symbol(errored)]: null,
          [Symbol(kHighWaterMark)]: 65536,
          [Symbol(kRejectNonStandardBodyWrites)]: false,
          [Symbol(kUniqueHeaders)]: null
        },
        data: 'Invalid or expired token, Please login again Cannot invoke "String.trim()" because "s" is null'
      }
    }".

      89 |     } catch (error) {
      90 |       // Silently handle errors — dashboard is non-critical
    > 91 |       console.warn("Dashboard load error:", error);
         |               ^
      92 |     } finally {
      93 |       setSummaryLoading(false);
      94 |       setRecentLoading(false);

      at console.warn (node_modules/@jest/console/build/BufferedConsole.js:191:10)
      at warn (screens/HomeScreen.tsx:91:15)
          at Generator.throw (<anonymous>)
      at asyncGeneratorStep (node_modules/@babel/runtime/helpers/asyncToGenerator.js:3:17)
      at _throw (node_modules/@babel/runtime/helpers/asyncToGenerator.js:20:9)

FAIL __tests__/screens/HomeScreen.test.tsx
  ● Console

    console.warn
      Dashboard load error: AxiosError {
        message: 'Invalid or expired token, Please login again Cannot invoke "String.trim()" because "s" is null',
        name: 'AxiosError',
        code: 'ERR_BAD_REQUEST',
        config: {
          transitional: {
            silentJSONParsing: true,
            forcedJSONParsing: true,
            clarifyTimeoutError: false
          },
          adapter: [ 'xhr', 'http' ],
          transformRequest: [ [Function: transformRequest] ],
          transformResponse: [ [Function: transformResponse] ],
          timeout: 0,
          xsrfCookieName: 'XSRF-TOKEN',
          xsrfHeaderName: 'X-XSRF-TOKEN',
          maxContentLength: -1,
          maxBodyLength: -1,
          env: { FormData: [Function], Blob: [class Blob] },
          validateStatus: [Function: validateStatus],
          headers: Object [AxiosHeaders] {
            Accept: 'application/json, text/plain, */*',
            'Content-Type': undefined,
            'User-Agent': 'axios/1.6.0',
            'Accept-Encoding': 'gzip, compress, deflate, br'
          },
          baseURL: 'http://localhost:9191',
          method: 'get',
          url: '/api/dashboard/summary',
          data: undefined
        },
        request: <ref *1> ClientRequest {
          _events: [Object: null prototype] {
            abort: [Function (anonymous)],
            aborted: [Function (anonymous)],
            connect: [Function (anonymous)],
            error: [Function (anonymous)],
            socket: [Function (anonymous)],
            timeout: [Function (anonymous)],
            finish: [Function: requestOnFinish]
          },
          _eventsCount: 7,
          _maxListeners: undefined,
          outputData: [],
          outputSize: 0,
          writable: true,
          destroyed: true,
          _last: true,
          chunkedEncoding: false,
          shouldKeepAlive: true,
          maxRequestsOnConnectionReached: false,
          _defaultKeepAlive: true,
          useChunkedEncodingByDefault: false,
          sendDate: false,
          _removedConnection: false,
          _removedContLen: false,
          _removedTE: false,
          strictContentLength: false,
          _contentLength: 0,
          _hasBody: true,
          _trailer: '',
          finished: true,
          _headerSent: true,
          _closed: true,
          _header: 'GET /api/dashboard/summary HTTP/1.1\r\n' +
            'Accept: application/json, text/plain, */*\r\n' +
            'User-Agent: axios/1.6.0\r\n' +
            'Accept-Encoding: gzip, compress, deflate, br\r\n' +
            'Host: localhost:9191\r\n' +
            'Connection: keep-alive\r\n' +
            '\r\n',
          _keepAliveTimeout: 0,
          _onPendingData: [Function: nop],
          agent: Agent {
            _events: [Object: null prototype],
            _eventsCount: 2,
            _maxListeners: undefined,
            defaultPort: 80,
            protocol: 'http:',
            options: [Object: null prototype],
            requests: [Object: null prototype] {},
            sockets: [Object: null prototype],
            freeSockets: [Object: null prototype],
            keepAliveMsecs: 1000,
            keepAlive: true,
            maxSockets: Infinity,
            maxFreeSockets: 256,
            scheduling: 'lifo',
            maxTotalSockets: Infinity,
            totalSocketCount: 2,
            [Symbol(shapeMode)]: false,
            [Symbol(kCapture)]: false
          },
          socketPath: undefined,
          method: 'GET',
          maxHeaderSize: undefined,
          insecureHTTPParser: undefined,
          joinDuplicateHeaders: undefined,
          path: '/api/dashboard/summary',
          _ended: true,
          res: IncomingMessage {
            _events: [Object],
            _readableState: [ReadableState],
            _maxListeners: undefined,
            socket: null,
            httpVersionMajor: 1,
            httpVersionMinor: 1,
            httpVersion: '1.1',
            complete: true,
            rawHeaders: [Array],
            rawTrailers: [],
            joinDuplicateHeaders: undefined,
            aborted: false,
            upgrade: false,
            url: '',
            method: null,
            statusCode: 403,
            statusMessage: '',
            client: [Socket],
            _consuming: false,
            _dumped: false,
            req: [Circular *1],
            _eventsCount: 4,
            responseUrl: 'http://localhost:9191/api/dashboard/summary',
            redirects: [],
            [Symbol(shapeMode)]: true,
            [Symbol(kCapture)]: false,
            [Symbol(kHeaders)]: [Object],
            [Symbol(kHeadersCount)]: 10,
            [Symbol(kTrailers)]: null,
            [Symbol(kTrailersCount)]: 0
          },
          aborted: false,
          timeoutCb: null,
          upgradeOrConnect: false,
          parser: null,
          maxHeadersCount: null,
          reusedSocket: false,
          host: 'localhost',
          protocol: 'http:',
          _redirectable: Writable {
            _events: [Object],
            _writableState: [WritableState],
            _maxListeners: undefined,
            _options: [Object],
            _ended: true,
            _ending: true,
            _redirectCount: 0,
            _redirects: [],
            _requestBodyLength: 0,
            _requestBodyBuffers: [],
            _eventsCount: 3,
            _onNativeResponse: [Function (anonymous)],
            _currentRequest: [Circular *1],
            _currentUrl: 'http://localhost:9191/api/dashboard/summary',
            [Symbol(shapeMode)]: true,
            [Symbol(kCapture)]: false
          },
          [Symbol(shapeMode)]: false,
          [Symbol(kCapture)]: false,
          [Symbol(kBytesWritten)]: 0,
          [Symbol(kNeedDrain)]: false,
          [Symbol(corked)]: 0,
          [Symbol(kChunkedBuffer)]: [],
          [Symbol(kChunkedLength)]: 0,
          [Symbol(kSocket)]: Socket {
            connecting: false,
            _hadError: false,
            _parent: null,
            _host: 'localhost',
            _closeAfterHandlingError: false,
            _events: [Object],
            _readableState: [ReadableState],
            _writableState: [WritableState],
            allowHalfOpen: false,
            _maxListeners: undefined,
            _eventsCount: 6,
            _sockname: null,
            _pendingData: null,
            _pendingEncoding: '',
            server: null,
            _server: null,
            timeout: 5000,
            parser: null,
            _httpMessage: null,
            [Symbol(async_id_symbol)]: -1,
            [Symbol(kHandle)]: [TCP],
            [Symbol(lastWriteQueueSize)]: 0,
            [Symbol(timeout)]: Timeout {
              _idleTimeout: 5000,
              _idlePrev: [TimersList],
              _idleNext: [Timeout],
              _idleStart: 3168,
              _onTimeout: [Function: bound ],
              _timerArgs: undefined,
              _repeat: null,
              _destroyed: false,
              [Symbol(refed)]: false,
              [Symbol(kHasPrimitive)]: false,
              [Symbol(asyncId)]: 46,
              [Symbol(triggerId)]: 44,
              [Symbol(kAsyncContextFrame)]: undefined
            },
            [Symbol(kBuffer)]: null,
            [Symbol(kBufferCb)]: null,
            [Symbol(kBufferGen)]: null,
            [Symbol(shapeMode)]: true,
            [Symbol(kCapture)]: false,
            [Symbol(kSetNoDelay)]: true,
            [Symbol(kSetKeepAlive)]: true,
            [Symbol(kSetKeepAliveInitialDelay)]: 1,
            [Symbol(kBytesRead)]: 0,
            [Symbol(kBytesWritten)]: 0
          },
          [Symbol(kOutHeaders)]: [Object: null prototype] {
            accept: [Array],
            'user-agent': [Array],
            'accept-encoding': [Array],
            host: [Array]
          },
          [Symbol(errored)]: null,
          [Symbol(kHighWaterMark)]: 65536,
          [Symbol(kRejectNonStandardBodyWrites)]: false,
          [Symbol(kUniqueHeaders)]: null
        },
        response: {
          status: 403,
          statusText: '',
          headers: Object [AxiosHeaders] {
            'content-type': 'application/json',
            'content-length': '94',
            date: 'Tue, 04 Aug 2026 10:36:41 GMT',
            'keep-alive': 'timeout=60',
            connection: 'keep-alive'
          },
          config: {
            transitional: [Object],
            adapter: [Array],
            transformRequest: [Array],
            transformResponse: [Array],
            timeout: 0,
            xsrfCookieName: 'XSRF-TOKEN',
            xsrfHeaderName: 'X-XSRF-TOKEN',
            maxContentLength: -1,
            maxBodyLength: -1,
            env: [Object],
            validateStatus: [Function: validateStatus],
            headers: [Object [AxiosHeaders]],
            baseURL: 'http://localhost:9191',
            method: 'get',
            url: '/api/dashboard/summary',
            data: undefined
          },
          request: <ref *1> ClientRequest {
            _events: [Object: null prototype],
            _eventsCount: 7,
            _maxListeners: undefined,
            outputData: [],
            outputSize: 0,
            writable: true,
            destroyed: true,
            _last: true,
            chunkedEncoding: false,
            shouldKeepAlive: true,
            maxRequestsOnConnectionReached: false,
            _defaultKeepAlive: true,
            useChunkedEncodingByDefault: false,
            sendDate: false,
            _removedConnection: false,
            _removedContLen: false,
            _removedTE: false,
            strictContentLength: false,
            _contentLength: 0,
            _hasBody: true,
            _trailer: '',
            finished: true,
            _headerSent: true,
            _closed: true,
            _header: 'GET /api/dashboard/summary HTTP/1.1\r\n' +
              'Accept: application/json, text/plain, */*\r\n' +
              'User-Agent: axios/1.6.0\r\n' +
              'Accept-Encoding: gzip, compress, deflate, br\r\n' +
              'Host: localhost:9191\r\n' +
              'Connection: keep-alive\r\n' +
              '\r\n',
            _keepAliveTimeout: 0,
            _onPendingData: [Function: nop],
            agent: [Agent],
            socketPath: undefined,
            method: 'GET',
            maxHeaderSize: undefined,
            insecureHTTPParser: undefined,
            joinDuplicateHeaders: undefined,
            path: '/api/dashboard/summary',
            _ended: true,
            res: [IncomingMessage],
            aborted: false,
            timeoutCb: null,
            upgradeOrConnect: false,
            parser: null,
            maxHeadersCount: null,
            reusedSocket: false,
            host: 'localhost',
            protocol: 'http:',
            _redirectable: [Writable],
            [Symbol(shapeMode)]: false,
            [Symbol(kCapture)]: false,
            [Symbol(kBytesWritten)]: 0,
            [Symbol(kNeedDrain)]: false,
            [Symbol(corked)]: 0,
            [Symbol(kChunkedBuffer)]: [],
            [Symbol(kChunkedLength)]: 0,
            [Symbol(kSocket)]: [Socket],
            [Symbol(kOutHeaders)]: [Object: null prototype],
            [Symbol(errored)]: null,
            [Symbol(kHighWaterMark)]: 65536,
            [Symbol(kRejectNonStandardBodyWrites)]: false,
            [Symbol(kUniqueHeaders)]: null
          },
          data: 'Invalid or expired token, Please login again Cannot invoke "String.trim()" because "s" is null'
        }
      }

      89 |     } catch (error) {
      90 |       // Silently handle errors — dashboard is non-critical
    > 91 |       console.warn("Dashboard load error:", error);
         |               ^
      92 |     } finally {
      93 |       setSummaryLoading(false);
      94 |       setRecentLoading(false);

      at warn (screens/HomeScreen.tsx:91:15)
          at Generator.throw (<anonymous>)
      at asyncGeneratorStep (node_modules/@babel/runtime/helpers/asyncToGenerator.js:3:17)
      at _throw (node_modules/@babel/runtime/helpers/asyncToGenerator.js:20:9)

    console.warn
      Dashboard load error: AxiosError {
        message: 'Invalid or expired token, Please login again Cannot invoke "String.trim()" because "s" is null',
        name: 'AxiosError',
        code: 'ERR_BAD_REQUEST',
        config: {
          transitional: {
            silentJSONParsing: true,
            forcedJSONParsing: true,
            clarifyTimeoutError: false
          },
          adapter: [ 'xhr', 'http' ],
          transformRequest: [ [Function: transformRequest] ],
          transformResponse: [ [Function: transformResponse] ],
          timeout: 0,
          xsrfCookieName: 'XSRF-TOKEN',
          xsrfHeaderName: 'X-XSRF-TOKEN',
          maxContentLength: -1,
          maxBodyLength: -1,
          env: { FormData: [Function], Blob: [class Blob] },
          validateStatus: [Function: validateStatus],
          headers: Object [AxiosHeaders] {
            Accept: 'application/json, text/plain, */*',
            'Content-Type': undefined,
            'User-Agent': 'axios/1.6.0',
            'Accept-Encoding': 'gzip, compress, deflate, br'
          },
          baseURL: 'http://localhost:9191',
          method: 'get',
          url: '/api/dashboard/summary',
          data: undefined
        },
        request: <ref *1> ClientRequest {
          _events: [Object: null prototype] {
            abort: [Function (anonymous)],
            aborted: [Function (anonymous)],
            connect: [Function (anonymous)],
            error: [Function (anonymous)],
            socket: [Function (anonymous)],
            timeout: [Function (anonymous)],
            finish: [Function: requestOnFinish]
          },
          _eventsCount: 7,
          _maxListeners: undefined,
          outputData: [],
          outputSize: 0,
          writable: true,
          destroyed: true,
          _last: true,
          chunkedEncoding: false,
          shouldKeepAlive: true,
          maxRequestsOnConnectionReached: false,
          _defaultKeepAlive: true,
          useChunkedEncodingByDefault: false,
          sendDate: false,
          _removedConnection: false,
          _removedContLen: false,
          _removedTE: false,
          strictContentLength: false,
          _contentLength: 0,
          _hasBody: true,
          _trailer: '',
          finished: true,
          _headerSent: true,
          _closed: true,
          _header: 'GET /api/dashboard/summary HTTP/1.1\r\n' +
            'Accept: application/json, text/plain, */*\r\n' +
            'User-Agent: axios/1.6.0\r\n' +
            'Accept-Encoding: gzip, compress, deflate, br\r\n' +
            'Host: localhost:9191\r\n' +
            'Connection: keep-alive\r\n' +
            '\r\n',
          _keepAliveTimeout: 0,
          _onPendingData: [Function: nop],
          agent: Agent {
            _events: [Object: null prototype],
            _eventsCount: 2,
            _maxListeners: undefined,
            defaultPort: 80,
            protocol: 'http:',
            options: [Object: null prototype],
            requests: [Object: null prototype] {},
            sockets: [Object: null prototype],
            freeSockets: [Object: null prototype],
            keepAliveMsecs: 1000,
            keepAlive: true,
            maxSockets: Infinity,
            maxFreeSockets: 256,
            scheduling: 'lifo',
            maxTotalSockets: Infinity,
            totalSocketCount: 4,
            [Symbol(shapeMode)]: false,
            [Symbol(kCapture)]: false
          },
          socketPath: undefined,
          method: 'GET',
          maxHeaderSize: undefined,
          insecureHTTPParser: undefined,
          joinDuplicateHeaders: undefined,
          path: '/api/dashboard/summary',
          _ended: true,
          res: IncomingMessage {
            _events: [Object],
            _readableState: [ReadableState],
            _maxListeners: undefined,
            socket: null,
            httpVersionMajor: 1,
            httpVersionMinor: 1,
            httpVersion: '1.1',
            complete: true,
            rawHeaders: [Array],
            rawTrailers: [],
            joinDuplicateHeaders: undefined,
            aborted: false,
            upgrade: false,
            url: '',
            method: null,
            statusCode: 403,
            statusMessage: '',
            client: [Socket],
            _consuming: false,
            _dumped: false,
            req: [Circular *1],
            _eventsCount: 4,
            responseUrl: 'http://localhost:9191/api/dashboard/summary',
            redirects: [],
            [Symbol(shapeMode)]: true,
            [Symbol(kCapture)]: false,
            [Symbol(kHeaders)]: [Object],
            [Symbol(kHeadersCount)]: 10,
            [Symbol(kTrailers)]: null,
            [Symbol(kTrailersCount)]: 0
          },
          aborted: false,
          timeoutCb: null,
          upgradeOrConnect: false,
          parser: null,
          maxHeadersCount: null,
          reusedSocket: true,
          host: 'localhost',
          protocol: 'http:',
          _redirectable: Writable {
            _events: [Object],
            _writableState: [WritableState],
            _maxListeners: undefined,
            _options: [Object],
            _ended: true,
            _ending: true,
            _redirectCount: 0,
            _redirects: [],
            _requestBodyLength: 0,
            _requestBodyBuffers: [],
            _eventsCount: 3,
            _onNativeResponse: [Function (anonymous)],
            _currentRequest: [Circular *1],
            _currentUrl: 'http://localhost:9191/api/dashboard/summary',
            [Symbol(shapeMode)]: true,
            [Symbol(kCapture)]: false
          },
          [Symbol(shapeMode)]: false,
          [Symbol(kCapture)]: false,
          [Symbol(kBytesWritten)]: 0,
          [Symbol(kNeedDrain)]: false,
          [Symbol(corked)]: 0,
          [Symbol(kChunkedBuffer)]: [],
          [Symbol(kChunkedLength)]: 0,
          [Symbol(kSocket)]: Socket {
            connecting: false,
            _hadError: false,
            _parent: null,
            _host: 'localhost',
            _closeAfterHandlingError: false,
            _events: [Object],
            _readableState: [ReadableState],
            _writableState: [WritableState],
            allowHalfOpen: false,
            _maxListeners: undefined,
            _eventsCount: 6,
            _sockname: null,
            _pendingData: null,
            _pendingEncoding: '',
            server: null,
            _server: null,
            timeout: 5000,
            parser: null,
            _httpMessage: null,
            [Symbol(async_id_symbol)]: -1,
            [Symbol(kHandle)]: [TCP],
            [Symbol(lastWriteQueueSize)]: 0,
            [Symbol(timeout)]: Timeout {
              _idleTimeout: 5000,
              _idlePrev: [TimersList],
              _idleNext: [Timeout],
              _idleStart: 4187,
              _onTimeout: [Function: bound ],
              _timerArgs: undefined,
              _repeat: null,
              _destroyed: false,
              [Symbol(refed)]: false,
              [Symbol(kHasPrimitive)]: false,
              [Symbol(asyncId)]: 143,
              [Symbol(triggerId)]: 141,
              [Symbol(kAsyncContextFrame)]: undefined
            },
            [Symbol(kBuffer)]: null,
            [Symbol(kBufferCb)]: null,
            [Symbol(kBufferGen)]: null,
            [Symbol(shapeMode)]: true,
            [Symbol(kCapture)]: false,
            [Symbol(kSetNoDelay)]: true,
            [Symbol(kSetKeepAlive)]: true,
            [Symbol(kSetKeepAliveInitialDelay)]: 1,
            [Symbol(kBytesRead)]: 0,
            [Symbol(kBytesWritten)]: 0
          },
          [Symbol(kOutHeaders)]: [Object: null prototype] {
            accept: [Array],
            'user-agent': [Array],
            'accept-encoding': [Array],
            host: [Array]
          },
          [Symbol(errored)]: null,
          [Symbol(kHighWaterMark)]: 65536,
          [Symbol(kRejectNonStandardBodyWrites)]: false,
          [Symbol(kUniqueHeaders)]: null
        },
        response: {
          status: 403,
          statusText: '',
          headers: Object [AxiosHeaders] {
            'content-type': 'application/json',
            'content-length': '94',
            date: 'Tue, 04 Aug 2026 10:36:42 GMT',
            'keep-alive': 'timeout=60',
            connection: 'keep-alive'
          },
          config: {
            transitional: [Object],
            adapter: [Array],
            transformRequest: [Array],
            transformResponse: [Array],
            timeout: 0,
            xsrfCookieName: 'XSRF-TOKEN',
            xsrfHeaderName: 'X-XSRF-TOKEN',
            maxContentLength: -1,
            maxBodyLength: -1,
            env: [Object],
            validateStatus: [Function: validateStatus],
            headers: [Object [AxiosHeaders]],
            baseURL: 'http://localhost:9191',
            method: 'get',
            url: '/api/dashboard/summary',
            data: undefined
          },
          request: <ref *1> ClientRequest {
            _events: [Object: null prototype],
            _eventsCount: 7,
            _maxListeners: undefined,
            outputData: [],
            outputSize: 0,
            writable: true,
            destroyed: true,
            _last: true,
            chunkedEncoding: false,
            shouldKeepAlive: true,
            maxRequestsOnConnectionReached: false,
            _defaultKeepAlive: true,
            useChunkedEncodingByDefault: false,
            sendDate: false,
            _removedConnection: false,
            _removedContLen: false,
            _removedTE: false,
            strictContentLength: false,
            _contentLength: 0,
            _hasBody: true,
            _trailer: '',
            finished: true,
            _headerSent: true,
            _closed: true,
            _header: 'GET /api/dashboard/summary HTTP/1.1\r\n' +
              'Accept: application/json, text/plain, */*\r\n' +
              'User-Agent: axios/1.6.0\r\n' +
              'Accept-Encoding: gzip, compress, deflate, br\r\n' +
              'Host: localhost:9191\r\n' +
              'Connection: keep-alive\r\n' +
              '\r\n',
            _keepAliveTimeout: 0,
            _onPendingData: [Function: nop],
            agent: [Agent],
            socketPath: undefined,
            method: 'GET',
            maxHeaderSize: undefined,
            insecureHTTPParser: undefined,
            joinDuplicateHeaders: undefined,
            path: '/api/dashboard/summary',
            _ended: true,
            res: [IncomingMessage],
            aborted: false,
            timeoutCb: null,
            upgradeOrConnect: false,
            parser: null,
            maxHeadersCount: null,
            reusedSocket: true,
            host: 'localhost',
            protocol: 'http:',
            _redirectable: [Writable],
            [Symbol(shapeMode)]: false,
            [Symbol(kCapture)]: false,
            [Symbol(kBytesWritten)]: 0,
            [Symbol(kNeedDrain)]: false,
            [Symbol(corked)]: 0,
            [Symbol(kChunkedBuffer)]: [],
            [Symbol(kChunkedLength)]: 0,
            [Symbol(kSocket)]: [Socket],
            [Symbol(kOutHeaders)]: [Object: null prototype],
            [Symbol(errored)]: null,
            [Symbol(kHighWaterMark)]: 65536,
            [Symbol(kRejectNonStandardBodyWrites)]: false,
            [Symbol(kUniqueHeaders)]: null
          },
          data: 'Invalid or expired token, Please login again Cannot invoke "String.trim()" because "s" is null'
        }
      }

      89 |     } catch (error) {
      90 |       // Silently handle errors — dashboard is non-critical
    > 91 |       console.warn("Dashboard load error:", error);
         |               ^
      92 |     } finally {
      93 |       setSummaryLoading(false);
      94 |       setRecentLoading(false);

      at warn (screens/HomeScreen.tsx:91:15)
          at Generator.throw (<anonymous>)
      at asyncGeneratorStep (node_modules/@babel/runtime/helpers/asyncToGenerator.js:3:17)
      at _throw (node_modules/@babel/runtime/helpers/asyncToGenerator.js:20:9)

    console.warn
      Dashboard load error: AxiosError {
        message: 'Invalid or expired token, Please login again Cannot invoke "String.trim()" because "s" is null',
        name: 'AxiosError',
        code: 'ERR_BAD_REQUEST',
        config: {
          transitional: {
            silentJSONParsing: true,
            forcedJSONParsing: true,
            clarifyTimeoutError: false
          },
          adapter: [ 'xhr', 'http' ],
          transformRequest: [ [Function: transformRequest] ],
          transformResponse: [ [Function: transformResponse] ],
          timeout: 0,
          xsrfCookieName: 'XSRF-TOKEN',
          xsrfHeaderName: 'X-XSRF-TOKEN',
          maxContentLength: -1,
          maxBodyLength: -1,
          env: { FormData: [Function], Blob: [class Blob] },
          validateStatus: [Function: validateStatus],
          headers: Object [AxiosHeaders] {
            Accept: 'application/json, text/plain, */*',
            'Content-Type': undefined,
            'User-Agent': 'axios/1.6.0',
            'Accept-Encoding': 'gzip, compress, deflate, br'
          },
          baseURL: 'http://localhost:9191',
          method: 'get',
          url: '/api/dashboard/summary',
          data: undefined
        },
        request: <ref *1> ClientRequest {
          _events: [Object: null prototype] {
            abort: [Function (anonymous)],
            aborted: [Function (anonymous)],
            connect: [Function (anonymous)],
            error: [Function (anonymous)],
            socket: [Function (anonymous)],
            timeout: [Function (anonymous)],
            finish: [Function: requestOnFinish]
          },
          _eventsCount: 7,
          _maxListeners: undefined,
          outputData: [],
          outputSize: 0,
          writable: true,
          destroyed: true,
          _last: true,
          chunkedEncoding: false,
          shouldKeepAlive: true,
          maxRequestsOnConnectionReached: false,
          _defaultKeepAlive: true,
          useChunkedEncodingByDefault: false,
          sendDate: false,
          _removedConnection: false,
          _removedContLen: false,
          _removedTE: false,
          strictContentLength: false,
          _contentLength: 0,
          _hasBody: true,
          _trailer: '',
          finished: true,
          _headerSent: true,
          _closed: true,
          _header: 'GET /api/dashboard/summary HTTP/1.1\r\n' +
            'Accept: application/json, text/plain, */*\r\n' +
            'User-Agent: axios/1.6.0\r\n' +
            'Accept-Encoding: gzip, compress, deflate, br\r\n' +
            'Host: localhost:9191\r\n' +
            'Connection: keep-alive\r\n' +
            '\r\n',
          _keepAliveTimeout: 0,
          _onPendingData: [Function: nop],
          agent: Agent {
            _events: [Object: null prototype],
            _eventsCount: 2,
            _maxListeners: undefined,
            defaultPort: 80,
            protocol: 'http:',
            options: [Object: null prototype],
            requests: [Object: null prototype] {},
            sockets: [Object: null prototype],
            freeSockets: [Object: null prototype],
            keepAliveMsecs: 1000,
            keepAlive: true,
            maxSockets: Infinity,
            maxFreeSockets: 256,
            scheduling: 'lifo',
            maxTotalSockets: Infinity,
            totalSocketCount: 6,
            [Symbol(shapeMode)]: false,
            [Symbol(kCapture)]: false
          },
          socketPath: undefined,
          method: 'GET',
          maxHeaderSize: undefined,
          insecureHTTPParser: undefined,
          joinDuplicateHeaders: undefined,
          path: '/api/dashboard/summary',
          _ended: true,
          res: IncomingMessage {
            _events: [Object],
            _readableState: [ReadableState],
            _maxListeners: undefined,
            socket: null,
            httpVersionMajor: 1,
            httpVersionMinor: 1,
            httpVersion: '1.1',
            complete: true,
            rawHeaders: [Array],
            rawTrailers: [],
            joinDuplicateHeaders: undefined,
            aborted: false,
            upgrade: false,
            url: '',
            method: null,
            statusCode: 403,
            statusMessage: '',
            client: [Socket],
            _consuming: false,
            _dumped: false,
            req: [Circular *1],
            _eventsCount: 4,
            responseUrl: 'http://localhost:9191/api/dashboard/summary',
            redirects: [],
            [Symbol(shapeMode)]: true,
            [Symbol(kCapture)]: false,
            [Symbol(kHeaders)]: [Object],
            [Symbol(kHeadersCount)]: 10,
            [Symbol(kTrailers)]: null,
            [Symbol(kTrailersCount)]: 0
          },
          aborted: false,
          timeoutCb: null,
          upgradeOrConnect: false,
          parser: null,
          maxHeadersCount: null,
          reusedSocket: false,
          host: 'localhost',
          protocol: 'http:',
          _redirectable: Writable {
            _events: [Object],
            _writableState: [WritableState],
            _maxListeners: undefined,
            _options: [Object],
            _ended: true,
            _ending: true,
            _redirectCount: 0,
            _redirects: [],
            _requestBodyLength: 0,
            _requestBodyBuffers: [],
            _eventsCount: 3,
            _onNativeResponse: [Function (anonymous)],
            _currentRequest: [Circular *1],
            _currentUrl: 'http://localhost:9191/api/dashboard/summary',
            [Symbol(shapeMode)]: true,
            [Symbol(kCapture)]: false
          },
          [Symbol(shapeMode)]: false,
          [Symbol(kCapture)]: false,
          [Symbol(kBytesWritten)]: 0,
          [Symbol(kNeedDrain)]: false,
          [Symbol(corked)]: 0,
          [Symbol(kChunkedBuffer)]: [],
          [Symbol(kChunkedLength)]: 0,
          [Symbol(kSocket)]: Socket {
            connecting: false,
            _hadError: false,
            _parent: null,
            _host: 'localhost',
            _closeAfterHandlingError: false,
            _events: [Object],
            _readableState: [ReadableState],
            _writableState: [WritableState],
            allowHalfOpen: false,
            _maxListeners: undefined,
            _eventsCount: 6,
            _sockname: null,
            _pendingData: null,
            _pendingEncoding: '',
            server: null,
            _server: null,
            timeout: 5000,
            parser: null,
            _httpMessage: null,
            [Symbol(async_id_symbol)]: -1,
            [Symbol(kHandle)]: [TCP],
            [Symbol(lastWriteQueueSize)]: 0,
            [Symbol(timeout)]: Timeout {
              _idleTimeout: 5000,
              _idlePrev: [TimersList],
              _idleNext: [Timeout],
              _idleStart: 4223,
              _onTimeout: [Function: bound ],
              _timerArgs: undefined,
              _repeat: null,
              _destroyed: false,
              [Symbol(refed)]: false,
              [Symbol(kHasPrimitive)]: false,
              [Symbol(asyncId)]: 225,
              [Symbol(triggerId)]: 223,
              [Symbol(kAsyncContextFrame)]: undefined
            },
            [Symbol(kBuffer)]: null,
            [Symbol(kBufferCb)]: null,
            [Symbol(kBufferGen)]: null,
            [Symbol(shapeMode)]: true,
            [Symbol(kCapture)]: false,
            [Symbol(kSetNoDelay)]: true,
            [Symbol(kSetKeepAlive)]: true,
            [Symbol(kSetKeepAliveInitialDelay)]: 1,
            [Symbol(kBytesRead)]: 0,
            [Symbol(kBytesWritten)]: 0
          },
          [Symbol(kOutHeaders)]: [Object: null prototype] {
            accept: [Array],
            'user-agent': [Array],
            'accept-encoding': [Array],
            host: [Array]
          },
          [Symbol(errored)]: null,
          [Symbol(kHighWaterMark)]: 65536,
          [Symbol(kRejectNonStandardBodyWrites)]: false,
          [Symbol(kUniqueHeaders)]: null
        },
        response: {
          status: 403,
          statusText: '',
          headers: Object [AxiosHeaders] {
            'content-type': 'application/json',
            'content-length': '94',
            date: 'Tue, 04 Aug 2026 10:36:42 GMT',
            'keep-alive': 'timeout=60',
            connection: 'keep-alive'
          },
          config: {
            transitional: [Object],
            adapter: [Array],
            transformRequest: [Array],
            transformResponse: [Array],
            timeout: 0,
            xsrfCookieName: 'XSRF-TOKEN',
            xsrfHeaderName: 'X-XSRF-TOKEN',
            maxContentLength: -1,
            maxBodyLength: -1,
            env: [Object],
            validateStatus: [Function: validateStatus],
            headers: [Object [AxiosHeaders]],
            baseURL: 'http://localhost:9191',
            method: 'get',
            url: '/api/dashboard/summary',
            data: undefined
          },
          request: <ref *1> ClientRequest {
            _events: [Object: null prototype],
            _eventsCount: 7,
            _maxListeners: undefined,
            outputData: [],
            outputSize: 0,
            writable: true,
            destroyed: true,
            _last: true,
            chunkedEncoding: false,
            shouldKeepAlive: true,
            maxRequestsOnConnectionReached: false,
            _defaultKeepAlive: true,
            useChunkedEncodingByDefault: false,
            sendDate: false,
            _removedConnection: false,
            _removedContLen: false,
            _removedTE: false,
            strictContentLength: false,
            _contentLength: 0,
            _hasBody: true,
            _trailer: '',
            finished: true,
            _headerSent: true,
            _closed: true,
            _header: 'GET /api/dashboard/summary HTTP/1.1\r\n' +
              'Accept: application/json, text/plain, */*\r\n' +
              'User-Agent: axios/1.6.0\r\n' +
              'Accept-Encoding: gzip, compress, deflate, br\r\n' +
              'Host: localhost:9191\r\n' +
              'Connection: keep-alive\r\n' +
              '\r\n',
            _keepAliveTimeout: 0,
            _onPendingData: [Function: nop],
            agent: [Agent],
            socketPath: undefined,
            method: 'GET',
            maxHeaderSize: undefined,
            insecureHTTPParser: undefined,
            joinDuplicateHeaders: undefined,
            path: '/api/dashboard/summary',
            _ended: true,
            res: [IncomingMessage],
            aborted: false,
            timeoutCb: null,
            upgradeOrConnect: false,
            parser: null,
            maxHeadersCount: null,
            reusedSocket: false,
            host: 'localhost',
            protocol: 'http:',
            _redirectable: [Writable],
            [Symbol(shapeMode)]: false,
            [Symbol(kCapture)]: false,
            [Symbol(kBytesWritten)]: 0,
            [Symbol(kNeedDrain)]: false,
            [Symbol(corked)]: 0,
            [Symbol(kChunkedBuffer)]: [],
            [Symbol(kChunkedLength)]: 0,
            [Symbol(kSocket)]: [Socket],
            [Symbol(kOutHeaders)]: [Object: null prototype],
            [Symbol(errored)]: null,
            [Symbol(kHighWaterMark)]: 65536,
            [Symbol(kRejectNonStandardBodyWrites)]: false,
            [Symbol(kUniqueHeaders)]: null
          },
          data: 'Invalid or expired token, Please login again Cannot invoke "String.trim()" because "s" is null'
        }
      }

      89 |     } catch (error) {
      90 |       // Silently handle errors — dashboard is non-critical
    > 91 |       console.warn("Dashboard load error:", error);
         |               ^
      92 |     } finally {
      93 |       setSummaryLoading(false);
      94 |       setRecentLoading(false);

      at warn (screens/HomeScreen.tsx:91:15)
          at Generator.throw (<anonymous>)
      at asyncGeneratorStep (node_modules/@babel/runtime/helpers/asyncToGenerator.js:3:17)
      at _throw (node_modules/@babel/runtime/helpers/asyncToGenerator.js:20:9)

    console.warn
      Dashboard load error: AxiosError {
        message: 'Invalid or expired token, Please login again Cannot invoke "String.trim()" because "s" is null',
        name: 'AxiosError',
        code: 'ERR_BAD_REQUEST',
        config: {
          transitional: {
            silentJSONParsing: true,
            forcedJSONParsing: true,
            clarifyTimeoutError: false
          },
          adapter: [ 'xhr', 'http' ],
          transformRequest: [ [Function: transformRequest] ],
          transformResponse: [ [Function: transformResponse] ],
          timeout: 0,
          xsrfCookieName: 'XSRF-TOKEN',
          xsrfHeaderName: 'X-XSRF-TOKEN',
          maxContentLength: -1,
          maxBodyLength: -1,
          env: { FormData: [Function], Blob: [class Blob] },
          validateStatus: [Function: validateStatus],
          headers: Object [AxiosHeaders] {
            Accept: 'application/json, text/plain, */*',
            'Content-Type': undefined,
            'User-Agent': 'axios/1.6.0',
            'Accept-Encoding': 'gzip, compress, deflate, br'
          },
          baseURL: 'http://localhost:9191',
          method: 'get',
          url: '/api/dashboard/recent?limit=5&offset=0',
          data: undefined
        },
        request: <ref *1> ClientRequest {
          _events: [Object: null prototype] {
            abort: [Function (anonymous)],
            aborted: [Function (anonymous)],
            connect: [Function (anonymous)],
            error: [Function (anonymous)],
            socket: [Function (anonymous)],
            timeout: [Function (anonymous)],
            finish: [Function: requestOnFinish]
          },
          _eventsCount: 7,
          _maxListeners: undefined,
          outputData: [],
          outputSize: 0,
          writable: true,
          destroyed: true,
          _last: true,
          chunkedEncoding: false,
          shouldKeepAlive: true,
          maxRequestsOnConnectionReached: false,
          _defaultKeepAlive: true,
          useChunkedEncodingByDefault: false,
          sendDate: false,
          _removedConnection: false,
          _removedContLen: false,
          _removedTE: false,
          strictContentLength: false,
          _contentLength: 0,
          _hasBody: true,
          _trailer: '',
          finished: true,
          _headerSent: true,
          _closed: true,
          _header: 'GET /api/dashboard/recent?limit=5&offset=0 HTTP/1.1\r\n' +
            'Accept: application/json, text/plain, */*\r\n' +
            'User-Agent: axios/1.6.0\r\n' +
            'Accept-Encoding: gzip, compress, deflate, br\r\n' +
            'Host: localhost:9191\r\n' +
            'Connection: keep-alive\r\n' +
            '\r\n',
          _keepAliveTimeout: 0,
          _onPendingData: [Function: nop],
          agent: Agent {
            _events: [Object: null prototype],
            _eventsCount: 2,
            _maxListeners: undefined,
            defaultPort: 80,
            protocol: 'http:',
            options: [Object: null prototype],
            requests: [Object: null prototype] {},
            sockets: [Object: null prototype],
            freeSockets: [Object: null prototype],
            keepAliveMsecs: 1000,
            keepAlive: true,
            maxSockets: Infinity,
            maxFreeSockets: 256,
            scheduling: 'lifo',
            maxTotalSockets: Infinity,
            totalSocketCount: 6,
            [Symbol(shapeMode)]: false,
            [Symbol(kCapture)]: false
          },
          socketPath: undefined,
          method: 'GET',
          maxHeaderSize: undefined,
          insecureHTTPParser: undefined,
          joinDuplicateHeaders: undefined,
          path: '/api/dashboard/recent?limit=5&offset=0',
          _ended: true,
          res: IncomingMessage {
            _events: [Object],
            _readableState: [ReadableState],
            _maxListeners: undefined,
            socket: null,
            httpVersionMajor: 1,
            httpVersionMinor: 1,
            httpVersion: '1.1',
            complete: true,
            rawHeaders: [Array],
            rawTrailers: [],
            joinDuplicateHeaders: undefined,
            aborted: false,
            upgrade: false,
            url: '',
            method: null,
            statusCode: 403,
            statusMessage: '',
            client: [Socket],
            _consuming: false,
            _dumped: false,
            req: [Circular *1],
            _eventsCount: 4,
            responseUrl: 'http://localhost:9191/api/dashboard/recent?limit=5&offset=0',
            redirects: [],
            [Symbol(shapeMode)]: true,
            [Symbol(kCapture)]: false,
            [Symbol(kHeaders)]: [Object],
            [Symbol(kHeadersCount)]: 10,
            [Symbol(kTrailers)]: null,
            [Symbol(kTrailersCount)]: 0
          },
          aborted: false,
          timeoutCb: null,
          upgradeOrConnect: false,
          parser: null,
          maxHeadersCount: null,
          reusedSocket: true,
          host: 'localhost',
          protocol: 'http:',
          _redirectable: Writable {
            _events: [Object],
            _writableState: [WritableState],
            _maxListeners: undefined,
            _options: [Object],
            _ended: true,
            _ending: true,
            _redirectCount: 0,
            _redirects: [],
            _requestBodyLength: 0,
            _requestBodyBuffers: [],
            _eventsCount: 3,
            _onNativeResponse: [Function (anonymous)],
            _currentRequest: [Circular *1],
            _currentUrl: 'http://localhost:9191/api/dashboard/recent?limit=5&offset=0',
            [Symbol(shapeMode)]: true,
            [Symbol(kCapture)]: false
          },
          [Symbol(shapeMode)]: false,
          [Symbol(kCapture)]: false,
          [Symbol(kBytesWritten)]: 0,
          [Symbol(kNeedDrain)]: false,
          [Symbol(corked)]: 0,
          [Symbol(kChunkedBuffer)]: [],
          [Symbol(kChunkedLength)]: 0,
          [Symbol(kSocket)]: Socket {
            connecting: false,
            _hadError: false,
            _parent: null,
            _host: 'localhost',
            _closeAfterHandlingError: false,
            _events: [Object],
            _readableState: [ReadableState],
            _writableState: [WritableState],
            allowHalfOpen: false,
            _maxListeners: undefined,
            _eventsCount: 6,
            _sockname: null,
            _pendingData: null,
            _pendingEncoding: '',
            server: null,
            _server: null,
            timeout: 5000,
            parser: null,
            _httpMessage: null,
            [Symbol(async_id_symbol)]: -1,
            [Symbol(kHandle)]: [TCP],
            [Symbol(lastWriteQueueSize)]: 0,
            [Symbol(timeout)]: Timeout {
              _idleTimeout: 5000,
              _idlePrev: [TimersList],
              _idleNext: [Timeout],
              _idleStart: 4224,
              _onTimeout: [Function: bound ],
              _timerArgs: undefined,
              _repeat: null,
              _destroyed: false,
              [Symbol(refed)]: false,
              [Symbol(kHasPrimitive)]: false,
              [Symbol(asyncId)]: 249,
              [Symbol(triggerId)]: 247,
              [Symbol(kAsyncContextFrame)]: undefined
            },
            [Symbol(kBuffer)]: null,
            [Symbol(kBufferCb)]: null,
            [Symbol(kBufferGen)]: null,
            [Symbol(shapeMode)]: true,
            [Symbol(kCapture)]: false,
            [Symbol(kSetNoDelay)]: true,
            [Symbol(kSetKeepAlive)]: true,
            [Symbol(kSetKeepAliveInitialDelay)]: 1,
            [Symbol(kBytesRead)]: 0,
            [Symbol(kBytesWritten)]: 0
          },
          [Symbol(kOutHeaders)]: [Object: null prototype] {
            accept: [Array],
            'user-agent': [Array],
            'accept-encoding': [Array],
            host: [Array]
          },
          [Symbol(errored)]: null,
          [Symbol(kHighWaterMark)]: 65536,
          [Symbol(kRejectNonStandardBodyWrites)]: false,
          [Symbol(kUniqueHeaders)]: null
        },
        response: {
          status: 403,
          statusText: '',
          headers: Object [AxiosHeaders] {
            'content-type': 'application/json',
            'content-length': '94',
            date: 'Tue, 04 Aug 2026 10:36:42 GMT',
            'keep-alive': 'timeout=60',
            connection: 'keep-alive'
          },
          config: {
            transitional: [Object],
            adapter: [Array],
            transformRequest: [Array],
            transformResponse: [Array],
            timeout: 0,
            xsrfCookieName: 'XSRF-TOKEN',
            xsrfHeaderName: 'X-XSRF-TOKEN',
            maxContentLength: -1,
            maxBodyLength: -1,
            env: [Object],
            validateStatus: [Function: validateStatus],
            headers: [Object [AxiosHeaders]],
            baseURL: 'http://localhost:9191',
            method: 'get',
            url: '/api/dashboard/recent?limit=5&offset=0',
            data: undefined
          },
          request: <ref *1> ClientRequest {
            _events: [Object: null prototype],
            _eventsCount: 7,
            _maxListeners: undefined,
            outputData: [],
            outputSize: 0,
            writable: true,
            destroyed: true,
            _last: true,
            chunkedEncoding: false,
            shouldKeepAlive: true,
            maxRequestsOnConnectionReached: false,
            _defaultKeepAlive: true,
            useChunkedEncodingByDefault: false,
            sendDate: false,
            _removedConnection: false,
            _removedContLen: false,
            _removedTE: false,
            strictContentLength: false,
            _contentLength: 0,
            _hasBody: true,
            _trailer: '',
            finished: true,
            _headerSent: true,
            _closed: true,
            _header: 'GET /api/dashboard/recent?limit=5&offset=0 HTTP/1.1\r\n' +
              'Accept: application/json, text/plain, */*\r\n' +
              'User-Agent: axios/1.6.0\r\n' +
              'Accept-Encoding: gzip, compress, deflate, br\r\n' +
              'Host: localhost:9191\r\n' +
              'Connection: keep-alive\r\n' +
              '\r\n',
            _keepAliveTimeout: 0,
            _onPendingData: [Function: nop],
            agent: [Agent],
            socketPath: undefined,
            method: 'GET',
            maxHeaderSize: undefined,
            insecureHTTPParser: undefined,
            joinDuplicateHeaders: undefined,
            path: '/api/dashboard/recent?limit=5&offset=0',
            _ended: true,
            res: [IncomingMessage],
            aborted: false,
            timeoutCb: null,
            upgradeOrConnect: false,
            parser: null,
            maxHeadersCount: null,
            reusedSocket: true,
            host: 'localhost',
            protocol: 'http:',
            _redirectable: [Writable],
            [Symbol(shapeMode)]: false,
            [Symbol(kCapture)]: false,
            [Symbol(kBytesWritten)]: 0,
            [Symbol(kNeedDrain)]: false,
            [Symbol(corked)]: 0,
            [Symbol(kChunkedBuffer)]: [],
            [Symbol(kChunkedLength)]: 0,
            [Symbol(kSocket)]: [Socket],
            [Symbol(kOutHeaders)]: [Object: null prototype],
            [Symbol(errored)]: null,
            [Symbol(kHighWaterMark)]: 65536,
            [Symbol(kRejectNonStandardBodyWrites)]: false,
            [Symbol(kUniqueHeaders)]: null
          },
          data: 'Invalid or expired token, Please login again Cannot invoke "String.trim()" because "s" is null'
        }
      }

      89 |     } catch (error) {
      90 |       // Silently handle errors — dashboard is non-critical
    > 91 |       console.warn("Dashboard load error:", error);
         |               ^
      92 |     } finally {
      93 |       setSummaryLoading(false);
      94 |       setRecentLoading(false);

      at warn (screens/HomeScreen.tsx:91:15)
          at Generator.throw (<anonymous>)
      at asyncGeneratorStep (node_modules/@babel/runtime/helpers/asyncToGenerator.js:3:17)
      at _throw (node_modules/@babel/runtime/helpers/asyncToGenerator.js:20:9)

    console.warn
      Dashboard load error: AxiosError {
        message: 'Invalid or expired token, Please login again Cannot invoke "String.trim()" because "s" is null',
        name: 'AxiosError',
        code: 'ERR_BAD_REQUEST',
        config: {
          transitional: {
            silentJSONParsing: true,
            forcedJSONParsing: true,
            clarifyTimeoutError: false
          },
          adapter: [ 'xhr', 'http' ],
          transformRequest: [ [Function: transformRequest] ],
          transformResponse: [ [Function: transformResponse] ],
          timeout: 0,
          xsrfCookieName: 'XSRF-TOKEN',
          xsrfHeaderName: 'X-XSRF-TOKEN',
          maxContentLength: -1,
          maxBodyLength: -1,
          env: { FormData: [Function], Blob: [class Blob] },
          validateStatus: [Function: validateStatus],
          headers: Object [AxiosHeaders] {
            Accept: 'application/json, text/plain, */*',
            'Content-Type': undefined,
            'User-Agent': 'axios/1.6.0',
            'Accept-Encoding': 'gzip, compress, deflate, br'
          },
          baseURL: 'http://localhost:9191',
          method: 'get',
          url: '/api/dashboard/summary',
          data: undefined
        },
        request: <ref *1> ClientRequest {
          _events: [Object: null prototype] {
            abort: [Function (anonymous)],
            aborted: [Function (anonymous)],
            connect: [Function (anonymous)],
            error: [Function (anonymous)],
            socket: [Function (anonymous)],
            timeout: [Function (anonymous)],
            finish: [Function: requestOnFinish]
          },
          _eventsCount: 7,
          _maxListeners: undefined,
          outputData: [],
          outputSize: 0,
          writable: true,
          destroyed: true,
          _last: true,
          chunkedEncoding: false,
          shouldKeepAlive: true,
          maxRequestsOnConnectionReached: false,
          _defaultKeepAlive: true,
          useChunkedEncodingByDefault: false,
          sendDate: false,
          _removedConnection: false,
          _removedContLen: false,
          _removedTE: false,
          strictContentLength: false,
          _contentLength: 0,
          _hasBody: true,
          _trailer: '',
          finished: true,
          _headerSent: true,
          _closed: true,
          _header: 'GET /api/dashboard/summary HTTP/1.1\r\n' +
            'Accept: application/json, text/plain, */*\r\n' +
            'User-Agent: axios/1.6.0\r\n' +
            'Accept-Encoding: gzip, compress, deflate, br\r\n' +
            'Host: localhost:9191\r\n' +
            'Connection: keep-alive\r\n' +
            '\r\n',
          _keepAliveTimeout: 0,
          _onPendingData: [Function: nop],
          agent: Agent {
            _events: [Object: null prototype],
            _eventsCount: 2,
            _maxListeners: undefined,
            defaultPort: 80,
            protocol: 'http:',
            options: [Object: null prototype],
            requests: [Object: null prototype] {},
            sockets: [Object: null prototype],
            freeSockets: [Object: null prototype],
            keepAliveMsecs: 1000,
            keepAlive: true,
            maxSockets: Infinity,
            maxFreeSockets: 256,
            scheduling: 'lifo',
            maxTotalSockets: Infinity,
            totalSocketCount: 6,
            [Symbol(shapeMode)]: false,
            [Symbol(kCapture)]: false
          },
          socketPath: undefined,
          method: 'GET',
          maxHeaderSize: undefined,
          insecureHTTPParser: undefined,
          joinDuplicateHeaders: undefined,
          path: '/api/dashboard/summary',
          _ended: true,
          res: IncomingMessage {
            _events: [Object],
            _readableState: [ReadableState],
            _maxListeners: undefined,
            socket: null,
            httpVersionMajor: 1,
            httpVersionMinor: 1,
            httpVersion: '1.1',
            complete: true,
            rawHeaders: [Array],
            rawTrailers: [],
            joinDuplicateHeaders: undefined,
            aborted: false,
            upgrade: false,
            url: '',
            method: null,
            statusCode: 403,
            statusMessage: '',
            client: [Socket],
            _consuming: false,
            _dumped: false,
            req: [Circular *1],
            _eventsCount: 4,
            responseUrl: 'http://localhost:9191/api/dashboard/summary',
            redirects: [],
            [Symbol(shapeMode)]: true,
            [Symbol(kCapture)]: false,
            [Symbol(kHeaders)]: [Object],
            [Symbol(kHeadersCount)]: 10,
            [Symbol(kTrailers)]: null,
            [Symbol(kTrailersCount)]: 0
          },
          aborted: false,
          timeoutCb: null,
          upgradeOrConnect: false,
          parser: null,
          maxHeadersCount: null,
          reusedSocket: false,
          host: 'localhost',
          protocol: 'http:',
          _redirectable: Writable {
            _events: [Object],
            _writableState: [WritableState],
            _maxListeners: undefined,
            _options: [Object],
            _ended: true,
            _ending: true,
            _redirectCount: 0,
            _redirects: [],
            _requestBodyLength: 0,
            _requestBodyBuffers: [],
            _eventsCount: 3,
            _onNativeResponse: [Function (anonymous)],
            _currentRequest: [Circular *1],
            _currentUrl: 'http://localhost:9191/api/dashboard/summary',
            [Symbol(shapeMode)]: true,
            [Symbol(kCapture)]: false
          },
          [Symbol(shapeMode)]: false,
          [Symbol(kCapture)]: false,
          [Symbol(kBytesWritten)]: 0,
          [Symbol(kNeedDrain)]: false,
          [Symbol(corked)]: 0,
          [Symbol(kChunkedBuffer)]: [],
          [Symbol(kChunkedLength)]: 0,
          [Symbol(kSocket)]: Socket {
            connecting: false,
            _hadError: false,
            _parent: null,
            _host: 'localhost',
            _closeAfterHandlingError: false,
            _events: [Object],
            _readableState: [ReadableState],
            _writableState: [WritableState],
            allowHalfOpen: false,
            _maxListeners: undefined,
            _eventsCount: 6,
            _sockname: null,
            _pendingData: null,
            _pendingEncoding: '',
            server: null,
            _server: null,
            timeout: 5000,
            parser: null,
            _httpMessage: null,
            [Symbol(async_id_symbol)]: -1,
            [Symbol(kHandle)]: [TCP],
            [Symbol(lastWriteQueueSize)]: 0,
            [Symbol(timeout)]: Timeout {
              _idleTimeout: 5000,
              _idlePrev: [TimersList],
              _idleNext: [Timeout],
              _idleStart: 4263,
              _onTimeout: [Function: bound ],
              _timerArgs: undefined,
              _repeat: null,
              _destroyed: false,
              [Symbol(refed)]: false,
              [Symbol(kHasPrimitive)]: false,
              [Symbol(asyncId)]: 327,
              [Symbol(triggerId)]: 325,
              [Symbol(kAsyncContextFrame)]: undefined
            },
            [Symbol(kBuffer)]: null,
            [Symbol(kBufferCb)]: null,
            [Symbol(kBufferGen)]: null,
            [Symbol(shapeMode)]: true,
            [Symbol(kCapture)]: false,
            [Symbol(kSetNoDelay)]: true,
            [Symbol(kSetKeepAlive)]: true,
            [Symbol(kSetKeepAliveInitialDelay)]: 1,
            [Symbol(kBytesRead)]: 0,
            [Symbol(kBytesWritten)]: 0
          },
          [Symbol(kOutHeaders)]: [Object: null prototype] {
            accept: [Array],
            'user-agent': [Array],
            'accept-encoding': [Array],
            host: [Array]
          },
          [Symbol(errored)]: null,
          [Symbol(kHighWaterMark)]: 65536,
          [Symbol(kRejectNonStandardBodyWrites)]: false,
          [Symbol(kUniqueHeaders)]: null
        },
        response: {
          status: 403,
          statusText: '',
          headers: Object [AxiosHeaders] {
            'content-type': 'application/json',
            'content-length': '94',
            date: 'Tue, 04 Aug 2026 10:36:42 GMT',
            'keep-alive': 'timeout=60',
            connection: 'keep-alive'
          },
          config: {
            transitional: [Object],
            adapter: [Array],
            transformRequest: [Array],
            transformResponse: [Array],
            timeout: 0,
            xsrfCookieName: 'XSRF-TOKEN',
            xsrfHeaderName: 'X-XSRF-TOKEN',
            maxContentLength: -1,
            maxBodyLength: -1,
            env: [Object],
            validateStatus: [Function: validateStatus],
            headers: [Object [AxiosHeaders]],
            baseURL: 'http://localhost:9191',
            method: 'get',
            url: '/api/dashboard/summary',
            data: undefined
          },
          request: <ref *1> ClientRequest {
            _events: [Object: null prototype],
            _eventsCount: 7,
            _maxListeners: undefined,
            outputData: [],
            outputSize: 0,
            writable: true,
            destroyed: true,
            _last: true,
            chunkedEncoding: false,
            shouldKeepAlive: true,
            maxRequestsOnConnectionReached: false,
            _defaultKeepAlive: true,
            useChunkedEncodingByDefault: false,
            sendDate: false,
            _removedConnection: false,
            _removedContLen: false,
            _removedTE: false,
            strictContentLength: false,
            _contentLength: 0,
            _hasBody: true,
            _trailer: '',
            finished: true,
            _headerSent: true,
            _closed: true,
            _header: 'GET /api/dashboard/summary HTTP/1.1\r\n' +
              'Accept: application/json, text/plain, */*\r\n' +
              'User-Agent: axios/1.6.0\r\n' +
              'Accept-Encoding: gzip, compress, deflate, br\r\n' +
              'Host: localhost:9191\r\n' +
              'Connection: keep-alive\r\n' +
              '\r\n',
            _keepAliveTimeout: 0,
            _onPendingData: [Function: nop],
            agent: [Agent],
            socketPath: undefined,
            method: 'GET',
            maxHeaderSize: undefined,
            insecureHTTPParser: undefined,
            joinDuplicateHeaders: undefined,
            path: '/api/dashboard/summary',
            _ended: true,
            res: [IncomingMessage],
            aborted: false,
            timeoutCb: null,
            upgradeOrConnect: false,
            parser: null,
            maxHeadersCount: null,
            reusedSocket: false,
            host: 'localhost',
            protocol: 'http:',
            _redirectable: [Writable],
            [Symbol(shapeMode)]: false,
            [Symbol(kCapture)]: false,
            [Symbol(kBytesWritten)]: 0,
            [Symbol(kNeedDrain)]: false,
            [Symbol(corked)]: 0,
            [Symbol(kChunkedBuffer)]: [],
            [Symbol(kChunkedLength)]: 0,
            [Symbol(kSocket)]: [Socket],
            [Symbol(kOutHeaders)]: [Object: null prototype],
            [Symbol(errored)]: null,
            [Symbol(kHighWaterMark)]: 65536,
            [Symbol(kRejectNonStandardBodyWrites)]: false,
            [Symbol(kUniqueHeaders)]: null
          },
          data: 'Invalid or expired token, Please login again Cannot invoke "String.trim()" because "s" is null'
        }
      }

      89 |     } catch (error) {
      90 |       // Silently handle errors — dashboard is non-critical
    > 91 |       console.warn("Dashboard load error:", error);
         |               ^
      92 |     } finally {
      93 |       setSummaryLoading(false);
      94 |       setRecentLoading(false);

      at warn (screens/HomeScreen.tsx:91:15)
          at Generator.throw (<anonymous>)
      at asyncGeneratorStep (node_modules/@babel/runtime/helpers/asyncToGenerator.js:3:17)
      at _throw (node_modules/@babel/runtime/helpers/asyncToGenerator.js:20:9)

    console.warn
      Dashboard load error: AxiosError {
        message: 'Invalid or expired token, Please login again Cannot invoke "String.trim()" because "s" is null',
        name: 'AxiosError',
        code: 'ERR_BAD_REQUEST',
        config: {
          transitional: {
            silentJSONParsing: true,
            forcedJSONParsing: true,
            clarifyTimeoutError: false
          },
          adapter: [ 'xhr', 'http' ],
          transformRequest: [ [Function: transformRequest] ],
          transformResponse: [ [Function: transformResponse] ],
          timeout: 0,
          xsrfCookieName: 'XSRF-TOKEN',
          xsrfHeaderName: 'X-XSRF-TOKEN',
          maxContentLength: -1,
          maxBodyLength: -1,
          env: { FormData: [Function], Blob: [class Blob] },
          validateStatus: [Function: validateStatus],
          headers: Object [AxiosHeaders] {
            Accept: 'application/json, text/plain, */*',
            'Content-Type': undefined,
            'User-Agent': 'axios/1.6.0',
            'Accept-Encoding': 'gzip, compress, deflate, br'
          },
          baseURL: 'http://localhost:9191',
          method: 'get',
          url: '/api/dashboard/summary',
          data: undefined
        },
        request: <ref *1> ClientRequest {
          _events: [Object: null prototype] {
            abort: [Function (anonymous)],
            aborted: [Function (anonymous)],
            connect: [Function (anonymous)],
            error: [Function (anonymous)],
            socket: [Function (anonymous)],
            timeout: [Function (anonymous)],
            finish: [Function: requestOnFinish]
          },
          _eventsCount: 7,
          _maxListeners: undefined,
          outputData: [],
          outputSize: 0,
          writable: true,
          destroyed: true,
          _last: true,
          chunkedEncoding: false,
          shouldKeepAlive: true,
          maxRequestsOnConnectionReached: false,
          _defaultKeepAlive: true,
          useChunkedEncodingByDefault: false,
          sendDate: false,
          _removedConnection: false,
          _removedContLen: false,
          _removedTE: false,
          strictContentLength: false,
          _contentLength: 0,
          _hasBody: true,
          _trailer: '',
          finished: true,
          _headerSent: true,
          _closed: true,
          _header: 'GET /api/dashboard/summary HTTP/1.1\r\n' +
            'Accept: application/json, text/plain, */*\r\n' +
            'User-Agent: axios/1.6.0\r\n' +
            'Accept-Encoding: gzip, compress, deflate, br\r\n' +
            'Host: localhost:9191\r\n' +
            'Connection: keep-alive\r\n' +
            '\r\n',
          _keepAliveTimeout: 0,
          _onPendingData: [Function: nop],
          agent: Agent {
            _events: [Object: null prototype],
            _eventsCount: 2,
            _maxListeners: undefined,
            defaultPort: 80,
            protocol: 'http:',
            options: [Object: null prototype],
            requests: [Object: null prototype] {},
            sockets: [Object: null prototype],
            freeSockets: [Object: null prototype],
            keepAliveMsecs: 1000,
            keepAlive: true,
            maxSockets: Infinity,
            maxFreeSockets: 256,
            scheduling: 'lifo',
            maxTotalSockets: Infinity,
            totalSocketCount: 6,
            [Symbol(shapeMode)]: false,
            [Symbol(kCapture)]: false
          },
          socketPath: undefined,
          method: 'GET',
          maxHeaderSize: undefined,
          insecureHTTPParser: undefined,
          joinDuplicateHeaders: undefined,
          path: '/api/dashboard/summary',
          _ended: true,
          res: IncomingMessage {
            _events: [Object],
            _readableState: [ReadableState],
            _maxListeners: undefined,
            socket: null,
            httpVersionMajor: 1,
            httpVersionMinor: 1,
            httpVersion: '1.1',
            complete: true,
            rawHeaders: [Array],
            rawTrailers: [],
            joinDuplicateHeaders: undefined,
            aborted: false,
            upgrade: false,
            url: '',
            method: null,
            statusCode: 403,
            statusMessage: '',
            client: [Socket],
            _consuming: false,
            _dumped: false,
            req: [Circular *1],
            _eventsCount: 4,
            responseUrl: 'http://localhost:9191/api/dashboard/summary',
            redirects: [],
            [Symbol(shapeMode)]: true,
            [Symbol(kCapture)]: false,
            [Symbol(kHeaders)]: [Object],
            [Symbol(kHeadersCount)]: 10,
            [Symbol(kTrailers)]: null,
            [Symbol(kTrailersCount)]: 0
          },
          aborted: false,
          timeoutCb: null,
          upgradeOrConnect: false,
          parser: null,
          maxHeadersCount: null,
          reusedSocket: true,
          host: 'localhost',
          protocol: 'http:',
          _redirectable: Writable {
            _events: [Object],
            _writableState: [WritableState],
            _maxListeners: undefined,
            _options: [Object],
            _ended: true,
            _ending: true,
            _redirectCount: 0,
            _redirects: [],
            _requestBodyLength: 0,
            _requestBodyBuffers: [],
            _eventsCount: 3,
            _onNativeResponse: [Function (anonymous)],
            _currentRequest: [Circular *1],
            _currentUrl: 'http://localhost:9191/api/dashboard/summary',
            [Symbol(shapeMode)]: true,
            [Symbol(kCapture)]: false
          },
          [Symbol(shapeMode)]: false,
          [Symbol(kCapture)]: false,
          [Symbol(kBytesWritten)]: 0,
          [Symbol(kNeedDrain)]: false,
          [Symbol(corked)]: 0,
          [Symbol(kChunkedBuffer)]: [],
          [Symbol(kChunkedLength)]: 0,
          [Symbol(kSocket)]: Socket {
            connecting: false,
            _hadError: false,
            _parent: null,
            _host: 'localhost',
            _closeAfterHandlingError: false,
            _events: [Object],
            _readableState: [ReadableState],
            _writableState: [WritableState],
            allowHalfOpen: false,
            _maxListeners: undefined,
            _eventsCount: 6,
            _sockname: null,
            _pendingData: null,
            _pendingEncoding: '',
            server: null,
            _server: null,
            timeout: 5000,
            parser: null,
            _httpMessage: null,
            [Symbol(async_id_symbol)]: -1,
            [Symbol(kHandle)]: [TCP],
            [Symbol(lastWriteQueueSize)]: 0,
            [Symbol(timeout)]: Timeout {
              _idleTimeout: 5000,
              _idlePrev: [TimersList],
              _idleNext: [Timeout],
              _idleStart: 4265,
              _onTimeout: [Function: bound ],
              _timerArgs: undefined,
              _repeat: null,
              _destroyed: false,
              [Symbol(refed)]: false,
              [Symbol(kHasPrimitive)]: false,
              [Symbol(asyncId)]: 351,
              [Symbol(triggerId)]: 349,
              [Symbol(kAsyncContextFrame)]: undefined
            },
            [Symbol(kBuffer)]: null,
            [Symbol(kBufferCb)]: null,
            [Symbol(kBufferGen)]: null,
            [Symbol(shapeMode)]: true,
            [Symbol(kCapture)]: false,
            [Symbol(kSetNoDelay)]: true,
            [Symbol(kSetKeepAlive)]: true,
            [Symbol(kSetKeepAliveInitialDelay)]: 1,
            [Symbol(kBytesRead)]: 0,
            [Symbol(kBytesWritten)]: 0
          },
          [Symbol(kOutHeaders)]: [Object: null prototype] {
            accept: [Array],
            'user-agent': [Array],
            'accept-encoding': [Array],
            host: [Array]
          },
          [Symbol(errored)]: null,
          [Symbol(kHighWaterMark)]: 65536,
          [Symbol(kRejectNonStandardBodyWrites)]: false,
          [Symbol(kUniqueHeaders)]: null
        },
        response: {
          status: 403,
          statusText: '',
          headers: Object [AxiosHeaders] {
            'content-type': 'application/json',
            'content-length': '94',
            date: 'Tue, 04 Aug 2026 10:36:42 GMT',
            'keep-alive': 'timeout=60',
            connection: 'keep-alive'
          },
          config: {
            transitional: [Object],
            adapter: [Array],
            transformRequest: [Array],
            transformResponse: [Array],
            timeout: 0,
            xsrfCookieName: 'XSRF-TOKEN',
            xsrfHeaderName: 'X-XSRF-TOKEN',
            maxContentLength: -1,
            maxBodyLength: -1,
            env: [Object],
            validateStatus: [Function: validateStatus],
            headers: [Object [AxiosHeaders]],
            baseURL: 'http://localhost:9191',
            method: 'get',
            url: '/api/dashboard/summary',
            data: undefined
          },
          request: <ref *1> ClientRequest {
            _events: [Object: null prototype],
            _eventsCount: 7,
            _maxListeners: undefined,
            outputData: [],
            outputSize: 0,
            writable: true,
            destroyed: true,
            _last: true,
            chunkedEncoding: false,
            shouldKeepAlive: true,
            maxRequestsOnConnectionReached: false,
            _defaultKeepAlive: true,
            useChunkedEncodingByDefault: false,
            sendDate: false,
            _removedConnection: false,
            _removedContLen: false,
            _removedTE: false,
            strictContentLength: false,
            _contentLength: 0,
            _hasBody: true,
            _trailer: '',
            finished: true,
            _headerSent: true,
            _closed: true,
            _header: 'GET /api/dashboard/summary HTTP/1.1\r\n' +
              'Accept: application/json, text/plain, */*\r\n' +
              'User-Agent: axios/1.6.0\r\n' +
              'Accept-Encoding: gzip, compress, deflate, br\r\n' +
              'Host: localhost:9191\r\n' +
              'Connection: keep-alive\r\n' +
              '\r\n',
            _keepAliveTimeout: 0,
            _onPendingData: [Function: nop],
            agent: [Agent],
            socketPath: undefined,
            method: 'GET',
            maxHeaderSize: undefined,
            insecureHTTPParser: undefined,
            joinDuplicateHeaders: undefined,
            path: '/api/dashboard/summary',
            _ended: true,
            res: [IncomingMessage],
            aborted: false,
            timeoutCb: null,
            upgradeOrConnect: false,
            parser: null,
            maxHeadersCount: null,
            reusedSocket: true,
            host: 'localhost',
            protocol: 'http:',
            _redirectable: [Writable],
            [Symbol(shapeMode)]: false,
            [Symbol(kCapture)]: false,
            [Symbol(kBytesWritten)]: 0,
            [Symbol(kNeedDrain)]: false,
            [Symbol(corked)]: 0,
            [Symbol(kChunkedBuffer)]: [],
            [Symbol(kChunkedLength)]: 0,
            [Symbol(kSocket)]: [Socket],
            [Symbol(kOutHeaders)]: [Object: null prototype],
            [Symbol(errored)]: null,
            [Symbol(kHighWaterMark)]: 65536,
            [Symbol(kRejectNonStandardBodyWrites)]: false,
            [Symbol(kUniqueHeaders)]: null
          },
          data: 'Invalid or expired token, Please login again Cannot invoke "String.trim()" because "s" is null'
        }
      }

      89 |     } catch (error) {
      90 |       // Silently handle errors — dashboard is non-critical
    > 91 |       console.warn("Dashboard load error:", error);
         |               ^
      92 |     } finally {
      93 |       setSummaryLoading(false);
      94 |       setRecentLoading(false);

      at warn (screens/HomeScreen.tsx:91:15)
          at Generator.throw (<anonymous>)
      at asyncGeneratorStep (node_modules/@babel/runtime/helpers/asyncToGenerator.js:3:17)
      at _throw (node_modules/@babel/runtime/helpers/asyncToGenerator.js:20:9)

    console.warn
      Dashboard load error: AxiosError {
        message: 'Invalid or expired token, Please login again Cannot invoke "String.trim()" because "s" is null',
        name: 'AxiosError',
        code: 'ERR_BAD_REQUEST',
        config: {
          transitional: {
            silentJSONParsing: true,
            forcedJSONParsing: true,
            clarifyTimeoutError: false
          },
          adapter: [ 'xhr', 'http' ],
          transformRequest: [ [Function: transformRequest] ],
          transformResponse: [ [Function: transformResponse] ],
          timeout: 0,
          xsrfCookieName: 'XSRF-TOKEN',
          xsrfHeaderName: 'X-XSRF-TOKEN',
          maxContentLength: -1,
          maxBodyLength: -1,
          env: { FormData: [Function], Blob: [class Blob] },
          validateStatus: [Function: validateStatus],
          headers: Object [AxiosHeaders] {
            Accept: 'application/json, text/plain, */*',
            'Content-Type': undefined,
            'User-Agent': 'axios/1.6.0',
            'Accept-Encoding': 'gzip, compress, deflate, br'
          },
          baseURL: 'http://localhost:9191',
          method: 'get',
          url: '/api/dashboard/recent?limit=5&offset=0',
          data: undefined
        },
        request: <ref *1> ClientRequest {
          _events: [Object: null prototype] {
            abort: [Function (anonymous)],
            aborted: [Function (anonymous)],
            connect: [Function (anonymous)],
            error: [Function (anonymous)],
            socket: [Function (anonymous)],
            timeout: [Function (anonymous)],
            finish: [Function: requestOnFinish]
          },
          _eventsCount: 7,
          _maxListeners: undefined,
          outputData: [],
          outputSize: 0,
          writable: true,
          destroyed: true,
          _last: true,
          chunkedEncoding: false,
          shouldKeepAlive: true,
          maxRequestsOnConnectionReached: false,
          _defaultKeepAlive: true,
          useChunkedEncodingByDefault: false,
          sendDate: false,
          _removedConnection: false,
          _removedContLen: false,
          _removedTE: false,
          strictContentLength: false,
          _contentLength: 0,
          _hasBody: true,
          _trailer: '',
          finished: true,
          _headerSent: true,
          _closed: true,
          _header: 'GET /api/dashboard/recent?limit=5&offset=0 HTTP/1.1\r\n' +
            'Accept: application/json, text/plain, */*\r\n' +
            'User-Agent: axios/1.6.0\r\n' +
            'Accept-Encoding: gzip, compress, deflate, br\r\n' +
            'Host: localhost:9191\r\n' +
            'Connection: keep-alive\r\n' +
            '\r\n',
          _keepAliveTimeout: 0,
          _onPendingData: [Function: nop],
          agent: Agent {
            _events: [Object: null prototype],
            _eventsCount: 2,
            _maxListeners: undefined,
            defaultPort: 80,
            protocol: 'http:',
            options: [Object: null prototype],
            requests: [Object: null prototype] {},
            sockets: [Object: null prototype],
            freeSockets: [Object: null prototype],
            keepAliveMsecs: 1000,
            keepAlive: true,
            maxSockets: Infinity,
            maxFreeSockets: 256,
            scheduling: 'lifo',
            maxTotalSockets: Infinity,
            totalSocketCount: 6,
            [Symbol(shapeMode)]: false,
            [Symbol(kCapture)]: false
          },
          socketPath: undefined,
          method: 'GET',
          maxHeaderSize: undefined,
          insecureHTTPParser: undefined,
          joinDuplicateHeaders: undefined,
          path: '/api/dashboard/recent?limit=5&offset=0',
          _ended: true,
          res: IncomingMessage {
            _events: [Object],
            _readableState: [ReadableState],
            _maxListeners: undefined,
            socket: null,
            httpVersionMajor: 1,
            httpVersionMinor: 1,
            httpVersion: '1.1',
            complete: true,
            rawHeaders: [Array],
            rawTrailers: [],
            joinDuplicateHeaders: undefined,
            aborted: false,
            upgrade: false,
            url: '',
            method: null,
            statusCode: 403,
            statusMessage: '',
            client: [Socket],
            _consuming: false,
            _dumped: false,
            req: [Circular *1],
            _eventsCount: 4,
            responseUrl: 'http://localhost:9191/api/dashboard/recent?limit=5&offset=0',
            redirects: [],
            [Symbol(shapeMode)]: true,
            [Symbol(kCapture)]: false,
            [Symbol(kHeaders)]: [Object],
            [Symbol(kHeadersCount)]: 10,
            [Symbol(kTrailers)]: null,
            [Symbol(kTrailersCount)]: 0
          },
          aborted: false,
          timeoutCb: null,
          upgradeOrConnect: false,
          parser: null,
          maxHeadersCount: null,
          reusedSocket: true,
          host: 'localhost',
          protocol: 'http:',
          _redirectable: Writable {
            _events: [Object],
            _writableState: [WritableState],
            _maxListeners: undefined,
            _options: [Object],
            _ended: true,
            _ending: true,
            _redirectCount: 0,
            _redirects: [],
            _requestBodyLength: 0,
            _requestBodyBuffers: [],
            _eventsCount: 3,
            _onNativeResponse: [Function (anonymous)],
            _currentRequest: [Circular *1],
            _currentUrl: 'http://localhost:9191/api/dashboard/recent?limit=5&offset=0',
            [Symbol(shapeMode)]: true,
            [Symbol(kCapture)]: false
          },
          [Symbol(shapeMode)]: false,
          [Symbol(kCapture)]: false,
          [Symbol(kBytesWritten)]: 0,
          [Symbol(kNeedDrain)]: false,
          [Symbol(corked)]: 0,
          [Symbol(kChunkedBuffer)]: [],
          [Symbol(kChunkedLength)]: 0,
          [Symbol(kSocket)]: Socket {
            connecting: false,
            _hadError: false,
            _parent: null,
            _host: 'localhost',
            _closeAfterHandlingError: false,
            _events: [Object],
            _readableState: [ReadableState],
            _writableState: [WritableState],
            allowHalfOpen: false,
            _maxListeners: undefined,
            _eventsCount: 6,
            _sockname: null,
            _pendingData: null,
            _pendingEncoding: '',
            server: null,
            _server: null,
            timeout: 5000,
            parser: null,
            _httpMessage: null,
            [Symbol(async_id_symbol)]: -1,
            [Symbol(kHandle)]: [TCP],
            [Symbol(lastWriteQueueSize)]: 0,
            [Symbol(timeout)]: Timeout {
              _idleTimeout: 5000,
              _idlePrev: [TimersList],
              _idleNext: [Timeout],
              _idleStart: 4284,
              _onTimeout: [Function: bound ],
              _timerArgs: undefined,
              _repeat: null,
              _destroyed: false,
              [Symbol(refed)]: false,
              [Symbol(kHasPrimitive)]: false,
              [Symbol(asyncId)]: 401,
              [Symbol(triggerId)]: 399,
              [Symbol(kAsyncContextFrame)]: undefined
            },
            [Symbol(kBuffer)]: null,
            [Symbol(kBufferCb)]: null,
            [Symbol(kBufferGen)]: null,
            [Symbol(shapeMode)]: true,
            [Symbol(kCapture)]: false,
            [Symbol(kSetNoDelay)]: true,
            [Symbol(kSetKeepAlive)]: true,
            [Symbol(kSetKeepAliveInitialDelay)]: 1,
            [Symbol(kBytesRead)]: 0,
            [Symbol(kBytesWritten)]: 0
          },
          [Symbol(kOutHeaders)]: [Object: null prototype] {
            accept: [Array],
            'user-agent': [Array],
            'accept-encoding': [Array],
            host: [Array]
          },
          [Symbol(errored)]: null,
          [Symbol(kHighWaterMark)]: 65536,
          [Symbol(kRejectNonStandardBodyWrites)]: false,
          [Symbol(kUniqueHeaders)]: null
        },
        response: {
          status: 403,
          statusText: '',
          headers: Object [AxiosHeaders] {
            'content-type': 'application/json',
            'content-length': '94',
            date: 'Tue, 04 Aug 2026 10:36:42 GMT',
            'keep-alive': 'timeout=60',
            connection: 'keep-alive'
          },
          config: {
            transitional: [Object],
            adapter: [Array],
            transformRequest: [Array],
            transformResponse: [Array],
            timeout: 0,
            xsrfCookieName: 'XSRF-TOKEN',
            xsrfHeaderName: 'X-XSRF-TOKEN',
            maxContentLength: -1,
            maxBodyLength: -1,
            env: [Object],
            validateStatus: [Function: validateStatus],
            headers: [Object [AxiosHeaders]],
            baseURL: 'http://localhost:9191',
            method: 'get',
            url: '/api/dashboard/recent?limit=5&offset=0',
            data: undefined
          },
          request: <ref *1> ClientRequest {
            _events: [Object: null prototype],
            _eventsCount: 7,
            _maxListeners: undefined,
            outputData: [],
            outputSize: 0,
            writable: true,
            destroyed: true,
            _last: true,
            chunkedEncoding: false,
            shouldKeepAlive: true,
            maxRequestsOnConnectionReached: false,
            _defaultKeepAlive: true,
            useChunkedEncodingByDefault: false,
            sendDate: false,
            _removedConnection: false,
            _removedContLen: false,
            _removedTE: false,
            strictContentLength: false,
            _contentLength: 0,
            _hasBody: true,
            _trailer: '',
            finished: true,
            _headerSent: true,
            _closed: true,
            _header: 'GET /api/dashboard/recent?limit=5&offset=0 HTTP/1.1\r\n' +
              'Accept: application/json, text/plain, */*\r\n' +
              'User-Agent: axios/1.6.0\r\n' +
              'Accept-Encoding: gzip, compress, deflate, br\r\n' +
              'Host: localhost:9191\r\n' +
              'Connection: keep-alive\r\n' +
              '\r\n',
            _keepAliveTimeout: 0,
            _onPendingData: [Function: nop],
            agent: [Agent],
            socketPath: undefined,
            method: 'GET',
            maxHeaderSize: undefined,
            insecureHTTPParser: undefined,
            joinDuplicateHeaders: undefined,
            path: '/api/dashboard/recent?limit=5&offset=0',
            _ended: true,
            res: [IncomingMessage],
            aborted: false,
            timeoutCb: null,
            upgradeOrConnect: false,
            parser: null,
            maxHeadersCount: null,
            reusedSocket: true,
            host: 'localhost',
            protocol: 'http:',
            _redirectable: [Writable],
            [Symbol(shapeMode)]: false,
            [Symbol(kCapture)]: false,
            [Symbol(kBytesWritten)]: 0,
            [Symbol(kNeedDrain)]: false,
            [Symbol(corked)]: 0,
            [Symbol(kChunkedBuffer)]: [],
            [Symbol(kChunkedLength)]: 0,
            [Symbol(kSocket)]: [Socket],
            [Symbol(kOutHeaders)]: [Object: null prototype],
            [Symbol(errored)]: null,
            [Symbol(kHighWaterMark)]: 65536,
            [Symbol(kRejectNonStandardBodyWrites)]: false,
            [Symbol(kUniqueHeaders)]: null
          },
          data: 'Invalid or expired token, Please login again Cannot invoke "String.trim()" because "s" is null'
        }
      }

      89 |     } catch (error) {
      90 |       // Silently handle errors — dashboard is non-critical
    > 91 |       console.warn("Dashboard load error:", error);
         |               ^
      92 |     } finally {
      93 |       setSummaryLoading(false);
      94 |       setRecentLoading(false);

      at warn (screens/HomeScreen.tsx:91:15)
          at Generator.throw (<anonymous>)
      at asyncGeneratorStep (node_modules/@babel/runtime/helpers/asyncToGenerator.js:3:17)
      at _throw (node_modules/@babel/runtime/helpers/asyncToGenerator.js:20:9)

  ● HomeScreen UI & Navigation › renders the welcome header correctly

    Unable to find an element with text: Financial Overview

    [36m<RNCSafeAreaProvider>[39m
      [36m<View>[39m
        [36m<RCTScrollView>[39m
          [36m<RCTRefreshControl />[39m
          [36m<View>[39m
            [36m<Text>[39m
              [0mMyBusiness[0m
            [36m</Text>[39m
            [36m<View>[39m
              [36m<Text>[39m
                [0mLoading summary...[0m
              [36m</Text>[39m
            [36m</View>[39m
            [36m<View>[39m
              [36m<Text>[39m
                [0mQuick Actions[0m
              [36m</Text>[39m
              [36m<RCTScrollView>[39m
                [36m<View>[39m
                  [36m<View[39m
                    [33maccessible[39m=[32m{true}[39m
                  [36m>[39m
                    [36m<MaterialCommunityIcons />[39m
                    [36m<Text>[39m
                      [0m+ Expense[0m
                    [36m</Text>[39m
                  [36m</View>[39m
                  [36m<View[39m
                    [33maccessible[39m=[32m{true}[39m
                  [36m>[39m
                    [36m<MaterialCommunityIcons />[39m
                    [36m<Text>[39m
                      [0m+ Work[0m
                    [36m</Text>[39m
                  [36m</View>[39m
                  [36m<View[39m
                    [33maccessible[39m=[32m{true}[39m
                  [36m>[39m
                    [36m<MaterialCommunityIcons />[39m
                    [36m<Text>[39m
                      [0m+ Contrib[0m
                    [36m</Text>[39m
                  [36m</View>[39m
                  [36m<View[39m
                    [33maccessible[39m=[32m{true}[39m
                  [36m>[39m
                    [36m<MaterialCommunityIcons />[39m
                    [36m<Text>[39m
                      [0mAttd[0m
                    [36m</Text>[39m
                  [36m</View>[39m
                  [36m<View[39m
                    [33maccessible[39m=[32m{true}[39m
                  [36m>[39m
                    [36m<MaterialCommunityIcons />[39m
                    [36m<Text>[39m
                      [0mSettlement[0m
                    [36m</Text>[39m
                  [36m</View>[39m
                [36m</View>[39m
              [36m</RCTScrollView>[39m
            [36m</View>[39m
            [36m<View>[39m
              [36m<View>[39m
                [36m<Text>[39m
                  [0mRecent Activity[0m
                [36m</Text>[39m
                [36m<View[39m
                  [33maccessible[39m=[32m{true}[39m
                [36m>[39m
                  [36m<Text>[39m
                    [0mView All →[0m
                  [36m</Text>[39m
                [36m</View>[39m
              [36m</View>[39m
              [36m<View>[39m
                [36m<Text>[39m
                  [0mNo recent activity[0m
                [36m</Text>[39m
              [36m</View>[39m
            [36m</View>[39m
            [36m<View>[39m
              [36m<Text>[39m
                [0mNavigate[0m
              [36m</Text>[39m
            [36m</View>[39m
            [36m<View>[39m
              [36m<View[39m
                [33maccessibilityLabel[39m=[32m"Work"[39m
                [33maccessibilityRole[39m=[32m"button"[39m
                [33maccessible[39m=[32m{true}[39m
              [36m>[39m
                [36m<View>[39m
                  [36m<MaterialCommunityIcons />[39m
                  [36m<Text>[39m
                    [0mWork[0m
                  [36m</Text>[39m
                [36m</View>[39m
              [36m</View>[39m
              [36m<View[39m
                [33maccessibilityLabel[39m=[32m"Expense"[39m
                [33maccessibilityRole[39m=[32m"button"[39m
                [33maccessible[39m=[32m{true}[39m
              [36m>[39m
                [36m<View>[39m
                  [36m<MaterialCommunityIcons />[39m
                  [36m<Text>[39m
                    [0mExpense[0m
                  [36m</Text>[39m
                [36m</View>[39m
              [36m</View>[39m
              [36m<View[39m
                [33maccessibilityLabel[39m=[32m"Contribution"[39m
                [33maccessibilityRole[39m=[32m"button"[39m
                [33maccessible[39m=[32m{true}[39m
              [36m>[39m
                [36m<View>[39m
                  [36m<MaterialCommunityIcons />[39m
                  [36m<Text>[39m
                    [0mContribution[0m
                  [36m</Text>[39m
                [36m</View>[39m
              [36m</View>[39m
              [36m<View[39m
                [33maccessibilityLabel[39m=[32m"Users"[39m
                [33maccessibilityRole[39m=[32m"button"[39m
                [33maccessible[39m=[32m{true}[39m
              [36m>[39m
                [36m<View>[39m
                  [36m<MaterialCommunityIcons />[39m
                  [36m<Text>[39m
                    [0mUsers[0m
                  [36m</Text>[39m
                [36m</View>[39m
              [36m</View>[39m
              [36m<View[39m
                [33maccessibilityLabel[39m=[32m"Settlement"[39m
                [33maccessibilityRole[39m=[32m"button"[39m
                [33maccessible[39m=[32m{true}[39m
              [36m>[39m
                [36m<View>[39m
                  [36m<MaterialCommunityIcons />[39m
                  [36m<Text>[39m
                    [0mSettlement[0m
                  [36m</Text>[39m
                [36m</View>[39m
              [36m</View>[39m
              [36m<View[39m
                [33maccessibilityLabel[39m=[32m"Sale"[39m
                [33maccessibilityRole[39m=[32m"button"[39m
                [33maccessible[39m=[32m{true}[39m
              [36m>[39m
                [36m<View>[39m
                  [36m<MaterialCommunityIcons />[39m
                  [36m<Text>[39m
                    [0mSale[0m
                  [36m</Text>[39m
                [36m</View>[39m
              [36m</View>[39m
              [36m<View[39m
                [33maccessibilityLabel[39m=[32m"Admin"[39m
                [33maccessibilityRole[39m=[32m"button"[39m
                [33maccessible[39m=[32m{true}[39m
              [36m>[39m
                [36m<View>[39m
                  [36m<MaterialCommunityIcons />[39m
                  [36m<Text>[39m
                    [0mAdmin[0m
                  [36m</Text>[39m
                [36m</View>[39m
              [36m</View>[39m
            [36m</View>[39m
            [36m<Notification />[39m
          [36m</View>[39m
        [36m</RCTScrollView>[39m
      [36m</View>[39m
    [36m</RNCSafeAreaProvider>[39m

      69 |   it("renders the welcome header correctly", async () => {
      70 |     const { getByText } = setup();
    > 71 |     await waitFor(() => {
         |                  ^
      72 |       expect(getByText("MyBusiness")).toBeTruthy();
      73 |       expect(getByText("Financial Overview")).toBeTruthy();
      74 |     });

      at Object.<anonymous> (__tests__/screens/HomeScreen.test.tsx:71:18)
      at asyncGeneratorStep (node_modules/@babel/runtime/helpers/asyncToGenerator.js:3:17)
      at _next (node_modules/@babel/runtime/helpers/asyncToGenerator.js:17:9)
      at node_modules/@babel/runtime/helpers/asyncToGenerator.js:22:7
      at Object.<anonymous> (node_modules/@babel/runtime/helpers/asyncToGenerator.js:14:12)

  ● HomeScreen UI & Navigation › renders all dashboard cards

    Unable to find an element with text: Sale / Lending

    [36m<RNCSafeAreaProvider>[39m
      [36m<View>[39m
        [36m<RCTScrollView>[39m
          [36m<RCTRefreshControl />[39m
          [36m<View>[39m
            [36m<Text>[39m
              [0mMyBusiness[0m
            [36m</Text>[39m
            [36m<View>[39m
              [36m<Text>[39m
                [0mLoading summary...[0m
              [36m</Text>[39m
            [36m</View>[39m
            [36m<View>[39m
              [36m<Text>[39m
                [0mQuick Actions[0m
              [36m</Text>[39m
              [36m<RCTScrollView>[39m
                [36m<View>[39m
                  [36m<View[39m
                    [33maccessible[39m=[32m{true}[39m
                  [36m>[39m
                    [36m<MaterialCommunityIcons />[39m
                    [36m<Text>[39m
                      [0m+ Expense[0m
                    [36m</Text>[39m
                  [36m</View>[39m
                  [36m<View[39m
                    [33maccessible[39m=[32m{true}[39m
                  [36m>[39m
                    [36m<MaterialCommunityIcons />[39m
                    [36m<Text>[39m
                      [0m+ Work[0m
                    [36m</Text>[39m
                  [36m</View>[39m
                  [36m<View[39m
                    [33maccessible[39m=[32m{true}[39m
                  [36m>[39m
                    [36m<MaterialCommunityIcons />[39m
                    [36m<Text>[39m
                      [0m+ Contrib[0m
                    [36m</Text>[39m
                  [36m</View>[39m
                  [36m<View[39m
                    [33maccessible[39m=[32m{true}[39m
                  [36m>[39m
                    [36m<MaterialCommunityIcons />[39m
                    [36m<Text>[39m
                      [0mAttd[0m
                    [36m</Text>[39m
                  [36m</View>[39m
                  [36m<View[39m
                    [33maccessible[39m=[32m{true}[39m
                  [36m>[39m
                    [36m<MaterialCommunityIcons />[39m
                    [36m<Text>[39m
                      [0mSettlement[0m
                    [36m</Text>[39m
                  [36m</View>[39m
                [36m</View>[39m
              [36m</RCTScrollView>[39m
            [36m</View>[39m
            [36m<View>[39m
              [36m<View>[39m
                [36m<Text>[39m
                  [0mRecent Activity[0m
                [36m</Text>[39m
                [36m<View[39m
                  [33maccessible[39m=[32m{true}[39m
                [36m>[39m
                  [36m<Text>[39m
                    [0mView All →[0m
                  [36m</Text>[39m
                [36m</View>[39m
              [36m</View>[39m
              [36m<View>[39m
                [36m<Text>[39m
                  [0mLoading...[0m
                [36m</Text>[39m
              [36m</View>[39m
            [36m</View>[39m
            [36m<View>[39m
              [36m<Text>[39m
                [0mNavigate[0m
              [36m</Text>[39m
            [36m</View>[39m
            [36m<View>[39m
              [36m<View[39m
                [33maccessibilityLabel[39m=[32m"Work"[39m
                [33maccessibilityRole[39m=[32m"button"[39m
                [33maccessible[39m=[32m{true}[39m
              [36m>[39m
                [36m<View>[39m
                  [36m<MaterialCommunityIcons />[39m
                  [36m<Text>[39m
                    [0mWork[0m
                  [36m</Text>[39m
                [36m</View>[39m
              [36m</View>[39m
              [36m<View[39m
                [33maccessibilityLabel[39m=[32m"Expense"[39m
                [33maccessibilityRole[39m=[32m"button"[39m
                [33maccessible[39m=[32m{true}[39m
              [36m>[39m
                [36m<View>[39m
                  [36m<MaterialCommunityIcons />[39m
                  [36m<Text>[39m
                    [0mExpense[0m
                  [36m</Text>[39m
                [36m</View>[39m
              [36m</View>[39m
              [36m<View[39m
                [33maccessibilityLabel[39m=[32m"Contribution"[39m
                [33maccessibilityRole[39m=[32m"button"[39m
                [33maccessible[39m=[32m{true}[39m
              [36m>[39m
                [36m<View>[39m
                  [36m<MaterialCommunityIcons />[39m
                  [36m<Text>[39m
                    [0mContribution[0m
                  [36m</Text>[39m
                [36m</View>[39m
              [36m</View>[39m
              [36m<View[39m
                [33maccessibilityLabel[39m=[32m"Users"[39m
                [33maccessibilityRole[39m=[32m"button"[39m
                [33maccessible[39m=[32m{true}[39m
              [36m>[39m
                [36m<View>[39m
                  [36m<MaterialCommunityIcons />[39m
                  [36m<Text>[39m
                    [0mUsers[0m
                  [36m</Text>[39m
                [36m</View>[39m
              [36m</View>[39m
              [36m<View[39m
                [33maccessibilityLabel[39m=[32m"Settlement"[39m
                [33maccessibilityRole[39m=[32m"button"[39m
                [33maccessible[39m=[32m{true}[39m
              [36m>[39m
                [36m<View>[39m
                  [36m<MaterialCommunityIcons />[39m
                  [36m<Text>[39m
                    [0mSettlement[0m
                  [36m</Text>[39m
                [36m</View>[39m
              [36m</View>[39m
              [36m<View[39m
                [33maccessibilityLabel[39m=[32m"Sale"[39m
                [33maccessibilityRole[39m=[32m"button"[39m
                [33maccessible[39m=[32m{true}[39m
              [36m>[39m
                [36m<View>[39m
                  [36m<MaterialCommunityIcons />[39m
                  [36m<Text>[39m
                    [0mSale[0m
                  [36m</Text>[39m
                [36m</View>[39m
              [36m</View>[39m
              [36m<View[39m
                [33maccessibilityLabel[39m=[32m"Admin"[39m
                [33maccessibilityRole[39m=[32m"button"[39m
                [33maccessible[39m=[32m{true}[39m
              [36m>[39m
                [36m<View>[39m
                  [36m<MaterialCommunityIcons />[39m
                  [36m<Text>[39m
                    [0mAdmin[0m
                  [36m</Text>[39m
                [36m</View>[39m
              [36m</View>[39m
            [36m</View>[39m
            [36m<Notification />[39m
          [36m</View>[39m
        [36m</RCTScrollView>[39m
      [36m</View>[39m
    [36m</RNCSafeAreaProvider>[39m

      78 |     const { getByText } = setup();
      79 |     expect(getByText("Work")).toBeTruthy();
    > 80 |     expect(getByText("Sale / Lending")).toBeTruthy();
         |            ^
      81 |     expect(getByText("Expense (اخراجات)")).toBeTruthy();
      82 |     expect(getByText("Manage User")).toBeTruthy();
      83 |     expect(getByText("Admin")).toBeTruthy();

      at Object.getByText (__tests__/screens/HomeScreen.test.tsx:80:12)

  ● HomeScreen UI & Navigation › navigates to SaleStack when Sale card is pressed

    Unable to find an element with text: Sale / Lending

    [36m<RNCSafeAreaProvider>[39m
      [36m<View>[39m
        [36m<RCTScrollView>[39m
          [36m<RCTRefreshControl />[39m
          [36m<View>[39m
            [36m<Text>[39m
              [0mMyBusiness[0m
            [36m</Text>[39m
            [36m<View>[39m
              [36m<Text>[39m
                [0mLoading summary...[0m
              [36m</Text>[39m
            [36m</View>[39m
            [36m<View>[39m
              [36m<Text>[39m
                [0mQuick Actions[0m
              [36m</Text>[39m
              [36m<RCTScrollView>[39m
                [36m<View>[39m
                  [36m<View[39m
                    [33maccessible[39m=[32m{true}[39m
                  [36m>[39m
                    [36m<MaterialCommunityIcons />[39m
                    [36m<Text>[39m
                      [0m+ Expense[0m
                    [36m</Text>[39m
                  [36m</View>[39m
                  [36m<View[39m
                    [33maccessible[39m=[32m{true}[39m
                  [36m>[39m
                    [36m<MaterialCommunityIcons />[39m
                    [36m<Text>[39m
                      [0m+ Work[0m
                    [36m</Text>[39m
                  [36m</View>[39m
                  [36m<View[39m
                    [33maccessible[39m=[32m{true}[39m
                  [36m>[39m
                    [36m<MaterialCommunityIcons />[39m
                    [36m<Text>[39m
                      [0m+ Contrib[0m
                    [36m</Text>[39m
                  [36m</View>[39m
                  [36m<View[39m
                    [33maccessible[39m=[32m{true}[39m
                  [36m>[39m
                    [36m<MaterialCommunityIcons />[39m
                    [36m<Text>[39m
                      [0mAttd[0m
                    [36m</Text>[39m
                  [36m</View>[39m
                  [36m<View[39m
                    [33maccessible[39m=[32m{true}[39m
                  [36m>[39m
                    [36m<MaterialCommunityIcons />[39m
                    [36m<Text>[39m
                      [0mSettlement[0m
                    [36m</Text>[39m
                  [36m</View>[39m
                [36m</View>[39m
              [36m</RCTScrollView>[39m
            [36m</View>[39m
            [36m<View>[39m
              [36m<View>[39m
                [36m<Text>[39m
                  [0mRecent Activity[0m
                [36m</Text>[39m
                [36m<View[39m
                  [33maccessible[39m=[32m{true}[39m
                [36m>[39m
                  [36m<Text>[39m
                    [0mView All →[0m
                  [36m</Text>[39m
                [36m</View>[39m
              [36m</View>[39m
              [36m<View>[39m
                [36m<Text>[39m
                  [0mLoading...[0m
                [36m</Text>[39m
              [36m</View>[39m
            [36m</View>[39m
            [36m<View>[39m
              [36m<Text>[39m
                [0mNavigate[0m
              [36m</Text>[39m
            [36m</View>[39m
            [36m<View>[39m
              [36m<View[39m
                [33maccessibilityLabel[39m=[32m"Work"[39m
                [33maccessibilityRole[39m=[32m"button"[39m
                [33maccessible[39m=[32m{true}[39m
              [36m>[39m
                [36m<View>[39m
                  [36m<MaterialCommunityIcons />[39m
                  [36m<Text>[39m
                    [0mWork[0m
                  [36m</Text>[39m
                [36m</View>[39m
              [36m</View>[39m
              [36m<View[39m
                [33maccessibilityLabel[39m=[32m"Expense"[39m
                [33maccessibilityRole[39m=[32m"button"[39m
                [33maccessible[39m=[32m{true}[39m
              [36m>[39m
                [36m<View>[39m
                  [36m<MaterialCommunityIcons />[39m
                  [36m<Text>[39m
                    [0mExpense[0m
                  [36m</Text>[39m
                [36m</View>[39m
              [36m</View>[39m
              [36m<View[39m
                [33maccessibilityLabel[39m=[32m"Contribution"[39m
                [33maccessibilityRole[39m=[32m"button"[39m
                [33maccessible[39m=[32m{true}[39m
              [36m>[39m
                [36m<View>[39m
                  [36m<MaterialCommunityIcons />[39m
                  [36m<Text>[39m
                    [0mContribution[0m
                  [36m</Text>[39m
                [36m</View>[39m
              [36m</View>[39m
              [36m<View[39m
                [33maccessibilityLabel[39m=[32m"Users"[39m
                [33maccessibilityRole[39m=[32m"button"[39m
                [33maccessible[39m=[32m{true}[39m
              [36m>[39m
                [36m<View>[39m
                  [36m<MaterialCommunityIcons />[39m
                  [36m<Text>[39m
                    [0mUsers[0m
                  [36m</Text>[39m
                [36m</View>[39m
              [36m</View>[39m
              [36m<View[39m
                [33maccessibilityLabel[39m=[32m"Settlement"[39m
                [33maccessibilityRole[39m=[32m"button"[39m
                [33maccessible[39m=[32m{true}[39m
              [36m>[39m
                [36m<View>[39m
                  [36m<MaterialCommunityIcons />[39m
                  [36m<Text>[39m
                    [0mSettlement[0m
                  [36m</Text>[39m
                [36m</View>[39m
              [36m</View>[39m
              [36m<View[39m
                [33maccessibilityLabel[39m=[32m"Sale"[39m
                [33maccessibilityRole[39m=[32m"button"[39m
                [33maccessible[39m=[32m{true}[39m
              [36m>[39m
                [36m<View>[39m
                  [36m<MaterialCommunityIcons />[39m
                  [36m<Text>[39m
                    [0mSale[0m
                  [36m</Text>[39m
                [36m</View>[39m
              [36m</View>[39m
              [36m<View[39m
                [33maccessibilityLabel[39m=[32m"Admin"[39m
                [33maccessibilityRole[39m=[32m"button"[39m
                [33maccessible[39m=[32m{true}[39m
              [36m>[39m
                [36m<View>[39m
                  [36m<MaterialCommunityIcons />[39m
                  [36m<Text>[39m
                    [0mAdmin[0m
                  [36m</Text>[39m
                [36m</View>[39m
              [36m</View>[39m
            [36m</View>[39m
            [36m<Notification />[39m
          [36m</View>[39m
        [36m</RCTScrollView>[39m
      [36m</View>[39m
    [36m</RNCSafeAreaProvider>[39m

      93 |   it("navigates to SaleStack when Sale card is pressed", () => {
      94 |     const { getByText } = setup();
    > 95 |     fireEvent.press(getByText("Sale / Lending"));
         |                     ^
      96 |     expect(mockNavigate).toHaveBeenCalledWith("SaleStack", { screen: "Sale" });
      97 |   });
      98 |

      at Object.getByText (__tests__/screens/HomeScreen.test.tsx:95:21)

  ● HomeScreen UI & Navigation › navigates to ExpenseStack when Expense card is pressed

    Unable to find an element with text: Expense (اخراجات)

    [36m<RNCSafeAreaProvider>[39m
      [36m<View>[39m
        [36m<RCTScrollView>[39m
          [36m<RCTRefreshControl />[39m
          [36m<View>[39m
            [36m<Text>[39m
              [0mMyBusiness[0m
            [36m</Text>[39m
            [36m<View>[39m
              [36m<Text>[39m
                [0mLoading summary...[0m
              [36m</Text>[39m
            [36m</View>[39m
            [36m<View>[39m
              [36m<Text>[39m
                [0mQuick Actions[0m
              [36m</Text>[39m
              [36m<RCTScrollView>[39m
                [36m<View>[39m
                  [36m<View[39m
                    [33maccessible[39m=[32m{true}[39m
                  [36m>[39m
                    [36m<MaterialCommunityIcons />[39m
                    [36m<Text>[39m
                      [0m+ Expense[0m
                    [36m</Text>[39m
                  [36m</View>[39m
                  [36m<View[39m
                    [33maccessible[39m=[32m{true}[39m
                  [36m>[39m
                    [36m<MaterialCommunityIcons />[39m
                    [36m<Text>[39m
                      [0m+ Work[0m
                    [36m</Text>[39m
                  [36m</View>[39m
                  [36m<View[39m
                    [33maccessible[39m=[32m{true}[39m
                  [36m>[39m
                    [36m<MaterialCommunityIcons />[39m
                    [36m<Text>[39m
                      [0m+ Contrib[0m
                    [36m</Text>[39m
                  [36m</View>[39m
                  [36m<View[39m
                    [33maccessible[39m=[32m{true}[39m
                  [36m>[39m
                    [36m<MaterialCommunityIcons />[39m
                    [36m<Text>[39m
                      [0mAttd[0m
                    [36m</Text>[39m
                  [36m</View>[39m
                  [36m<View[39m
                    [33maccessible[39m=[32m{true}[39m
                  [36m>[39m
                    [36m<MaterialCommunityIcons />[39m
                    [36m<Text>[39m
                      [0mSettlement[0m
                    [36m</Text>[39m
                  [36m</View>[39m
                [36m</View>[39m
              [36m</RCTScrollView>[39m
            [36m</View>[39m
            [36m<View>[39m
              [36m<View>[39m
                [36m<Text>[39m
                  [0mRecent Activity[0m
                [36m</Text>[39m
                [36m<View[39m
                  [33maccessible[39m=[32m{true}[39m
                [36m>[39m
                  [36m<Text>[39m
                    [0mView All →[0m
                  [36m</Text>[39m
                [36m</View>[39m
              [36m</View>[39m
              [36m<View>[39m
                [36m<Text>[39m
                  [0mLoading...[0m
                [36m</Text>[39m
              [36m</View>[39m
            [36m</View>[39m
            [36m<View>[39m
              [36m<Text>[39m
                [0mNavigate[0m
              [36m</Text>[39m
            [36m</View>[39m
            [36m<View>[39m
              [36m<View[39m
                [33maccessibilityLabel[39m=[32m"Work"[39m
                [33maccessibilityRole[39m=[32m"button"[39m
                [33maccessible[39m=[32m{true}[39m
              [36m>[39m
                [36m<View>[39m
                  [36m<MaterialCommunityIcons />[39m
                  [36m<Text>[39m
                    [0mWork[0m
                  [36m</Text>[39m
                [36m</View>[39m
              [36m</View>[39m
              [36m<View[39m
                [33maccessibilityLabel[39m=[32m"Expense"[39m
                [33maccessibilityRole[39m=[32m"button"[39m
                [33maccessible[39m=[32m{true}[39m
              [36m>[39m
                [36m<View>[39m
                  [36m<MaterialCommunityIcons />[39m
                  [36m<Text>[39m
                    [0mExpense[0m
                  [36m</Text>[39m
                [36m</View>[39m
              [36m</View>[39m
              [36m<View[39m
                [33maccessibilityLabel[39m=[32m"Contribution"[39m
                [33maccessibilityRole[39m=[32m"button"[39m
                [33maccessible[39m=[32m{true}[39m
              [36m>[39m
                [36m<View>[39m
                  [36m<MaterialCommunityIcons />[39m
                  [36m<Text>[39m
                    [0mContribution[0m
                  [36m</Text>[39m
                [36m</View>[39m
              [36m</View>[39m
              [36m<View[39m
                [33maccessibilityLabel[39m=[32m"Users"[39m
                [33maccessibilityRole[39m=[32m"button"[39m
                [33maccessible[39m=[32m{true}[39m
              [36m>[39m
                [36m<View>[39m
                  [36m<MaterialCommunityIcons />[39m
                  [36m<Text>[39m
                    [0mUsers[0m
                  [36m</Text>[39m
                [36m</View>[39m
              [36m</View>[39m
              [36m<View[39m
                [33maccessibilityLabel[39m=[32m"Settlement"[39m
                [33maccessibilityRole[39m=[32m"button"[39m
                [33maccessible[39m=[32m{true}[39m
              [36m>[39m
                [36m<View>[39m
                  [36m<MaterialCommunityIcons />[39m
                  [36m<Text>[39m
                    [0mSettlement[0m
                  [36m</Text>[39m
                [36m</View>[39m
              [36m</View>[39m
              [36m<View[39m
                [33maccessibilityLabel[39m=[32m"Sale"[39m
                [33maccessibilityRole[39m=[32m"button"[39m
                [33maccessible[39m=[32m{true}[39m
              [36m>[39m
                [36m<View>[39m
                  [36m<MaterialCommunityIcons />[39m
                  [36m<Text>[39m
                    [0mSale[0m
                  [36m</Text>[39m
                [36m</View>[39m
              [36m</View>[39m
              [36m<View[39m
                [33maccessibilityLabel[39m=[32m"Admin"[39m
                [33maccessibilityRole[39m=[32m"button"[39m
                [33maccessible[39m=[32m{true}[39m
              [36m>[39m
                [36m<View>[39m
                  [36m<MaterialCommunityIcons />[39m
                  [36m<Text>[39m
                    [0mAdmin[0m
                  [36m</Text>[39m
                [36m</View>[39m
              [36m</View>[39m
            [36m</View>[39m
            [36m<Notification />[39m
          [36m</View>[39m
        [36m</RCTScrollView>[39m
      [36m</View>[39m
    [36m</RNCSafeAreaProvider>[39m

       99 |   it("navigates to ExpenseStack when Expense card is pressed", () => {
      100 |     const { getByText } = setup();
    > 101 |     fireEvent.press(getByText("Expense (اخراجات)"));
          |                     ^
      102 |     expect(mockNavigate).toHaveBeenCalledWith("ExpenseStack", {
      103 |       screen: "Expenses",
      104 |     });

      at Object.getByText (__tests__/screens/HomeScreen.test.tsx:101:21)

  ● HomeScreen UI & Navigation › navigates to UsersStack when Manage User card is pressed

    Unable to find an element with text: Manage User

    [36m<RNCSafeAreaProvider>[39m
      [36m<View>[39m
        [36m<RCTScrollView>[39m
          [36m<RCTRefreshControl />[39m
          [36m<View>[39m
            [36m<Text>[39m
              [0mMyBusiness[0m
            [36m</Text>[39m
            [36m<View>[39m
              [36m<Text>[39m
                [0mLoading summary...[0m
              [36m</Text>[39m
            [36m</View>[39m
            [36m<View>[39m
              [36m<Text>[39m
                [0mQuick Actions[0m
              [36m</Text>[39m
              [36m<RCTScrollView>[39m
                [36m<View>[39m
                  [36m<View[39m
                    [33maccessible[39m=[32m{true}[39m
                  [36m>[39m
                    [36m<MaterialCommunityIcons />[39m
                    [36m<Text>[39m
                      [0m+ Expense[0m
                    [36m</Text>[39m
                  [36m</View>[39m
                  [36m<View[39m
                    [33maccessible[39m=[32m{true}[39m
                  [36m>[39m
                    [36m<MaterialCommunityIcons />[39m
                    [36m<Text>[39m
                      [0m+ Work[0m
                    [36m</Text>[39m
                  [36m</View>[39m
                  [36m<View[39m
                    [33maccessible[39m=[32m{true}[39m
                  [36m>[39m
                    [36m<MaterialCommunityIcons />[39m
                    [36m<Text>[39m
                      [0m+ Contrib[0m
                    [36m</Text>[39m
                  [36m</View>[39m
                  [36m<View[39m
                    [33maccessible[39m=[32m{true}[39m
                  [36m>[39m
                    [36m<MaterialCommunityIcons />[39m
                    [36m<Text>[39m
                      [0mAttd[0m
                    [36m</Text>[39m
                  [36m</View>[39m
                  [36m<View[39m
                    [33maccessible[39m=[32m{true}[39m
                  [36m>[39m
                    [36m<MaterialCommunityIcons />[39m
                    [36m<Text>[39m
                      [0mSettlement[0m
                    [36m</Text>[39m
                  [36m</View>[39m
                [36m</View>[39m
              [36m</RCTScrollView>[39m
            [36m</View>[39m
            [36m<View>[39m
              [36m<View>[39m
                [36m<Text>[39m
                  [0mRecent Activity[0m
                [36m</Text>[39m
                [36m<View[39m
                  [33maccessible[39m=[32m{true}[39m
                [36m>[39m
                  [36m<Text>[39m
                    [0mView All →[0m
                  [36m</Text>[39m
                [36m</View>[39m
              [36m</View>[39m
              [36m<View>[39m
                [36m<Text>[39m
                  [0mLoading...[0m
                [36m</Text>[39m
              [36m</View>[39m
            [36m</View>[39m
            [36m<View>[39m
              [36m<Text>[39m
                [0mNavigate[0m
              [36m</Text>[39m
            [36m</View>[39m
            [36m<View>[39m
              [36m<View[39m
                [33maccessibilityLabel[39m=[32m"Work"[39m
                [33maccessibilityRole[39m=[32m"button"[39m
                [33maccessible[39m=[32m{true}[39m
              [36m>[39m
                [36m<View>[39m
                  [36m<MaterialCommunityIcons />[39m
                  [36m<Text>[39m
                    [0mWork[0m
                  [36m</Text>[39m
                [36m</View>[39m
              [36m</View>[39m
              [36m<View[39m
                [33maccessibilityLabel[39m=[32m"Expense"[39m
                [33maccessibilityRole[39m=[32m"button"[39m
                [33maccessible[39m=[32m{true}[39m
              [36m>[39m
                [36m<View>[39m
                  [36m<MaterialCommunityIcons />[39m
                  [36m<Text>[39m
                    [0mExpense[0m
                  [36m</Text>[39m
                [36m</View>[39m
              [36m</View>[39m
              [36m<View[39m
                [33maccessibilityLabel[39m=[32m"Contribution"[39m
                [33maccessibilityRole[39m=[32m"button"[39m
                [33maccessible[39m=[32m{true}[39m
              [36m>[39m
                [36m<View>[39m
                  [36m<MaterialCommunityIcons />[39m
                  [36m<Text>[39m
                    [0mContribution[0m
                  [36m</Text>[39m
                [36m</View>[39m
              [36m</View>[39m
              [36m<View[39m
                [33maccessibilityLabel[39m=[32m"Users"[39m
                [33maccessibilityRole[39m=[32m"button"[39m
                [33maccessible[39m=[32m{true}[39m
              [36m>[39m
                [36m<View>[39m
                  [36m<MaterialCommunityIcons />[39m
                  [36m<Text>[39m
                    [0mUsers[0m
                  [36m</Text>[39m
                [36m</View>[39m
              [36m</View>[39m
              [36m<View[39m
                [33maccessibilityLabel[39m=[32m"Settlement"[39m
                [33maccessibilityRole[39m=[32m"button"[39m
                [33maccessible[39m=[32m{true}[39m
              [36m>[39m
                [36m<View>[39m
                  [36m<MaterialCommunityIcons />[39m
                  [36m<Text>[39m
                    [0mSettlement[0m
                  [36m</Text>[39m
                [36m</View>[39m
              [36m</View>[39m
              [36m<View[39m
                [33maccessibilityLabel[39m=[32m"Sale"[39m
                [33maccessibilityRole[39m=[32m"button"[39m
                [33maccessible[39m=[32m{true}[39m
              [36m>[39m
                [36m<View>[39m
                  [36m<MaterialCommunityIcons />[39m
                  [36m<Text>[39m
                    [0mSale[0m
                  [36m</Text>[39m
                [36m</View>[39m
              [36m</View>[39m
              [36m<View[39m
                [33maccessibilityLabel[39m=[32m"Admin"[39m
                [33maccessibilityRole[39m=[32m"button"[39m
                [33maccessible[39m=[32m{true}[39m
              [36m>[39m
                [36m<View>[39m
                  [36m<MaterialCommunityIcons />[39m
                  [36m<Text>[39m
                    [0mAdmin[0m
                  [36m</Text>[39m
                [36m</View>[39m
              [36m</View>[39m
            [36m</View>[39m
            [36m<Notification />[39m
          [36m</View>[39m
        [36m</RCTScrollView>[39m
      [36m</View>[39m
    [36m</RNCSafeAreaProvider>[39m

      107 |   it("navigates to UsersStack when Manage User card is pressed", () => {
      108 |     const { getByText } = setup();
    > 109 |     fireEvent.press(getByText("Manage User"));
          |                     ^
      110 |     expect(mockNavigate).toHaveBeenCalledWith("UsersStack", {
      111 |       screen: "Users",
      112 |     });

      at Object.getByText (__tests__/screens/HomeScreen.test.tsx:109:21)

  ● HomeScreen UI & Navigation › navigates to DashboardStack when Dashboard card is pressed

    Unable to find an element with text: Dashboard

    [36m<RNCSafeAreaProvider>[39m
      [36m<View>[39m
        [36m<RCTScrollView>[39m
          [36m<RCTRefreshControl />[39m
          [36m<View>[39m
            [36m<Text>[39m
              [0mMyBusiness[0m
            [36m</Text>[39m
            [36m<View>[39m
              [36m<Text>[39m
                [0mLoading summary...[0m
              [36m</Text>[39m
            [36m</View>[39m
            [36m<View>[39m
              [36m<Text>[39m
                [0mQuick Actions[0m
              [36m</Text>[39m
              [36m<RCTScrollView>[39m
                [36m<View>[39m
                  [36m<View[39m
                    [33maccessible[39m=[32m{true}[39m
                  [36m>[39m
                    [36m<MaterialCommunityIcons />[39m
                    [36m<Text>[39m
                      [0m+ Expense[0m
                    [36m</Text>[39m
                  [36m</View>[39m
                  [36m<View[39m
                    [33maccessible[39m=[32m{true}[39m
                  [36m>[39m
                    [36m<MaterialCommunityIcons />[39m
                    [36m<Text>[39m
                      [0m+ Work[0m
                    [36m</Text>[39m
                  [36m</View>[39m
                  [36m<View[39m
                    [33maccessible[39m=[32m{true}[39m
                  [36m>[39m
                    [36m<MaterialCommunityIcons />[39m
                    [36m<Text>[39m
                      [0m+ Contrib[0m
                    [36m</Text>[39m
                  [36m</View>[39m
                  [36m<View[39m
                    [33maccessible[39m=[32m{true}[39m
                  [36m>[39m
                    [36m<MaterialCommunityIcons />[39m
                    [36m<Text>[39m
                      [0mAttd[0m
                    [36m</Text>[39m
                  [36m</View>[39m
                  [36m<View[39m
                    [33maccessible[39m=[32m{true}[39m
                  [36m>[39m
                    [36m<MaterialCommunityIcons />[39m
                    [36m<Text>[39m
                      [0mSettlement[0m
                    [36m</Text>[39m
                  [36m</View>[39m
                [36m</View>[39m
              [36m</RCTScrollView>[39m
            [36m</View>[39m
            [36m<View>[39m
              [36m<View>[39m
                [36m<Text>[39m
                  [0mRecent Activity[0m
                [36m</Text>[39m
                [36m<View[39m
                  [33maccessible[39m=[32m{true}[39m
                [36m>[39m
                  [36m<Text>[39m
                    [0mView All →[0m
                  [36m</Text>[39m
                [36m</View>[39m
              [36m</View>[39m
              [36m<View>[39m
                [36m<Text>[39m
                  [0mLoading...[0m
                [36m</Text>[39m
              [36m</View>[39m
            [36m</View>[39m
            [36m<View>[39m
              [36m<Text>[39m
                [0mNavigate[0m
              [36m</Text>[39m
            [36m</View>[39m
            [36m<View>[39m
              [36m<View[39m
                [33maccessibilityLabel[39m=[32m"Work"[39m
                [33maccessibilityRole[39m=[32m"button"[39m
                [33maccessible[39m=[32m{true}[39m
              [36m>[39m
                [36m<View>[39m
                  [36m<MaterialCommunityIcons />[39m
                  [36m<Text>[39m
                    [0mWork[0m
                  [36m</Text>[39m
                [36m</View>[39m
              [36m</View>[39m
              [36m<View[39m
                [33maccessibilityLabel[39m=[32m"Expense"[39m
                [33maccessibilityRole[39m=[32m"button"[39m
                [33maccessible[39m=[32m{true}[39m
              [36m>[39m
                [36m<View>[39m
                  [36m<MaterialCommunityIcons />[39m
                  [36m<Text>[39m
                    [0mExpense[0m
                  [36m</Text>[39m
                [36m</View>[39m
              [36m</View>[39m
              [36m<View[39m
                [33maccessibilityLabel[39m=[32m"Contribution"[39m
                [33maccessibilityRole[39m=[32m"button"[39m
                [33maccessible[39m=[32m{true}[39m
              [36m>[39m
                [36m<View>[39m
                  [36m<MaterialCommunityIcons />[39m
                  [36m<Text>[39m
                    [0mContribution[0m
                  [36m</Text>[39m
                [36m</View>[39m
              [36m</View>[39m
              [36m<View[39m
                [33maccessibilityLabel[39m=[32m"Users"[39m
                [33maccessibilityRole[39m=[32m"button"[39m
                [33maccessible[39m=[32m{true}[39m
              [36m>[39m
                [36m<View>[39m
                  [36m<MaterialCommunityIcons />[39m
                  [36m<Text>[39m
                    [0mUsers[0m
                  [36m</Text>[39m
                [36m</View>[39m
              [36m</View>[39m
              [36m<View[39m
                [33maccessibilityLabel[39m=[32m"Settlement"[39m
                [33maccessibilityRole[39m=[32m"button"[39m
                [33maccessible[39m=[32m{true}[39m
              [36m>[39m
                [36m<View>[39m
                  [36m<MaterialCommunityIcons />[39m
                  [36m<Text>[39m
                    [0mSettlement[0m
                  [36m</Text>[39m
                [36m</View>[39m
              [36m</View>[39m
              [36m<View[39m
                [33maccessibilityLabel[39m=[32m"Sale"[39m
                [33maccessibilityRole[39m=[32m"button"[39m
                [33maccessible[39m=[32m{true}[39m
              [36m>[39m
                [36m<View>[39m
                  [36m<MaterialCommunityIcons />[39m
                  [36m<Text>[39m
                    [0mSale[0m
                  [36m</Text>[39m
                [36m</View>[39m
              [36m</View>[39m
              [36m<View[39m
                [33maccessibilityLabel[39m=[32m"Admin"[39m
                [33maccessibilityRole[39m=[32m"button"[39m
                [33maccessible[39m=[32m{true}[39m
              [36m>[39m
                [36m<View>[39m
                  [36m<MaterialCommunityIcons />[39m
                  [36m<Text>[39m
                    [0mAdmin[0m
                  [36m</Text>[39m
                [36m</View>[39m
              [36m</View>[39m
            [36m</View>[39m
            [36m<Notification />[39m
          [36m</View>[39m
        [36m</RCTScrollView>[39m
      [36m</View>[39m
    [36m</RNCSafeAreaProvider>[39m

      124 |   it("navigates to DashboardStack when Dashboard card is pressed", () => {
      125 |     const { getByText } = setup();
    > 126 |     fireEvent.press(getByText("Dashboard"));
          |                     ^
      127 |     expect(mockNavigate).toHaveBeenCalledWith("DashboardStack", {
      128 |       screen: "Dashboard",
      129 |       params: { title: "Dashboard" },

      at Object.getByText (__tests__/screens/HomeScreen.test.tsx:126:21)

FAIL __tests__/screens/LoginScreen.test.tsx
  ● Console

    console.error
      The current testing environment is not configured to support act(...)

      46 |     try {
      47 |       const user = await loginService.login(token, url);
    > 48 |       setUserInfo(user);
         |       ^
      49 |     } catch (loginError) {
      50 |       setUserInfo(null);
      51 |       throw new Error(loginError.message);

      at isConcurrentActEnvironment (node_modules/react-test-renderer/cjs/react-test-renderer.development.js:10243:17)
      at warnIfUpdatesNotWrappedWithActDEV (node_modules/react-test-renderer/cjs/react-test-renderer.development.js:11798:7)
      at scheduleUpdateOnFiber (node_modules/react-test-renderer/cjs/react-test-renderer.development.js:10326:9)
      at forceStoreRerender (node_modules/react-test-renderer/cjs/react-test-renderer.development.js:3430:24)
      at node_modules/react-test-renderer/cjs/react-test-renderer.development.js:3415:41
      at notifyComponents (node_modules/recoil/cjs/index.js:4252:9)
      at Object.replaceState (node_modules/recoil/cjs/index.js:4550:7)
      at applyActionsToStore (node_modules/recoil/cjs/index.js:2880:9)
      at queueOrPerformStateUpdate (node_modules/recoil/cjs/index.js:2904:5)
      at setRecoilValue (node_modules/recoil/cjs/index.js:2947:3)
      at node_modules/recoil/cjs/index.js:5394:5
      at setUserInfo (screens/LoginScreen.tsx:48:7)
      at asyncGeneratorStep (node_modules/@babel/runtime/helpers/asyncToGenerator.js:3:17)
      at _next (node_modules/@babel/runtime/helpers/asyncToGenerator.js:17:9)

    console.error
      The current testing environment is not configured to support act(...)

      46 |     try {
      47 |       const user = await loginService.login(token, url);
    > 48 |       setUserInfo(user);
         |       ^
      49 |     } catch (loginError) {
      50 |       setUserInfo(null);
      51 |       throw new Error(loginError.message);

      at isConcurrentActEnvironment (node_modules/react-test-renderer/cjs/react-test-renderer.development.js:10243:17)
      at warnIfUpdatesNotWrappedWithActDEV (node_modules/react-test-renderer/cjs/react-test-renderer.development.js:11798:7)
      at scheduleUpdateOnFiber (node_modules/react-test-renderer/cjs/react-test-renderer.development.js:10326:9)
      at dispatchSetStateInternal (node_modules/react-test-renderer/cjs/react-test-renderer.development.js:4148:13)
      at dispatchSetState (node_modules/react-test-renderer/cjs/react-test-renderer.development.js:4107:7)
      at node_modules/recoil/cjs/index.js:4356:36
      at Object.replaceState (node_modules/recoil/cjs/index.js:4553:53)
      at applyActionsToStore (node_modules/recoil/cjs/index.js:2880:9)
      at queueOrPerformStateUpdate (node_modules/recoil/cjs/index.js:2904:5)
      at setRecoilValue (node_modules/recoil/cjs/index.js:2947:3)
      at node_modules/recoil/cjs/index.js:5394:5
      at setUserInfo (screens/LoginScreen.tsx:48:7)
      at asyncGeneratorStep (node_modules/@babel/runtime/helpers/asyncToGenerator.js:3:17)
      at _next (node_modules/@babel/runtime/helpers/asyncToGenerator.js:17:9)

    console.error
      The current testing environment is not configured to support act(...)

      51 |       throw new Error(loginError.message);
      52 |     } finally {
    > 53 |       setLoading(false); // End loading
         |       ^
      54 |     }
      55 |   };
      56 |

      at isConcurrentActEnvironment (node_modules/react-test-renderer/cjs/react-test-renderer.development.js:10243:17)
      at warnIfUpdatesNotWrappedWithActDEV (node_modules/react-test-renderer/cjs/react-test-renderer.development.js:11798:7)
      at scheduleUpdateOnFiber (node_modules/react-test-renderer/cjs/react-test-renderer.development.js:10326:9)
      at dispatchSetStateInternal (node_modules/react-test-renderer/cjs/react-test-renderer.development.js:4148:13)
      at dispatchSetState (node_modules/react-test-renderer/cjs/react-test-renderer.development.js:4107:7)
      at setLoading (screens/LoginScreen.tsx:53:7)
      at asyncGeneratorStep (node_modules/@babel/runtime/helpers/asyncToGenerator.js:3:17)
      at _next (node_modules/@babel/runtime/helpers/asyncToGenerator.js:17:9)

  ● LoginScreen › calls loginOrSignUp on successful response

    expect(jest.fn()).toHaveBeenCalledWith(...expected)

    - Expected
    + Received

    - "undefined/loginOrSignUp",
    + "http://localhost:9191/loginOrSignUp",
      {"headers": {"Authorization": "Bearer mockToken", "Content-Type": "application/json"}, "method": "GET"},

    Number of calls: 1

      134 |       );
      135 |
    > 136 |       await waitFor(() => {
          |                    ^
      137 |         expect(fetch).toHaveBeenCalledWith(`undefined/loginOrSignUp`, {
      138 |           method: "GET",
      139 |           headers: {

      at __tests__/screens/LoginScreen.test.tsx:136:20
      at asyncGeneratorStep (node_modules/@babel/runtime/helpers/asyncToGenerator.js:3:17)
      at _next (node_modules/@babel/runtime/helpers/asyncToGenerator.js:17:9)

---------------------------------------------|---------|----------|---------|---------|-------------------------------------------------------------------------------------
File                                         | % Stmts | % Branch | % Funcs | % Lines | Uncovered Line #s                                                                   
---------------------------------------------|---------|----------|---------|---------|-------------------------------------------------------------------------------------
All files                                    |   17.94 |    14.97 |   10.86 |   18.45 |                                                                                     
 MyBusinessUI                                |       0 |        0 |       0 |       0 |                                                                                     
  App.tsx                                    |       0 |        0 |       0 |       0 | 13-21                                                                               
  app.config.ts                              |       0 |        0 |       0 |       0 | 4-16                                                                                
 MyBusinessUI/components                     |   12.29 |     18.4 |    8.57 |   14.56 |                                                                                     
  ContributionItem.tsx                       |       0 |        0 |       0 |       0 | 16-117                                                                              
  CustomBackDrop.tsx                         |   14.28 |        0 |       0 |   16.66 | 11-35                                                                               
  ExpenseItem.tsx                            |   17.39 |        0 |       0 |   21.05 | 17,21-28,37-109                                                                     
  ExpenseTypeItem.tsx                        |       0 |      100 |       0 |       0 | 14-19                                                                               
  ReportItem.tsx                             |     100 |    65.71 |     100 |     100 | 53-115,139-152                                                                      
  RoleItem.tsx                               |     100 |      100 |     100 |     100 |                                                                                     
  SaleItem.tsx                               |       0 |        0 |       0 |       0 | 16-126                                                                              
  UserItem.tsx                               |       0 |        0 |       0 |       0 | 20-110                                                                              
  WorkItem.tsx                               |       0 |        0 |       0 |       0 | 17-128                                                                              
  WorkTypeItem.tsx                           |       0 |        0 |       0 |       0 | 18-59                                                                               
 MyBusinessUI/components/common              |   31.25 |    25.43 |   19.49 |   32.18 |                                                                                     
  Button.tsx                                 |     100 |      100 |     100 |     100 |                                                                                     
  ConfirmationModal.tsx                      |   66.66 |      100 |      50 |   66.66 | 34                                                                                  
  CustomDropdown.tsx                         |   41.66 |    66.66 |   14.28 |   45.45 | 51-52,106-112                                                                       
  DateRangePicker.tsx                        |       5 |        0 |       0 |    5.26 | 21-65                                                                               
  DateTimePicker.tsx                         |   64.28 |    57.14 |   33.33 |   64.28 | 41-42,48,58-83                                                                      
  EmailInput.tsx                             |    92.3 |       50 |     100 |    92.3 | 39                                                                                  
  FilterOptionsList.tsx                      |    4.16 |        0 |       0 |    4.54 | 22-89                                                                               
  FilterScreen.tsx                           |    1.85 |        0 |       0 |    2.04 | 37-156                                                                              
  Input.tsx                                  |       0 |      100 |       0 |       0 | 14-20                                                                               
  Labels.tsx                                 |    2.56 |        0 |       0 |    2.94 | 24-134                                                                              
  LoadingError.tsx                           |     100 |    66.66 |     100 |     100 | 32-42                                                                               
  Modal.tsx                                  |      75 |      100 |      50 |      75 | 25                                                                                  
  NumberInput.tsx                            |     100 |      100 |     100 |     100 |                                                                                     
  PhoneNumberInput.tsx                       |   45.28 |    28.57 |   26.66 |   45.28 | 38,74,81-86,90-106,111,116-124,128,133-135,152-186                                  
  SearchAndFilter.tsx                        |   42.04 |    56.14 |   20.68 |   40.96 | 74-75,83-95,99,110-115,134-147,156-162,171-177,186-192,201-207,216-222,232,271-357  
  SecondaryButton.tsx                        |   33.33 |        0 |       0 |   33.33 | 24-26                                                                               
  SwitchInput.tsx                            |     100 |      100 |     100 |     100 |                                                                                     
  TertiaryButton.tsx                         |       0 |        0 |       0 |       0 | 16-26                                                                               
  UserDetails.tsx                            |   13.33 |        0 |       0 |   14.28 | 15-33                                                                               
  UserDropDownItem.tsx                       |   16.66 |        0 |       0 |   16.66 | 21-28                                                                               
 MyBusinessUI/components/expense             |       0 |        0 |       0 |       0 |                                                                                     
  SmartBulkSettleModal.tsx                   |       0 |        0 |       0 |       0 | 28-312                                                                              
 MyBusinessUI/constants                      |     100 |      100 |     100 |     100 |                                                                                     
  mybusiness.constants.ts                    |     100 |      100 |     100 |     100 |                                                                                     
 MyBusinessUI/recoil                         |     100 |      100 |     100 |     100 |                                                                                     
  atom.ts                                    |     100 |      100 |     100 |     100 |                                                                                     
 MyBusinessUI/recoil/selectors               |   38.46 |       50 |   16.66 |   45.45 |                                                                                     
  index.ts                                   |       0 |        0 |       0 |       0 |                                                                                     
  userSelectors.ts                           |   38.46 |       50 |   16.66 |   45.45 | 9-11,18-20                                                                          
 MyBusinessUI/screens                        |   25.48 |    23.09 |    15.1 |    26.1 |                                                                                     
  AddContributionScreen.tsx                  |       0 |        0 |       0 |       0 | 25-139                                                                              
  AddExpenseScreen.tsx                       |   46.15 |    31.76 |   28.57 |   47.79 | 102-103,119-120,123,131,137,153-173,192,196-197,201-245,251-282,286-287,294,332-494 
  AddExpenseTypeScreen.tsx                   |       0 |        0 |       0 |       0 | 27-120                                                                              
  AddRoleScreen.tsx                          |       0 |        0 |       0 |       0 | 18-48                                                                               
  AddSaleScreen.tsx                          |   78.75 |    66.66 |   54.54 |   80.51 | 87-88,101,112,125,135-136,139-140,144-145,162-165,192                               
  AddTagScreen.tsx                           |       0 |        0 |       0 |       0 | 17-47                                                                               
  AddUserScreen.tsx                          |   71.25 |    72.09 |   36.84 |   73.68 | 77,82,116,122,133-134,170,179-187,264-301                                           
  AddWorkScreen.tsx                          |   69.72 |       50 |   56.25 |    69.9 | 90-102,121,133,165-166,170,178,186,194-195,198-199,202-203,229-272                  
  AddWorkTypeScreen.tsx                      |       0 |        0 |       0 |       0 | 28-142                                                                              
  AdminScreen.tsx                            |       0 |        0 |       0 |       0 | 28-191                                                                              
  AllActivityScreen.tsx                      |       0 |        0 |       0 |       0 | 12-158                                                                              
  ContributionScreen.tsx                     |       0 |        0 |       0 |       0 | 24-147                                                                              
  EditProfileScreen.tsx                      |       0 |      100 |       0 |       0 | 5-24                                                                                
  EditRoleScreen.tsx                         |       0 |        0 |       0 |       0 | 31-212                                                                              
  ExpenseScreen.tsx                          |   45.83 |       40 |      35 |   47.82 | 45,49,71-92,102-104,115-117,121-136,141,145-156,171-174                             
  ExpenseSelectionScreen.tsx                 |       0 |        0 |       0 |       0 | 23-291                                                                              
  ExpenseTypeReportScreen.tsx                |       0 |        0 |       0 |       0 | 39-451                                                                              
  ExpenseTypesScreen.tsx                     |       0 |        0 |       0 |       0 | 18-121                                                                              
  HomeScreen.tsx                             |   57.97 |    38.46 |      44 |   58.82 | 61-69,87-88,103-105,110-122,135-175,252-280,331                                     
  ImpersonationScreen.tsx                    |       0 |        0 |       0 |       0 | 33-229                                                                              
  LoginScreen.tsx                            |    73.8 |    78.57 |   58.33 |    75.6 | 50-51,61,69,74-75,89-119                                                            
  ReportScreen.tsx                           |    67.3 |       50 |      50 |    67.3 | 73,81-82,98-107,112-120,255-258                                                     
  RolesScreen.tsx                            |       0 |        0 |       0 |       0 | 18-158                                                                              
  SalesScreen.tsx                            |       0 |        0 |       0 |       0 | 22-112                                                                              
  SettlementScreen.tsx                       |       0 |        0 |       0 |       0 | 43-572                                                                              
  TagsScreen.tsx                             |       0 |        0 |       0 |       0 | 17-78                                                                               
  UserReportScreen.tsx                       |   73.21 |    65.33 |   54.54 |   75.23 | 138,143-146,158-168,173,177-178,183-184,188-189,221,259-339                         
  UsersScreen.tsx                            |       0 |        0 |       0 |       0 | 20-150                                                                              
  WorkLedgerScreen.tsx                       |       0 |        0 |       0 |       0 | 33-565                                                                              
  WorkTypeScreen.tsx                         |       0 |      100 |       0 |       0 | 13-31                                                                               
  WorksScreen.tsx                            |       0 |        0 |       0 |       0 | 24-210                                                                              
 MyBusinessUI/services                       |   14.97 |        8 |   13.79 |    14.4 |                                                                                     
  AdminService.ts                            |       0 |      100 |       0 |       0 | 6-25                                                                                
  BalanceService.ts                          |      40 |        0 |     100 |      40 | 30-33                                                                               
  ContributionService.ts                     |       0 |        0 |       0 |       0 | 4-39                                                                                
  DashboardService.ts                        |   33.33 |    16.66 |     100 |   33.33 | 26-29,39-42                                                                         
  ExpenseService.ts                          |       8 |        0 |       0 |       8 | 8-65                                                                                
  ExpenseTypesService.ts                     |       0 |        0 |       0 |       0 | 5-32                                                                                
  LoginService.ts                            |   85.71 |       75 |     100 |   83.33 | 16                                                                                  
  NetworkInterceptor.ts                      |   71.42 |       40 |   66.66 |      76 | 21,41,46-51,58                                                                      
  ReportService.ts                           |       0 |        0 |       0 |       0 | 5-131                                                                               
  RolesService.ts                            |       0 |        0 |       0 |       0 | 5-39                                                                                
  SaleService.ts                             |    9.09 |        0 |       0 |    9.09 | 8-50                                                                                
  TagsService.ts                             |       0 |        0 |       0 |       0 | 4-18                                                                                
  UserService.ts                             |    5.26 |        0 |       0 |    5.26 | 7-54                                                                                
  WorkService.ts                             |    3.44 |        0 |       0 |    3.44 | 6-65                                                                                
 MyBusinessUI/src                            |     100 |      100 |     100 |     100 |                                                                                     
  app-env.config.ts                          |     100 |      100 |     100 |     100 |                                                                                     
 MyBusinessUI/src/components                 |       0 |        0 |       0 |       0 |                                                                                     
  AppContent.tsx                             |       0 |        0 |       0 |       0 | 47-248                                                                              
 MyBusinessUI/src/components/admin           |       0 |        0 |       0 |       0 |                                                                                     
  AdminStack.tsx                             |       0 |      100 |       0 |       0 | 9-15                                                                                
  WorkTypeScreen.tsx                         |       0 |        0 |       0 |       0 | 22-77                                                                               
 MyBusinessUI/src/components/common          |   27.68 |    17.17 |   18.98 |   28.57 |                                                                                     
  CommonAddFormInputs.tsx                    |   85.71 |       70 |      75 |      90 | 59-60                                                                               
  CustomDateRange.tsx                        |       0 |        0 |       0 |       0 | 11-40                                                                               
  CustomDrawerContent.tsx                    |       0 |        0 |       0 |       0 | 30-77                                                                               
  CustomHeader.tsx                           |       0 |        0 |       0 |       0 | 20-52                                                                               
  EventEmitter.ts                            |   55.55 |       50 |      40 |      60 | 24-33                                                                               
  ItemsList.tsx                              |      54 |    14.28 |   30.76 |   56.25 | 67-76,99-100,109,113-127,138-162                                                    
  Loading.tsx                                |       0 |      100 |       0 |       0 | 5-8                                                                                 
  LoadingError.tsx                           |       0 |        0 |       0 |       0 | 10-72                                                                               
  NumericInput.tsx                           |      20 |        0 |       0 |      20 | 22-32                                                                               
  ProfilePicture.tsx                         |       0 |        0 |       0 |       0 | 12-36                                                                               
  SwitchInputDynamicLabel.tsx                |       0 |        0 |       0 |       0 | 12-24                                                                               
  TagsSelectorButton.tsx                     |    62.5 |       80 |      50 |    62.5 | 24-26                                                                               
  UserRemainingAmount.tsx                    |       0 |        0 |       0 |       0 | 12-40                                                                               
  UsersSelector.tsx                          |       0 |        0 |       0 |       0 | 14-74                                                                               
  WorkTypeList.tsx                           |       0 |        0 |       0 |       0 | 19-85                                                                               
  useEventListner.ts                         |   85.71 |      100 |   83.33 |   85.71 | 21                                                                                  
 MyBusinessUI/src/components/common/user     |       0 |        0 |       0 |       0 |                                                                                     
  UserSelectorList.tsx                       |       0 |        0 |       0 |       0 | 27-118                                                                              
 MyBusinessUI/src/components/common/work     |   23.21 |       20 |   16.66 |   23.63 |                                                                                     
  AddWorkInputs.tsx                          |   78.57 |     62.5 |     100 |   78.57 | 34-35,40                                                                            
  WorkItemWithActions.tsx                    |       0 |        0 |       0 |       0 | 36-110                                                                              
  WorkTypeDropDownItem.tsx                   |      25 |        0 |       0 |      25 | 21-39                                                                               
 MyBusinessUI/src/components/config          |       0 |      100 |     100 |       0 |                                                                                     
  linking.config.ts                          |       0 |      100 |     100 |       0 | 7                                                                                   
 MyBusinessUI/src/components/dashboard       |       0 |        0 |       0 |       0 |                                                                                     
  BalanceOverviewCard.tsx                    |       0 |        0 |       0 |       0 | 23-292                                                                              
  DashboardScreen.tsx                        |       0 |      100 |       0 |       0 | 7-37                                                                                
  DashboardService.ts                        |       0 |        0 |       0 |       0 | 16-41                                                                               
  DashboardStack.tsx                         |       0 |      100 |       0 |       0 | 8-14                                                                                
  EnhancedLineChart.tsx                      |       0 |        0 |       0 |       0 | 16-246                                                                              
  LineChartScreen.tsx                        |       0 |        0 |       0 |       0 | 13-74                                                                               
  ModernDashboardScreen.tsx                  |       0 |        0 |       0 |       0 | 20-171                                                                              
  MonthlyComparisonCard.tsx                  |       0 |        0 |       0 |       0 | 18-221                                                                              
  PieChartSection.tsx                        |       0 |        0 |       0 |       0 | 16-212                                                                              
  QuickStatsCard.tsx                         |       0 |        0 |       0 |       0 | 16-70                                                                               
  QuickStatsSection.tsx                      |       0 |        0 |       0 |       0 | 8-96                                                                                
  RecentActivityFeed.tsx                     |       0 |        0 |       0 |       0 | 24-289                                                                              
  SummaryByType.tsx                          |       0 |        0 |       0 |       0 | 21-150                                                                              
  SummaryInsightsCard.tsx                    |       0 |        0 |       0 |       0 | 19-317                                                                              
  TopCategoriesCard.tsx                      |       0 |        0 |       0 |       0 | 17-282                                                                              
  TopPerformersCarousel.tsx                  |       0 |        0 |       0 |       0 | 21-303                                                                              
  TransactionsByType.tsx                     |       0 |        0 |       0 |       0 | 19-65                                                                               
  UserPerformanceChart.tsx                   |       0 |        0 |       0 |       0 | 18-248                                                                              
  WeeklyTrendCard.tsx                        |       0 |        0 |       0 |       0 | 17-281                                                                              
  types.tsx                                  |       0 |        0 |       0 |       0 |                                                                                     
 MyBusinessUI/src/components/expense         |       0 |      100 |       0 |       0 |                                                                                     
  ExpenseStack.tsx                           |       0 |      100 |       0 |       0 | 12-40                                                                               
  ExpenseTypeStack.tsx                       |       0 |      100 |       0 |       0 | 8-14                                                                                
 MyBusinessUI/src/components/header          |       0 |      100 |       0 |       0 |                                                                                     
  DrawerToggler.tsx                          |       0 |      100 |       0 |       0 | 10-15                                                                               
 MyBusinessUI/src/components/home            |   33.92 |    21.42 |   26.66 |   37.25 |                                                                                     
  HomeStack.tsx                              |       0 |      100 |       0 |       0 | 8-34                                                                                
  QuickActions.tsx                           |     100 |      100 |     100 |     100 |                                                                                     
  RecentActivityFeed.tsx                     |    25.8 |       15 |   16.66 |   30.76 | 32-44,48,55-58,161-164                                                              
  SummaryBanner.tsx                          |   46.15 |     37.5 |      50 |   46.15 | 13-19,38-40                                                                         
 MyBusinessUI/src/components/middleman       |       0 |        0 |       0 |       0 |                                                                                     
  AddReceiver.tsx                            |       0 |      100 |       0 |       0 | 16-48                                                                               
  AddSender.tsx                              |       0 |      100 |       0 |       0 | 16-38                                                                               
  AddWorkInputs.tsx                          |       0 |        0 |       0 |       0 | 20-115                                                                              
  MiddleManService.ts                        |       0 |        0 |       0 |       0 | 4-18                                                                                
  MiddleManStack.tsx                         |       0 |      100 |       0 |       0 | 13-19                                                                               
  Sale.tsx                                   |       0 |        0 |       0 |       0 | 12-102                                                                              
  WorkAndSale.tsx                            |       0 |        0 |       0 |       0 | 16-84                                                                               
  WorkAndSaleList.tsx                        |       0 |      100 |       0 |       0 | 17-55                                                                               
  WorkList.tsx                               |       0 |      100 |       0 |       0 | 30-60                                                                               
  WorkTypeList.tsx                           |       0 |      100 |       0 |       0 | 20-91                                                                               
  atom.ts                                    |       0 |      100 |     100 |       0 | 4-9                                                                                 
 MyBusinessUI/src/components/profile         |       0 |      100 |       0 |       0 |                                                                                     
  ProfileStack.tsx                           |       0 |      100 |       0 |       0 | 9-15                                                                                
 MyBusinessUI/src/components/report          |       0 |        0 |       0 |       0 |                                                                                     
  Calculator.tsx                             |       0 |        0 |       0 |       0 | 35-340                                                                              
  NumericInput.tsx                           |       0 |      100 |       0 |       0 | 10-29                                                                               
  ReportStack.tsx                            |       0 |      100 |       0 |       0 | 7-13                                                                                
  types.ts                                   |       0 |        0 |       0 |       0 |                                                                                     
 MyBusinessUI/src/components/roles           |       0 |      100 |       0 |       0 |                                                                                     
  RoleStack.tsx                              |       0 |      100 |       0 |       0 | 8-14                                                                                
 MyBusinessUI/src/components/sale            |       0 |      100 |       0 |       0 |                                                                                     
  SaleStack.tsx                              |       0 |      100 |       0 |       0 | 7-13                                                                                
 MyBusinessUI/src/components/tags            |       0 |        0 |       0 |       0 |                                                                                     
  TagsSelector.tsx                           |       0 |        0 |       0 |       0 | 37-54                                                                               
  TagsStack.tsx                              |       0 |      100 |       0 |       0 | 8-14                                                                                
 MyBusinessUI/src/components/users           |   35.21 |    17.64 |   15.78 |   35.71 |                                                                                     
  ReportHeader.tsx                           |       0 |        0 |       0 |       0 | 24-89                                                                               
  UserService.ts                             |       0 |        0 |       0 |       0 | 4-25                                                                                
  UserSummary.tsx                            |   69.44 |       30 |   42.85 |   69.44 | 43-53,62,76,80-82,209                                                               
  UsersStack.tsx                             |       0 |      100 |       0 |       0 | 11-31                                                                               
  report-summary.model.ts                    |       0 |        0 |       0 |       0 |                                                                                     
 MyBusinessUI/src/components/work            |       0 |      100 |       0 |       0 |                                                                                     
  WorkStack.tsx                              |       0 |      100 |       0 |       0 | 17-47                                                                               
 MyBusinessUI/src/components/work/AddWork    |    8.88 |        0 |    7.14 |   10.52 |                                                                                     
  WorkTypeSelectorButton.tsx                 |   61.53 |      100 |   33.33 |   61.53 | 28-29,34-37                                                                         
  WorkTypeSelectorList.tsx                   |       0 |        0 |       0 |       0 | 34-213                                                                              
  atom.ts                                    |       0 |      100 |     100 |       0 | 4                                                                                   
 MyBusinessUI/src/components/work/Attendance |       0 |        0 |       0 |       0 |                                                                                     
  AttendanceConfirmation.tsx                 |       0 |        0 |       0 |       0 | 34-193                                                                              
  AttendanceConfirmationUser.tsx             |       0 |        0 |       0 |       0 | 15-89                                                                               
  AttendanceEditor.tsx                       |       0 |        0 |       0 |       0 | 14-85                                                                               
  AttendanceScreen.tsx                       |       0 |      100 |       0 |       0 | 25-91                                                                               
  AttendanceService.ts                       |       0 |        0 |       0 |       0 | 4-10                                                                                
  AttendanceUserItem.tsx                     |       0 |        0 |       0 |       0 | 13-68                                                                               
 MyBusinessUI/src/components/work/BatchEdit  |       0 |        0 |       0 |       0 |                                                                                     
  UserWorksList.tsx                          |       0 |        0 |       0 |       0 | 18-146                                                                              
  WorkersList.tsx                            |       0 |        0 |       0 |       0 | 17-67                                                                               
  atom.ts                                    |       0 |      100 |     100 |       0 | 4                                                                                   
  types.ts                                   |       0 |        0 |       0 |       0 |                                                                                     
 MyBusinessUI/src/constants                  |     100 |      100 |     100 |     100 |                                                                                     
  filter.ts                                  |     100 |      100 |     100 |     100 |                                                                                     
  labels.ts                                  |     100 |      100 |     100 |     100 |                                                                                     
 MyBusinessUI/src/notifications              |       0 |      100 |       0 |       0 |                                                                                     
  Notification.tsx                           |       0 |      100 |       0 |       0 | 8-31                                                                                
 MyBusinessUI/src/service                    |       0 |        0 |       0 |       0 |                                                                                     
  FilterService.ts                           |       0 |        0 |       0 |       0 | 4-44                                                                                
 MyBusinessUI/src/styles                     |   90.62 |      100 |     100 |   90.62 |                                                                                     
  colors.ts                                  |     100 |      100 |     100 |     100 |                                                                                     
  commonAddScreenStyles.ts                   |     100 |      100 |     100 |     100 |                                                                                     
  commonItemStyles.ts                        |     100 |      100 |     100 |     100 |                                                                                     
  commonScreenStyles.ts                      |     100 |      100 |     100 |     100 |                                                                                     
  commonStyles.ts                            |     100 |      100 |     100 |     100 |                                                                                     
  constants.ts                               |     100 |      100 |     100 |     100 |                                                                                     
  homeScreenStyles.ts                        |       0 |      100 |     100 |       0 | 5-10                                                                                
  theme.ts                                   |     100 |      100 |     100 |     100 |                                                                                     
 MyBusinessUI/src/util                       |   11.42 |    16.66 |    12.5 |   11.76 |                                                                                     
  Calculation.ts                             |       0 |      100 |       0 |       0 | 2-12                                                                                
  Navigation.ts                              |       0 |        0 |       0 |       0 | 5-48                                                                                
  Notification.ts                            |       0 |        0 |       0 |       0 | 8-72                                                                                
  SaveToken.ts                               |     100 |       75 |     100 |     100 | 5                                                                                   
  UploadImgtoImgBB.ts                        |    3.84 |        0 |       0 |       4 | 4-50                                                                                
  Work.ts                                    |     100 |       50 |     100 |     100 | 6                                                                                   
 MyBusinessUI/types                          |       0 |        0 |       0 |       0 |                                                                                     
  BaseTransaction.ts                         |       0 |        0 |       0 |       0 |                                                                                     
  Sale.ts                                    |       0 |        0 |       0 |       0 |                                                                                     
  common.ts                                  |       0 |        0 |       0 |       0 |                                                                                     
  contribution.ts                            |       0 |        0 |       0 |       0 |                                                                                     
  expenses.ts                                |       0 |        0 |       0 |       0 |                                                                                     
  filter.ts                                  |       0 |        0 |       0 |       0 |                                                                                     
  index.ts                                   |       0 |        0 |       0 |       0 |                                                                                     
  middleMan.ts                               |       0 |        0 |       0 |       0 |                                                                                     
  report.ts                                  |       0 |        0 |       0 |       0 |                                                                                     
  roles.ts                                   |       0 |        0 |       0 |       0 |                                                                                     
  tag.ts                                     |       0 |        0 |       0 |       0 |                                                                                     
  upload.ts                                  |       0 |        0 |       0 |       0 |                                                                                     
  users.ts                                   |       0 |        0 |       0 |       0 |                                                                                     
  work.ts                                    |       0 |        0 |       0 |       0 |                                                                                     
---------------------------------------------|---------|----------|---------|---------|-------------------------------------------------------------------------------------
Test Suites: 5 failed, 7 passed, 12 total
Tests:       10 failed, 32 passed, 42 total
Snapshots:   0 total
Time:        6.243 s
Ran all test suites.
